03:58:43.105 | WARNING | pint.util - Redefining 'percent' (<class 'pint.delegates.txt_defparser.plain.UnitDefinition'>)
03:58:43.107 | WARNING | pint.util - Redefining '%' (<class 'pint.delegates.txt_defparser.plain.UnitDefinition'>)
03:58:43.108 | WARNING | pint.util - Redefining 'year' (<class 'pint.delegates.txt_defparser.plain.UnitDefinition'>)
03:58:43.108 | WARNING | pint.util - Redefining 'yr' (<class 'pint.delegates.txt_defparser.plain.UnitDefinition'>)
03:58:43.109 | WARNING | pint.util - Redefining 'C' (<class 'pint.delegates.txt_defparser.plain.UnitDefinition'>)
03:58:43.109 | WARNING | pint.util - Redefining 'd' (<class 'pint.delegates.txt_defparser.plain.UnitDefinition'>)
03:58:43.109 | WARNING | pint.util - Redefining 'h' (<class 'pint.delegates.txt_defparser.plain.UnitDefinition'>)
03:58:43.110 | WARNING | pint.util - Redefining 'degrees_north' (<class 'pint.delegates.txt_defparser.plain.UnitDefinition'>)
03:58:43.110 | WARNING | pint.util - Redefining 'degrees_east' (<class 'pint.delegates.txt_defparser.plain.UnitDefinition'>)
03:58:43.111 | WARNING | pint.util - Redefining 'degrees' (<class 'pint.delegates.txt_defparser.plain.UnitDefinition'>)
03:58:43.111 | WARNING | pint.util - Redefining '[speed]' (<class 'pint.delegates.txt_defparser.plain.DerivedDimensionDefinition'>)
[03/13/26 03:58:43] WARNING  Import(s) unavailable to set up matplotlib support...skipping this portion of the setup.                                                                                                                    logging.py:10
Traceback (most recent call last):
  File "/work/ab0246/a270092/software/miniforge3/envs/pycmor_env/bin/pycmor", line 3, in <module>
    from pycmor.cli import main
  File "/work/ab0246/a270092/software/pycmor/src/pycmor/cli.py", line 16, in <module>
    from .core.cmorizer import CMORizer
  File "/work/ab0246/a270092/software/pycmor/src/pycmor/core/cmorizer.py", line 74, in <module>
    class CMORizer:
  File "/work/ab0246/a270092/software/pycmor/src/pycmor/core/cmorizer.py", line 743, in CMORizer
    def check_prefect(self):
TypeError: flow() takes 0 positional arguments but 1 was given
