04:47:10.751 | WARNING | pint.util - Redefining 'percent' (<class 'pint.delegates.txt_defparser.plain.UnitDefinition'>)
04:47:10.753 | WARNING | pint.util - Redefining '%' (<class 'pint.delegates.txt_defparser.plain.UnitDefinition'>)
04:47:10.753 | WARNING | pint.util - Redefining 'year' (<class 'pint.delegates.txt_defparser.plain.UnitDefinition'>)
04:47:10.754 | WARNING | pint.util - Redefining 'yr' (<class 'pint.delegates.txt_defparser.plain.UnitDefinition'>)
04:47:10.754 | WARNING | pint.util - Redefining 'C' (<class 'pint.delegates.txt_defparser.plain.UnitDefinition'>)
04:47:10.755 | WARNING | pint.util - Redefining 'd' (<class 'pint.delegates.txt_defparser.plain.UnitDefinition'>)
04:47:10.755 | WARNING | pint.util - Redefining 'h' (<class 'pint.delegates.txt_defparser.plain.UnitDefinition'>)
04:47:10.755 | WARNING | pint.util - Redefining 'degrees_north' (<class 'pint.delegates.txt_defparser.plain.UnitDefinition'>)
04:47:10.756 | WARNING | pint.util - Redefining 'degrees_east' (<class 'pint.delegates.txt_defparser.plain.UnitDefinition'>)
04:47:10.756 | WARNING | pint.util - Redefining 'degrees' (<class 'pint.delegates.txt_defparser.plain.UnitDefinition'>)
04:47:10.757 | WARNING | pint.util - Redefining '[speed]' (<class 'pint.delegates.txt_defparser.plain.DerivedDimensionDefinition'>)
[03/13/26 04:47:10] WARNING  Import(s) unavailable to set up matplotlib support...skipping this portion of the setup.                                                                                                                    logging.py:10
Command line: "/work/ab0246/a270092/software/miniforge3/envs/pycmor_env/bin/pycmor --verbose process cmorize_sst.yaml"
pycmor version 1.0.2+25.ga48b1ea.dirty
Run started at 2026-03-13 04:47:11
Processing cmorize_sst.yaml
################################################################################
---------------------
General Configuration
---------------------
CMIP_Tables_Dir: /work/ab0246/a270092/software/pycmor/src/pycmor/data/cmip7
CV_Dir: /work/ab0246/a270077/SciComp/Projects/pycmor/cmip6-cmor-tables/CMIP6_CVs
cmor_version: CMIP7
description: CMIP7 CMORization of SST for AWI-ESM3-VEG-LR piControl experiment
email: jan.streffing@awi.de
maintainer: Jan Streffing
mip: CMIP
name: AWI-ESM3-VEG-LR PI Control SST

--------------------
PyCMOR Configuration:
--------------------
DASK_CLUSTER: local
DASK_CLUSTER_SCALING_FIXED_JOBS: '5'
DASK_CLUSTER_SCALING_MAXIMUM_JOBS: '10'
DASK_CLUSTER_SCALING_MINIMUM_JOBS: '1'
DASK_CLUSTER_SCALING_MODE: adapt
DIMENSIONLESS_MAPPING_TABLE: /work/ab0246/a270092/software/pycmor/src/pycmor/data/dimensionless_mappings.yaml
ENABLE_DASK: 'False'
ENABLE_FLOX: 'yes'
ENABLE_OUTPUT_SUBDIRS: 'no'
FILE_TIMESPAN: 1YS
PARALLEL: 'False'
PARALLEL_BACKEND: dask
PIPELINE_WORKFLOW_ORCHESTRATOR: native
PREFECT_TASK_RUNNER: thread_pool
QUIET: 'False'
RAISE_ON_NO_RULE: 'no'
WARN_ON_NO_RULE: 'False'
XARRAY_DEFAULT_MISSING_VALUE: 1e+30
XARRAY_OPEN_MFDATASET_ENGINE: netcdf4
XARRAY_OPEN_MFDATASET_PARALLEL: 'False'
XARRAY_SKIP_UNIT_ATTR_FROM_DRV: 'yes'
XARRAY_TIME_DTYPE: float64
XARRAY_TIME_ENABLE_SET_AXIS: 'yes'
XARRAY_TIME_REMOVE_FILL_VALUE_ATTR: 'yes'
XARRAY_TIME_SET_LONG_NAME: 'yes'
XARRAY_TIME_SET_STANDARD_NAME: 'yes'
XARRAY_TIME_TAXIS_STR: T
XARRAY_TIME_UNLIMITED: 'yes'

################################################################################
Setting Dask cluster cluster=None in context!
Removing Dask cluster from context!
...post-init done!
╭─────────────────────────────── Traceback (most recent call last) ────────────────────────────────╮
│ /work/ab0246/a270092/software/miniforge3/envs/pycmor_env/bin/pycmor:7 in <module>                │
│                                                                                                  │
│   4 if __name__ == '__main__':                                                                   │
│   5 │   if sys.argv[0].endswith('.exe'):                                                         │
│   6 │   │   sys.argv[0] = sys.argv[0][:-4]                                                       │
│ ❱ 7 │   sys.exit(main())                                                                         │
│   8                                                                                              │
│                                                                                                  │
│ ╭──────────── locals ─────────────╮                                                              │
│ │ sys = <module 'sys' (built-in)> │                                                              │
│ ╰─────────────────────────────────╯                                                              │
│                                                                                                  │
│ /work/ab0246/a270092/software/pycmor/src/pycmor/cli.py:359 in main                               │
│                                                                                                  │
│   356 │   for entry_point_name, entry_point in find_subcommands().items():                       │
│   357 │   │   cli.add_command(entry_point["callable"], name=entry_point_name)                    │
│   358 │   # Prefer new env var prefix, but keep backward compatibility                           │
│ ❱ 359 │   cli(auto_envvar_prefix="PYCMOR")                                                       │
│   360                                                                                            │
│   361                                                                                            │
│   362 if __name__ == "__main__":                                                                 │
│                                                                                                  │
│ ╭─────────────────────────────────── locals ────────────────────────────────────╮                │
│ │      entry_point = {'plugin_name': 'pycmor', 'callable': <RichGroup plugins>} │                │
│ │ entry_point_name = 'plugins'                                                  │                │
│ ╰───────────────────────────────────────────────────────────────────────────────╯                │
│                                                                                                  │
│                                     ... 7 frames hidden ...                                      │
│                                                                                                  │
│ /work/ab0246/a270092/software/pycmor/src/pycmor/cli.py:107 in process                            │
│                                                                                                  │
│   104 │   logger.info(f"Processing {config_file}")                                               │
│   105 │   with open(config_file, "r") as f:                                                      │
│   106 │   │   cfg = yaml.safe_load(f)                                                            │
│ ❱ 107 │   cmorizer = CMORizer.from_dict(cfg)                                                     │
│   108 │   client = Client(cmorizer._cluster)  # noqa: F841                                       │
│   109 │   cmorizer.process()                                                                     │
│   110                                                                                            │
│                                                                                                  │
│ ╭─────────────────────────────────────────── locals ───────────────────────────────────────────╮ │
│ │         cfg = {                                                                              │ │
│ │               │   'general': {                                                               │ │
│ │               │   │   'name': 'AWI-ESM3-VEG-LR PI Control SST',                              │ │
│ │               │   │   'description': 'CMIP7 CMORization of SST for AWI-ESM3-VEG-LR piControl │ │
│ │               experiment',                                                                   │ │
│ │               │   │   'maintainer': 'Jan Streffing',                                         │ │
│ │               │   │   'email': 'jan.streffing@awi.de',                                       │ │
│ │               │   │   'cmor_version': 'CMIP7',                                               │ │
│ │               │   │   'mip': 'CMIP',                                                         │ │
│ │               │   │   'CV_Dir':                                                              │ │
│ │               '/work/ab0246/a270077/SciComp/Projects/pycmor/cmip6-cmor-tables/CMIP6_CVs',    │ │
│ │               │   │   'CMIP_Tables_Dir':                                                     │ │
│ │               '/work/ab0246/a270092/software/pycmor/src/pycmor/data/cmip7',                  │ │
│ │               │   │   'tables': {                                                            │ │
│ │               │   │   │   'IfxGre': CMIP7DataRequestTable(),                                 │ │
│ │               │   │   │   'Eday': CMIP7DataRequestTable(),                                   │ │
│ │               │   │   │   'CFday': CMIP7DataRequestTable(),                                  │ │
│ │               │   │   │   '6hrPlev': CMIP7DataRequestTable(),                                │ │
│ │               │   │   │   'fx': CMIP7DataRequestTable(),                                     │ │
│ │               │   │   │   '3hr': CMIP7DataRequestTable(),                                    │ │
│ │               │   │   │   '6hrLev': CMIP7DataRequestTable(),                                 │ │
│ │               │   │   │   'AERhr': CMIP7DataRequestTable(),                                  │ │
│ │               │   │   │   'CF3hr': CMIP7DataRequestTable(),                                  │ │
│ │               │   │   │   'Oyr': CMIP7DataRequestTable(),                                    │ │
│ │               │   │   │   ... +33                                                            │ │
│ │               │   │   }                                                                      │ │
│ │               │   },                                                                         │ │
│ │               │   'pycmor': {                                                                │ │
│ │               │   │   'warn_on_no_rule': False,                                              │ │
│ │               │   │   'use_flox': False,                                                     │ │
│ │               │   │   'parallel': False,                                                     │ │
│ │               │   │   'enable_dask': False,                                                  │ │
│ │               │   │   'xarray_open_mfdataset_parallel': False,                               │ │
│ │               │   │   'pipeline_workflow_orchestrator': 'native'                             │ │
│ │               │   },                                                                         │ │
│ │               │   'pipelines': [                                                             │ │
│ │               │   │   {                                                                      │ │
│ │               │   │   │   'name': 'default',                                                 │ │
│ │               │   │   │   'steps': [                                                         │ │
│ │               │   │   │   │   'pycmor.core.gather_inputs.load_mfdataset',                    │ │
│ │               │   │   │   │   'pycmor.std_lib.get_variable',                                 │ │
│ │               │   │   │   │   'pycmor.std_lib.variable_attributes.set_variable_attrs',       │ │
│ │               │   │   │   │   'pycmor.std_lib.convert_units',                                │ │
│ │               │   │   │   │   'pycmor.std_lib.setgrid.setgrid',                              │ │
│ │               │   │   │   │   'pycmor.std_lib.set_global_attributes',                        │ │
│ │               │   │   │   │   'pycmor.std_lib.trigger_compute',                              │ │
│ │               │   │   │   │   'pycmor.std_lib.files.save_dataset'                            │ │
│ │               │   │   │   ]                                                                  │ │
│ │               │   │   },                                                                     │ │
│ │               │   │   {                                                                      │ │
│ │               │   │   │   'name': 'regridded',                                               │ │
│ │               │   │   │   'steps': [                                                         │ │
│ │               │   │   │   │   'pycmor.core.gather_inputs.load_mfdataset',                    │ │
│ │               │   │   │   │   'pycmor.std_lib.get_variable',                                 │ │
│ │               │   │   │   │   'pycmor.std_lib.variable_attributes.set_variable_attrs',       │ │
│ │               │   │   │   │   'pycmor.std_lib.convert_units',                                │ │
│ │               │   │   │   │   'pycmor.fesom_2p1.regridding.regrid_to_regular',               │ │
│ │               │   │   │   │   'pycmor.std_lib.set_global_attributes',                        │ │
│ │               │   │   │   │   'pycmor.std_lib.trigger_compute',                              │ │
│ │               │   │   │   │   'pycmor.std_lib.files.save_dataset'                            │ │
│ │               │   │   │   ]                                                                  │ │
│ │               │   │   }                                                                      │ │
│ │               │   ],                                                                         │ │
│ │               │   'rules': [                                                                 │ │
│ │               │   │   {                                                                      │ │
│ │               │   │   │   'description': 'Cmorize FESOM SST to CMIP7 tos on native grid',    │ │
│ │               │   │   │   'model_variable': 'sst',                                           │ │
│ │               │   │   │   'output_directory': './cmorized_output',                           │ │
│ │               │   │   │   'variant_label': 'r1i1p1f1',                                       │ │
│ │               │   │   │   'experiment_id': 'piControl',                                      │ │
│ │               │   │   │   'source_id': 'AWI-ESM3-VEG-LR',                                    │ │
│ │               │   │   │   'model_component': 'ocean',                                        │ │
│ │               │   │   │   'grid_label': 'gn',                                                │ │
│ │               │   │   │   'grid_file': '/work/ab0246/a270092/input/fesom2/dars2/mesh.nc'     │ │
│ │               │   │   },                                                                     │ │
│ │               │   │   {                                                                      │ │
│ │               │   │   │   'description': 'Cmorize FESOM SST to CMIP7 tos on 0.25° regular    │ │
│ │               grid',                                                                         │ │
│ │               │   │   │   'model_variable': 'sst',                                           │ │
│ │               │   │   │   'output_directory': './cmorized_output',                           │ │
│ │               │   │   │   'variant_label': 'r1i1p1f1',                                       │ │
│ │               │   │   │   'experiment_id': 'piControl',                                      │ │
│ │               │   │   │   'source_id': 'AWI-ESM3-VEG-LR',                                    │ │
│ │               │   │   │   'model_component': 'ocean',                                        │ │
│ │               │   │   │   'grid_label': 'gr',                                                │ │
│ │               │   │   │   'mesh_path': '/work/ab0246/a270092/input/fesom2/dars2',            │ │
│ │               │   │   │   'box': '-180, 180, -90, 90',                                       │ │
│ │               │   │   │   ... +1                                                             │ │
│ │               │   │   }                                                                      │ │
│ │               │   ]                                                                          │ │
│ │               }                                                                              │ │
│ │ config_file = 'cmorize_sst.yaml'                                                             │ │
│ │           f = <_io.TextIOWrapper name='cmorize_sst.yaml' mode='r' encoding='UTF-8'>          │ │
│ ╰──────────────────────────────────────────────────────────────────────────────────────────────╯ │
│                                                                                                  │
│ /work/ab0246/a270092/software/pycmor/src/pycmor/core/cmorizer.py:602 in from_dict                │
│                                                                                                  │
│   599 │   │   instance._post_init_inherit_rules()                                                │
│   600 │   │   if "pipelines" in data:                                                            │
│   601 │   │   │   if not PIPELINES_VALIDATOR.validate({"pipelines": data["pipelines"]}):         │
│ ❱ 602 │   │   │   │   raise ValueError(PIPELINES_VALIDATOR.errors)                               │
│   603 │   │   for pipeline in data.get("pipelines", []):                                         │
│   604 │   │   │   pipeline["workflow_backend"] = pipeline.get(                                   │
│   605 │   │   │   │   "workflow_backend",                                                        │
│                                                                                                  │
│ ╭─────────────────────────────────────────── locals ───────────────────────────────────────────╮ │
│ │       data = {                                                                               │ │
│ │              │   'general': {                                                                │ │
│ │              │   │   'name': 'AWI-ESM3-VEG-LR PI Control SST',                               │ │
│ │              │   │   'description': 'CMIP7 CMORization of SST for AWI-ESM3-VEG-LR piControl  │ │
│ │              experiment',                                                                    │ │
│ │              │   │   'maintainer': 'Jan Streffing',                                          │ │
│ │              │   │   'email': 'jan.streffing@awi.de',                                        │ │
│ │              │   │   'cmor_version': 'CMIP7',                                                │ │
│ │              │   │   'mip': 'CMIP',                                                          │ │
│ │              │   │   'CV_Dir':                                                               │ │
│ │              '/work/ab0246/a270077/SciComp/Projects/pycmor/cmip6-cmor-tables/CMIP6_CVs',     │ │
│ │              │   │   'CMIP_Tables_Dir':                                                      │ │
│ │              '/work/ab0246/a270092/software/pycmor/src/pycmor/data/cmip7',                   │ │
│ │              │   │   'tables': {                                                             │ │
│ │              │   │   │   'IfxGre': CMIP7DataRequestTable(),                                  │ │
│ │              │   │   │   'Eday': CMIP7DataRequestTable(),                                    │ │
│ │              │   │   │   'CFday': CMIP7DataRequestTable(),                                   │ │
│ │              │   │   │   '6hrPlev': CMIP7DataRequestTable(),                                 │ │
│ │              │   │   │   'fx': CMIP7DataRequestTable(),                                      │ │
│ │              │   │   │   '3hr': CMIP7DataRequestTable(),                                     │ │
│ │              │   │   │   '6hrLev': CMIP7DataRequestTable(),                                  │ │
│ │              │   │   │   'AERhr': CMIP7DataRequestTable(),                                   │ │
│ │              │   │   │   'CF3hr': CMIP7DataRequestTable(),                                   │ │
│ │              │   │   │   'Oyr': CMIP7DataRequestTable(),                                     │ │
│ │              │   │   │   ... +33                                                             │ │
│ │              │   │   }                                                                       │ │
│ │              │   },                                                                          │ │
│ │              │   'pycmor': {                                                                 │ │
│ │              │   │   'warn_on_no_rule': False,                                               │ │
│ │              │   │   'use_flox': False,                                                      │ │
│ │              │   │   'parallel': False,                                                      │ │
│ │              │   │   'enable_dask': False,                                                   │ │
│ │              │   │   'xarray_open_mfdataset_parallel': False,                                │ │
│ │              │   │   'pipeline_workflow_orchestrator': 'native'                              │ │
│ │              │   },                                                                          │ │
│ │              │   'pipelines': [                                                              │ │
│ │              │   │   {                                                                       │ │
│ │              │   │   │   'name': 'default',                                                  │ │
│ │              │   │   │   'steps': [                                                          │ │
│ │              │   │   │   │   'pycmor.core.gather_inputs.load_mfdataset',                     │ │
│ │              │   │   │   │   'pycmor.std_lib.get_variable',                                  │ │
│ │              │   │   │   │   'pycmor.std_lib.variable_attributes.set_variable_attrs',        │ │
│ │              │   │   │   │   'pycmor.std_lib.convert_units',                                 │ │
│ │              │   │   │   │   'pycmor.std_lib.setgrid.setgrid',                               │ │
│ │              │   │   │   │   'pycmor.std_lib.set_global_attributes',                         │ │
│ │              │   │   │   │   'pycmor.std_lib.trigger_compute',                               │ │
│ │              │   │   │   │   'pycmor.std_lib.files.save_dataset'                             │ │
│ │              │   │   │   ]                                                                   │ │
│ │              │   │   },                                                                      │ │
│ │              │   │   {                                                                       │ │
│ │              │   │   │   'name': 'regridded',                                                │ │
│ │              │   │   │   'steps': [                                                          │ │
│ │              │   │   │   │   'pycmor.core.gather_inputs.load_mfdataset',                     │ │
│ │              │   │   │   │   'pycmor.std_lib.get_variable',                                  │ │
│ │              │   │   │   │   'pycmor.std_lib.variable_attributes.set_variable_attrs',        │ │
│ │              │   │   │   │   'pycmor.std_lib.convert_units',                                 │ │
│ │              │   │   │   │   'pycmor.fesom_2p1.regridding.regrid_to_regular',                │ │
│ │              │   │   │   │   'pycmor.std_lib.set_global_attributes',                         │ │
│ │              │   │   │   │   'pycmor.std_lib.trigger_compute',                               │ │
│ │              │   │   │   │   'pycmor.std_lib.files.save_dataset'                             │ │
│ │              │   │   │   ]                                                                   │ │
│ │              │   │   }                                                                       │ │
│ │              │   ],                                                                          │ │
│ │              │   'rules': [                                                                  │ │
│ │              │   │   {                                                                       │ │
│ │              │   │   │   'description': 'Cmorize FESOM SST to CMIP7 tos on native grid',     │ │
│ │              │   │   │   'model_variable': 'sst',                                            │ │
│ │              │   │   │   'output_directory': './cmorized_output',                            │ │
│ │              │   │   │   'variant_label': 'r1i1p1f1',                                        │ │
│ │              │   │   │   'experiment_id': 'piControl',                                       │ │
│ │              │   │   │   'source_id': 'AWI-ESM3-VEG-LR',                                     │ │
│ │              │   │   │   'model_component': 'ocean',                                         │ │
│ │              │   │   │   'grid_label': 'gn',                                                 │ │
│ │              │   │   │   'grid_file': '/work/ab0246/a270092/input/fesom2/dars2/mesh.nc'      │ │
│ │              │   │   },                                                                      │ │
│ │              │   │   {                                                                       │ │
│ │              │   │   │   'description': 'Cmorize FESOM SST to CMIP7 tos on 0.25° regular     │ │
│ │              grid',                                                                          │ │
│ │              │   │   │   'model_variable': 'sst',                                            │ │
│ │              │   │   │   'output_directory': './cmorized_output',                            │ │
│ │              │   │   │   'variant_label': 'r1i1p1f1',                                        │ │
│ │              │   │   │   'experiment_id': 'piControl',                                       │ │
│ │              │   │   │   'source_id': 'AWI-ESM3-VEG-LR',                                     │ │
│ │              │   │   │   'model_component': 'ocean',                                         │ │
│ │              │   │   │   'grid_label': 'gr',                                                 │ │
│ │              │   │   │   'mesh_path': '/work/ab0246/a270092/input/fesom2/dars2',             │ │
│ │              │   │   │   'box': '-180, 180, -90, 90',                                        │ │
│ │              │   │   │   ... +1                                                              │ │
│ │              │   │   }                                                                       │ │
│ │              │   ]                                                                           │ │
│ │              }                                                                               │ │
│ │   instance = <pycmor.core.cmorizer.CMORizer object at 0x7f28a3f40190>                        │ │
│ │ pycmor_cfg = {                                                                               │ │
│ │              │   'warn_on_no_rule': False,                                                   │ │
│ │              │   'use_flox': False,                                                          │ │
│ │              │   'parallel': False,                                                          │ │
│ │              │   'enable_dask': False,                                                       │ │
│ │              │   'xarray_open_mfdataset_parallel': False,                                    │ │
│ │              │   'pipeline_workflow_orchestrator': 'native'                                  │ │
│ │              }                                                                               │ │
│ │       rule = {                                                                               │ │
│ │              │   'description': 'Cmorize FESOM SST to CMIP7 tos on 0.25° regular grid',      │ │
│ │              │   'model_variable': 'sst',                                                    │ │
│ │              │   'output_directory': './cmorized_output',                                    │ │
│ │              │   'variant_label': 'r1i1p1f1',                                                │ │
│ │              │   'experiment_id': 'piControl',                                               │ │
│ │              │   'source_id': 'AWI-ESM3-VEG-LR',                                             │ │
│ │              │   'model_component': 'ocean',                                                 │ │
│ │              │   'grid_label': 'gr',                                                         │ │
│ │              │   'mesh_path': '/work/ab0246/a270092/input/fesom2/dars2',                     │ │
│ │              │   'box': '-180, 180, -90, 90',                                                │ │
│ │              │   ... +1                                                                      │ │
│ │              }                                                                               │ │
│ │   rule_obj = <pycmor.core.rule.Rule object at 0x7f289f641940>                                │ │
│ ╰──────────────────────────────────────────────────────────────────────────────────────────────╯ │
╰──────────────────────────────────────────────────────────────────────────────────────────────────╯
ValueError: {'pipelines': [{1: [{'steps': [{4: ['Must be a valid Python qualname']}]}]}]}
