04:16:15.582 | WARNING | pint.util - Redefining 'percent' (<class 'pint.delegates.txt_defparser.plain.UnitDefinition'>)
04:16:15.584 | WARNING | pint.util - Redefining '%' (<class 'pint.delegates.txt_defparser.plain.UnitDefinition'>)
04:16:15.585 | WARNING | pint.util - Redefining 'year' (<class 'pint.delegates.txt_defparser.plain.UnitDefinition'>)
04:16:15.585 | WARNING | pint.util - Redefining 'yr' (<class 'pint.delegates.txt_defparser.plain.UnitDefinition'>)
04:16:15.585 | WARNING | pint.util - Redefining 'C' (<class 'pint.delegates.txt_defparser.plain.UnitDefinition'>)
04:16:15.586 | WARNING | pint.util - Redefining 'd' (<class 'pint.delegates.txt_defparser.plain.UnitDefinition'>)
04:16:15.586 | WARNING | pint.util - Redefining 'h' (<class 'pint.delegates.txt_defparser.plain.UnitDefinition'>)
04:16:15.586 | WARNING | pint.util - Redefining 'degrees_north' (<class 'pint.delegates.txt_defparser.plain.UnitDefinition'>)
04:16:15.587 | WARNING | pint.util - Redefining 'degrees_east' (<class 'pint.delegates.txt_defparser.plain.UnitDefinition'>)
04:16:15.587 | WARNING | pint.util - Redefining 'degrees' (<class 'pint.delegates.txt_defparser.plain.UnitDefinition'>)
04:16:15.588 | WARNING | pint.util - Redefining '[speed]' (<class 'pint.delegates.txt_defparser.plain.DerivedDimensionDefinition'>)
[03/13/26 04:16:15] WARNING  Import(s) unavailable to set up matplotlib support...skipping this portion of the setup.                                                                                                                    logging.py:10
Command line: "/work/ab0246/a270092/software/miniforge3/envs/pycmor_env/bin/pycmor --verbose process cmorize_sst.yaml"
pycmor version 1.0.2+22.g6ab5bb8.dirty
Run started at 2026-03-13 04:16:15
Processing cmorize_sst.yaml
################################################################################
---------------------
General Configuration
---------------------
CMIP_Tables_Dir: /work/ab0246/a270092/software/pycmor/src/pycmor/data/cmip7
CV_Dir: /work/ab0246/a270077/SciComp/Projects/pycmor/cmip6-cmor-tables/CMIP6_CVs
cmor_version: CMIP7
description: CMIP7 CMORization of SST for AWI-ESM3-VEG-LR piControl experiment
email: jan.streffing@awi.de
maintainer: Jan Streffing
mip: CMIP
name: AWI-ESM3-VEG-LR PI Control SST

--------------------
PyCMOR Configuration:
--------------------
DASK_CLUSTER: local
DASK_CLUSTER_SCALING_FIXED_JOBS: '5'
DASK_CLUSTER_SCALING_MAXIMUM_JOBS: '10'
DASK_CLUSTER_SCALING_MINIMUM_JOBS: '1'
DASK_CLUSTER_SCALING_MODE: adapt
DIMENSIONLESS_MAPPING_TABLE: /work/ab0246/a270092/software/pycmor/src/pycmor/data/dimensionless_mappings.yaml
ENABLE_DASK: 'False'
ENABLE_FLOX: 'yes'
ENABLE_OUTPUT_SUBDIRS: 'no'
FILE_TIMESPAN: 1YS
PARALLEL: 'False'
PARALLEL_BACKEND: dask
PIPELINE_WORKFLOW_ORCHESTRATOR: native
PREFECT_TASK_RUNNER: thread_pool
QUIET: 'False'
RAISE_ON_NO_RULE: 'no'
WARN_ON_NO_RULE: 'False'
XARRAY_DEFAULT_MISSING_VALUE: 1e+30
XARRAY_OPEN_MFDATASET_ENGINE: netcdf4
XARRAY_OPEN_MFDATASET_PARALLEL: 'False'
XARRAY_SKIP_UNIT_ATTR_FROM_DRV: 'yes'
XARRAY_TIME_DTYPE: float64
XARRAY_TIME_ENABLE_SET_AXIS: 'yes'
XARRAY_TIME_REMOVE_FILL_VALUE_ATTR: 'yes'
XARRAY_TIME_SET_LONG_NAME: 'yes'
XARRAY_TIME_SET_STANDARD_NAME: 'yes'
XARRAY_TIME_TAXIS_STR: T
XARRAY_TIME_UNLIMITED: 'yes'

################################################################################
Setting Dask cluster cluster=None in context!
Removing Dask cluster from context!
...post-init done!
Importing module 'pycmor.core.gather_inputs' to get callable 'load_mfdataset'
Importing module 'pycmor.std_lib' to get callable 'get_variable'
Importing module 'pycmor.std_lib' to get callable 'time_average'
Importing module 'pycmor.std_lib' to get callable 'convert_units'
Importing module 'pycmor.std_lib.setgrid' to get callable 'setgrid'
Importing module 'pycmor.std_lib' to get callable 'set_global_attributes'
Importing module 'pycmor.std_lib' to get callable 'trigger_compute'
Importing module 'pycmor.std_lib.files' to get callable 'save_dataset'
Setting Dask cluster cluster=None in context!
Removing Dask cluster from context!
Object creation done!
04:16:22.557 | WARNING | pint.util - Redefining 'percent' (<class 'pint.delegates.txt_defparser.plain.UnitDefinition'>)
04:16:22.559 | WARNING | pint.util - Redefining '%' (<class 'pint.delegates.txt_defparser.plain.UnitDefinition'>)
04:16:22.560 | WARNING | pint.util - Redefining 'year' (<class 'pint.delegates.txt_defparser.plain.UnitDefinition'>)
04:16:22.560 | WARNING | pint.util - Redefining 'yr' (<class 'pint.delegates.txt_defparser.plain.UnitDefinition'>)
04:16:22.560 | WARNING | pint.util - Redefining 'C' (<class 'pint.delegates.txt_defparser.plain.UnitDefinition'>)
04:16:22.561 | WARNING | pint.util - Redefining 'd' (<class 'pint.delegates.txt_defparser.plain.UnitDefinition'>)
04:16:22.559 | WARNING | pint.util - Redefining 'percent' (<class 'pint.delegates.txt_defparser.plain.UnitDefinition'>)
04:16:22.561 | WARNING | pint.util - Redefining 'h' (<class 'pint.delegates.txt_defparser.plain.UnitDefinition'>)
04:16:22.561 | WARNING | pint.util - Redefining '%' (<class 'pint.delegates.txt_defparser.plain.UnitDefinition'>)
04:16:22.562 | WARNING | pint.util - Redefining 'degrees_north' (<class 'pint.delegates.txt_defparser.plain.UnitDefinition'>)
04:16:22.562 | WARNING | pint.util - Redefining 'year' (<class 'pint.delegates.txt_defparser.plain.UnitDefinition'>)
04:16:22.562 | WARNING | pint.util - Redefining 'degrees_east' (<class 'pint.delegates.txt_defparser.plain.UnitDefinition'>)
04:16:22.562 | WARNING | pint.util - Redefining 'yr' (<class 'pint.delegates.txt_defparser.plain.UnitDefinition'>)
04:16:22.562 | WARNING | pint.util - Redefining 'degrees' (<class 'pint.delegates.txt_defparser.plain.UnitDefinition'>)
04:16:22.563 | WARNING | pint.util - Redefining 'C' (<class 'pint.delegates.txt_defparser.plain.UnitDefinition'>)
04:16:22.563 | WARNING | pint.util - Redefining '[speed]' (<class 'pint.delegates.txt_defparser.plain.DerivedDimensionDefinition'>)
04:16:22.563 | WARNING | pint.util - Redefining 'd' (<class 'pint.delegates.txt_defparser.plain.UnitDefinition'>)
04:16:22.563 | WARNING | pint.util - Redefining 'h' (<class 'pint.delegates.txt_defparser.plain.UnitDefinition'>)
04:16:22.564 | WARNING | pint.util - Redefining 'degrees_north' (<class 'pint.delegates.txt_defparser.plain.UnitDefinition'>)
04:16:22.564 | WARNING | pint.util - Redefining 'degrees_east' (<class 'pint.delegates.txt_defparser.plain.UnitDefinition'>)
04:16:22.565 | WARNING | pint.util - Redefining 'degrees' (<class 'pint.delegates.txt_defparser.plain.UnitDefinition'>)
04:16:22.565 | WARNING | pint.util - Redefining '[speed]' (<class 'pint.delegates.txt_defparser.plain.DerivedDimensionDefinition'>)
[03/13/26 04:16:22] WARNING  Import(s) unavailable to set up matplotlib support...skipping this portion of the setup.                                                                                                                    logging.py:10
[03/13/26 04:16:22] WARNING  Import(s) unavailable to set up matplotlib support...skipping this portion of the setup.                                                                                                                    logging.py:10
04:16:22.633 | WARNING | pint.util - Redefining 'percent' (<class 'pint.delegates.txt_defparser.plain.UnitDefinition'>)
04:16:22.635 | WARNING | pint.util - Redefining '%' (<class 'pint.delegates.txt_defparser.plain.UnitDefinition'>)
04:16:22.636 | WARNING | pint.util - Redefining 'year' (<class 'pint.delegates.txt_defparser.plain.UnitDefinition'>)
04:16:22.636 | WARNING | pint.util - Redefining 'yr' (<class 'pint.delegates.txt_defparser.plain.UnitDefinition'>)
04:16:22.637 | WARNING | pint.util - Redefining 'C' (<class 'pint.delegates.txt_defparser.plain.UnitDefinition'>)
04:16:22.637 | WARNING | pint.util - Redefining 'd' (<class 'pint.delegates.txt_defparser.plain.UnitDefinition'>)
04:16:22.637 | WARNING | pint.util - Redefining 'h' (<class 'pint.delegates.txt_defparser.plain.UnitDefinition'>)
04:16:22.638 | WARNING | pint.util - Redefining 'degrees_north' (<class 'pint.delegates.txt_defparser.plain.UnitDefinition'>)
04:16:22.638 | WARNING | pint.util - Redefining 'degrees_east' (<class 'pint.delegates.txt_defparser.plain.UnitDefinition'>)
04:16:22.639 | WARNING | pint.util - Redefining 'degrees' (<class 'pint.delegates.txt_defparser.plain.UnitDefinition'>)
04:16:22.639 | WARNING | pint.util - Redefining '[speed]' (<class 'pint.delegates.txt_defparser.plain.DerivedDimensionDefinition'>)
[03/13/26 04:16:22] WARNING  Import(s) unavailable to set up matplotlib support...skipping this portion of the setup.                                                                                                                    logging.py:10
04:16:22.657 | WARNING | pint.util - Redefining 'percent' (<class 'pint.delegates.txt_defparser.plain.UnitDefinition'>)
04:16:22.659 | WARNING | pint.util - Redefining '%' (<class 'pint.delegates.txt_defparser.plain.UnitDefinition'>)
04:16:22.660 | WARNING | pint.util - Redefining 'year' (<class 'pint.delegates.txt_defparser.plain.UnitDefinition'>)
04:16:22.660 | WARNING | pint.util - Redefining 'yr' (<class 'pint.delegates.txt_defparser.plain.UnitDefinition'>)
04:16:22.660 | WARNING | pint.util - Redefining 'C' (<class 'pint.delegates.txt_defparser.plain.UnitDefinition'>)
04:16:22.661 | WARNING | pint.util - Redefining 'd' (<class 'pint.delegates.txt_defparser.plain.UnitDefinition'>)
04:16:22.661 | WARNING | pint.util - Redefining 'h' (<class 'pint.delegates.txt_defparser.plain.UnitDefinition'>)
04:16:22.662 | WARNING | pint.util - Redefining 'degrees_north' (<class 'pint.delegates.txt_defparser.plain.UnitDefinition'>)
04:16:22.662 | WARNING | pint.util - Redefining 'degrees_east' (<class 'pint.delegates.txt_defparser.plain.UnitDefinition'>)
04:16:22.663 | WARNING | pint.util - Redefining 'degrees' (<class 'pint.delegates.txt_defparser.plain.UnitDefinition'>)
04:16:22.663 | WARNING | pint.util - Redefining '[speed]' (<class 'pint.delegates.txt_defparser.plain.DerivedDimensionDefinition'>)
[03/13/26 04:16:22] WARNING  Import(s) unavailable to set up matplotlib support...skipping this portion of the setup.                                                                                                                    logging.py:10
04:16:22.684 | WARNING | pint.util - Redefining 'percent' (<class 'pint.delegates.txt_defparser.plain.UnitDefinition'>)
04:16:22.686 | WARNING | pint.util - Redefining '%' (<class 'pint.delegates.txt_defparser.plain.UnitDefinition'>)
04:16:22.687 | WARNING | pint.util - Redefining 'year' (<class 'pint.delegates.txt_defparser.plain.UnitDefinition'>)
04:16:22.687 | WARNING | pint.util - Redefining 'yr' (<class 'pint.delegates.txt_defparser.plain.UnitDefinition'>)
04:16:22.687 | WARNING | pint.util - Redefining 'C' (<class 'pint.delegates.txt_defparser.plain.UnitDefinition'>)
04:16:22.688 | WARNING | pint.util - Redefining 'd' (<class 'pint.delegates.txt_defparser.plain.UnitDefinition'>)
04:16:22.688 | WARNING | pint.util - Redefining 'h' (<class 'pint.delegates.txt_defparser.plain.UnitDefinition'>)
04:16:22.688 | WARNING | pint.util - Redefining 'degrees_north' (<class 'pint.delegates.txt_defparser.plain.UnitDefinition'>)
04:16:22.689 | WARNING | pint.util - Redefining 'degrees_east' (<class 'pint.delegates.txt_defparser.plain.UnitDefinition'>)
04:16:22.689 | WARNING | pint.util - Redefining 'degrees' (<class 'pint.delegates.txt_defparser.plain.UnitDefinition'>)
04:16:22.690 | WARNING | pint.util - Redefining '[speed]' (<class 'pint.delegates.txt_defparser.plain.DerivedDimensionDefinition'>)
[03/13/26 04:16:22] WARNING  Import(s) unavailable to set up matplotlib support...skipping this portion of the setup.                                                                                                                    logging.py:10
04:16:22.696 | WARNING | pint.util - Redefining 'percent' (<class 'pint.delegates.txt_defparser.plain.UnitDefinition'>)
04:16:22.699 | WARNING | pint.util - Redefining '%' (<class 'pint.delegates.txt_defparser.plain.UnitDefinition'>)
04:16:22.699 | WARNING | pint.util - Redefining 'year' (<class 'pint.delegates.txt_defparser.plain.UnitDefinition'>)
04:16:22.699 | WARNING | pint.util - Redefining 'yr' (<class 'pint.delegates.txt_defparser.plain.UnitDefinition'>)
04:16:22.700 | WARNING | pint.util - Redefining 'C' (<class 'pint.delegates.txt_defparser.plain.UnitDefinition'>)
04:16:22.700 | WARNING | pint.util - Redefining 'd' (<class 'pint.delegates.txt_defparser.plain.UnitDefinition'>)
04:16:22.701 | WARNING | pint.util - Redefining 'h' (<class 'pint.delegates.txt_defparser.plain.UnitDefinition'>)
04:16:22.701 | WARNING | pint.util - Redefining 'degrees_north' (<class 'pint.delegates.txt_defparser.plain.UnitDefinition'>)
04:16:22.702 | WARNING | pint.util - Redefining 'degrees_east' (<class 'pint.delegates.txt_defparser.plain.UnitDefinition'>)
04:16:22.702 | WARNING | pint.util - Redefining 'degrees' (<class 'pint.delegates.txt_defparser.plain.UnitDefinition'>)
04:16:22.702 | WARNING | pint.util - Redefining '[speed]' (<class 'pint.delegates.txt_defparser.plain.DerivedDimensionDefinition'>)
[03/13/26 04:16:22] WARNING  Import(s) unavailable to set up matplotlib support...skipping this portion of the setup.                                                                                                                    logging.py:10
04:16:22.735 | WARNING | pint.util - Redefining 'percent' (<class 'pint.delegates.txt_defparser.plain.UnitDefinition'>)
04:16:22.737 | WARNING | pint.util - Redefining '%' (<class 'pint.delegates.txt_defparser.plain.UnitDefinition'>)
04:16:22.737 | WARNING | pint.util - Redefining 'year' (<class 'pint.delegates.txt_defparser.plain.UnitDefinition'>)
04:16:22.737 | WARNING | pint.util - Redefining 'yr' (<class 'pint.delegates.txt_defparser.plain.UnitDefinition'>)
04:16:22.738 | WARNING | pint.util - Redefining 'C' (<class 'pint.delegates.txt_defparser.plain.UnitDefinition'>)
04:16:22.738 | WARNING | pint.util - Redefining 'd' (<class 'pint.delegates.txt_defparser.plain.UnitDefinition'>)
04:16:22.739 | WARNING | pint.util - Redefining 'h' (<class 'pint.delegates.txt_defparser.plain.UnitDefinition'>)
04:16:22.739 | WARNING | pint.util - Redefining 'degrees_north' (<class 'pint.delegates.txt_defparser.plain.UnitDefinition'>)
04:16:22.739 | WARNING | pint.util - Redefining 'degrees_east' (<class 'pint.delegates.txt_defparser.plain.UnitDefinition'>)
04:16:22.740 | WARNING | pint.util - Redefining 'degrees' (<class 'pint.delegates.txt_defparser.plain.UnitDefinition'>)
04:16:22.740 | WARNING | pint.util - Redefining '[speed]' (<class 'pint.delegates.txt_defparser.plain.DerivedDimensionDefinition'>)
[03/13/26 04:16:22] WARNING  Import(s) unavailable to set up matplotlib support...skipping this portion of the setup.                                                                                                                    logging.py:10
04:16:22.746 | WARNING | pint.util - Redefining 'percent' (<class 'pint.delegates.txt_defparser.plain.UnitDefinition'>)
04:16:22.748 | WARNING | pint.util - Redefining '%' (<class 'pint.delegates.txt_defparser.plain.UnitDefinition'>)
04:16:22.749 | WARNING | pint.util - Redefining 'year' (<class 'pint.delegates.txt_defparser.plain.UnitDefinition'>)
04:16:22.749 | WARNING | pint.util - Redefining 'yr' (<class 'pint.delegates.txt_defparser.plain.UnitDefinition'>)
04:16:22.750 | WARNING | pint.util - Redefining 'C' (<class 'pint.delegates.txt_defparser.plain.UnitDefinition'>)
04:16:22.750 | WARNING | pint.util - Redefining 'd' (<class 'pint.delegates.txt_defparser.plain.UnitDefinition'>)
04:16:22.750 | WARNING | pint.util - Redefining 'h' (<class 'pint.delegates.txt_defparser.plain.UnitDefinition'>)
04:16:22.751 | WARNING | pint.util - Redefining 'degrees_north' (<class 'pint.delegates.txt_defparser.plain.UnitDefinition'>)
04:16:22.751 | WARNING | pint.util - Redefining 'degrees_east' (<class 'pint.delegates.txt_defparser.plain.UnitDefinition'>)
04:16:22.752 | WARNING | pint.util - Redefining 'degrees' (<class 'pint.delegates.txt_defparser.plain.UnitDefinition'>)
04:16:22.752 | WARNING | pint.util - Redefining '[speed]' (<class 'pint.delegates.txt_defparser.plain.DerivedDimensionDefinition'>)
[03/13/26 04:16:22] WARNING  Import(s) unavailable to set up matplotlib support...skipping this portion of the setup.                                                                                                                    logging.py:10
04:16:22.772 | WARNING | pint.util - Redefining 'percent' (<class 'pint.delegates.txt_defparser.plain.UnitDefinition'>)
04:16:22.774 | WARNING | pint.util - Redefining '%' (<class 'pint.delegates.txt_defparser.plain.UnitDefinition'>)
04:16:22.775 | WARNING | pint.util - Redefining 'year' (<class 'pint.delegates.txt_defparser.plain.UnitDefinition'>)
04:16:22.775 | WARNING | pint.util - Redefining 'yr' (<class 'pint.delegates.txt_defparser.plain.UnitDefinition'>)
04:16:22.775 | WARNING | pint.util - Redefining 'C' (<class 'pint.delegates.txt_defparser.plain.UnitDefinition'>)
04:16:22.776 | WARNING | pint.util - Redefining 'd' (<class 'pint.delegates.txt_defparser.plain.UnitDefinition'>)
04:16:22.776 | WARNING | pint.util - Redefining 'h' (<class 'pint.delegates.txt_defparser.plain.UnitDefinition'>)
04:16:22.776 | WARNING | pint.util - Redefining 'degrees_north' (<class 'pint.delegates.txt_defparser.plain.UnitDefinition'>)
04:16:22.777 | WARNING | pint.util - Redefining 'degrees_east' (<class 'pint.delegates.txt_defparser.plain.UnitDefinition'>)
04:16:22.777 | WARNING | pint.util - Redefining 'degrees' (<class 'pint.delegates.txt_defparser.plain.UnitDefinition'>)
04:16:22.778 | WARNING | pint.util - Redefining '[speed]' (<class 'pint.delegates.txt_defparser.plain.DerivedDimensionDefinition'>)
[03/13/26 04:16:22] WARNING  Import(s) unavailable to set up matplotlib support...skipping this portion of the setup.                                                                                                                    logging.py:10
04:16:22.853 | WARNING | pint.util - Redefining 'percent' (<class 'pint.delegates.txt_defparser.plain.UnitDefinition'>)
04:16:22.855 | WARNING | pint.util - Redefining '%' (<class 'pint.delegates.txt_defparser.plain.UnitDefinition'>)
04:16:22.856 | WARNING | pint.util - Redefining 'year' (<class 'pint.delegates.txt_defparser.plain.UnitDefinition'>)
04:16:22.856 | WARNING | pint.util - Redefining 'yr' (<class 'pint.delegates.txt_defparser.plain.UnitDefinition'>)
04:16:22.856 | WARNING | pint.util - Redefining 'C' (<class 'pint.delegates.txt_defparser.plain.UnitDefinition'>)
04:16:22.857 | WARNING | pint.util - Redefining 'd' (<class 'pint.delegates.txt_defparser.plain.UnitDefinition'>)
04:16:22.857 | WARNING | pint.util - Redefining 'h' (<class 'pint.delegates.txt_defparser.plain.UnitDefinition'>)
04:16:22.857 | WARNING | pint.util - Redefining 'degrees_north' (<class 'pint.delegates.txt_defparser.plain.UnitDefinition'>)
04:16:22.858 | WARNING | pint.util - Redefining 'degrees_east' (<class 'pint.delegates.txt_defparser.plain.UnitDefinition'>)
04:16:22.858 | WARNING | pint.util - Redefining 'degrees' (<class 'pint.delegates.txt_defparser.plain.UnitDefinition'>)
04:16:22.859 | WARNING | pint.util - Redefining '[speed]' (<class 'pint.delegates.txt_defparser.plain.DerivedDimensionDefinition'>)
[03/13/26 04:16:22] WARNING  Import(s) unavailable to set up matplotlib support...skipping this portion of the setup.                                                                                                                    logging.py:10
04:16:22.888 | WARNING | pint.util - Redefining 'percent' (<class 'pint.delegates.txt_defparser.plain.UnitDefinition'>)
04:16:22.891 | WARNING | pint.util - Redefining '%' (<class 'pint.delegates.txt_defparser.plain.UnitDefinition'>)
04:16:22.892 | WARNING | pint.util - Redefining 'year' (<class 'pint.delegates.txt_defparser.plain.UnitDefinition'>)
04:16:22.892 | WARNING | pint.util - Redefining 'yr' (<class 'pint.delegates.txt_defparser.plain.UnitDefinition'>)
04:16:22.892 | WARNING | pint.util - Redefining 'C' (<class 'pint.delegates.txt_defparser.plain.UnitDefinition'>)
04:16:22.893 | WARNING | pint.util - Redefining 'd' (<class 'pint.delegates.txt_defparser.plain.UnitDefinition'>)
04:16:22.893 | WARNING | pint.util - Redefining 'h' (<class 'pint.delegates.txt_defparser.plain.UnitDefinition'>)
04:16:22.893 | WARNING | pint.util - Redefining 'degrees_north' (<class 'pint.delegates.txt_defparser.plain.UnitDefinition'>)
04:16:22.894 | WARNING | pint.util - Redefining 'degrees_east' (<class 'pint.delegates.txt_defparser.plain.UnitDefinition'>)
04:16:22.894 | WARNING | pint.util - Redefining 'degrees' (<class 'pint.delegates.txt_defparser.plain.UnitDefinition'>)
04:16:22.895 | WARNING | pint.util - Redefining '[speed]' (<class 'pint.delegates.txt_defparser.plain.DerivedDimensionDefinition'>)
[03/13/26 04:16:22] WARNING  Import(s) unavailable to set up matplotlib support...skipping this portion of the setup.                                                                                                                    logging.py:10
04:16:22.917 | WARNING | pint.util - Redefining 'percent' (<class 'pint.delegates.txt_defparser.plain.UnitDefinition'>)
04:16:22.917 | WARNING | pint.util - Redefining 'percent' (<class 'pint.delegates.txt_defparser.plain.UnitDefinition'>)
04:16:22.919 | WARNING | pint.util - Redefining '%' (<class 'pint.delegates.txt_defparser.plain.UnitDefinition'>)
04:16:22.919 | WARNING | pint.util - Redefining '%' (<class 'pint.delegates.txt_defparser.plain.UnitDefinition'>)
04:16:22.920 | WARNING | pint.util - Redefining 'year' (<class 'pint.delegates.txt_defparser.plain.UnitDefinition'>)
04:16:22.920 | WARNING | pint.util - Redefining 'year' (<class 'pint.delegates.txt_defparser.plain.UnitDefinition'>)
04:16:22.920 | WARNING | pint.util - Redefining 'yr' (<class 'pint.delegates.txt_defparser.plain.UnitDefinition'>)
04:16:22.920 | WARNING | pint.util - Redefining 'yr' (<class 'pint.delegates.txt_defparser.plain.UnitDefinition'>)
04:16:22.920 | WARNING | pint.util - Redefining 'C' (<class 'pint.delegates.txt_defparser.plain.UnitDefinition'>)
04:16:22.921 | WARNING | pint.util - Redefining 'C' (<class 'pint.delegates.txt_defparser.plain.UnitDefinition'>)
04:16:22.921 | WARNING | pint.util - Redefining 'd' (<class 'pint.delegates.txt_defparser.plain.UnitDefinition'>)
04:16:22.921 | WARNING | pint.util - Redefining 'd' (<class 'pint.delegates.txt_defparser.plain.UnitDefinition'>)
04:16:22.921 | WARNING | pint.util - Redefining 'h' (<class 'pint.delegates.txt_defparser.plain.UnitDefinition'>)
04:16:22.921 | WARNING | pint.util - Redefining 'h' (<class 'pint.delegates.txt_defparser.plain.UnitDefinition'>)
04:16:22.922 | WARNING | pint.util - Redefining 'degrees_north' (<class 'pint.delegates.txt_defparser.plain.UnitDefinition'>)
04:16:22.922 | WARNING | pint.util - Redefining 'degrees_north' (<class 'pint.delegates.txt_defparser.plain.UnitDefinition'>)
04:16:22.922 | WARNING | pint.util - Redefining 'degrees_east' (<class 'pint.delegates.txt_defparser.plain.UnitDefinition'>)
04:16:22.922 | WARNING | pint.util - Redefining 'degrees_east' (<class 'pint.delegates.txt_defparser.plain.UnitDefinition'>)
04:16:22.922 | WARNING | pint.util - Redefining 'degrees' (<class 'pint.delegates.txt_defparser.plain.UnitDefinition'>)
04:16:22.923 | WARNING | pint.util - Redefining 'degrees' (<class 'pint.delegates.txt_defparser.plain.UnitDefinition'>)
04:16:22.923 | WARNING | pint.util - Redefining '[speed]' (<class 'pint.delegates.txt_defparser.plain.DerivedDimensionDefinition'>)
04:16:22.923 | WARNING | pint.util - Redefining '[speed]' (<class 'pint.delegates.txt_defparser.plain.DerivedDimensionDefinition'>)
[03/13/26 04:16:22] WARNING  Import(s) unavailable to set up matplotlib support...skipping this portion of the setup.                                                                                                                    logging.py:10
[03/13/26 04:16:22] WARNING  Import(s) unavailable to set up matplotlib support...skipping this portion of the setup.                                                                                                                    logging.py:10
04:16:22.993 | WARNING | pint.util - Redefining 'percent' (<class 'pint.delegates.txt_defparser.plain.UnitDefinition'>)
04:16:22.993 | WARNING | pint.util - Redefining 'percent' (<class 'pint.delegates.txt_defparser.plain.UnitDefinition'>)
04:16:22.995 | WARNING | pint.util - Redefining '%' (<class 'pint.delegates.txt_defparser.plain.UnitDefinition'>)
04:16:22.995 | WARNING | pint.util - Redefining '%' (<class 'pint.delegates.txt_defparser.plain.UnitDefinition'>)
04:16:22.994 | WARNING | pint.util - Redefining 'percent' (<class 'pint.delegates.txt_defparser.plain.UnitDefinition'>)
04:16:22.996 | WARNING | pint.util - Redefining '%' (<class 'pint.delegates.txt_defparser.plain.UnitDefinition'>)
04:16:22.996 | WARNING | pint.util - Redefining 'year' (<class 'pint.delegates.txt_defparser.plain.UnitDefinition'>)
04:16:22.996 | WARNING | pint.util - Redefining 'yr' (<class 'pint.delegates.txt_defparser.plain.UnitDefinition'>)
04:16:22.996 | WARNING | pint.util - Redefining 'year' (<class 'pint.delegates.txt_defparser.plain.UnitDefinition'>)
04:16:22.996 | WARNING | pint.util - Redefining 'yr' (<class 'pint.delegates.txt_defparser.plain.UnitDefinition'>)
04:16:22.996 | WARNING | pint.util - Redefining 'C' (<class 'pint.delegates.txt_defparser.plain.UnitDefinition'>)
04:16:22.996 | WARNING | pint.util - Redefining 'year' (<class 'pint.delegates.txt_defparser.plain.UnitDefinition'>)
04:16:22.996 | WARNING | pint.util - Redefining 'C' (<class 'pint.delegates.txt_defparser.plain.UnitDefinition'>)
04:16:22.997 | WARNING | pint.util - Redefining 'yr' (<class 'pint.delegates.txt_defparser.plain.UnitDefinition'>)
04:16:22.997 | WARNING | pint.util - Redefining 'd' (<class 'pint.delegates.txt_defparser.plain.UnitDefinition'>)
04:16:22.997 | WARNING | pint.util - Redefining 'C' (<class 'pint.delegates.txt_defparser.plain.UnitDefinition'>)
04:16:22.997 | WARNING | pint.util - Redefining 'd' (<class 'pint.delegates.txt_defparser.plain.UnitDefinition'>)
04:16:22.997 | WARNING | pint.util - Redefining 'h' (<class 'pint.delegates.txt_defparser.plain.UnitDefinition'>)
04:16:22.997 | WARNING | pint.util - Redefining 'h' (<class 'pint.delegates.txt_defparser.plain.UnitDefinition'>)
04:16:22.997 | WARNING | pint.util - Redefining 'd' (<class 'pint.delegates.txt_defparser.plain.UnitDefinition'>)
04:16:22.998 | WARNING | pint.util - Redefining 'degrees_north' (<class 'pint.delegates.txt_defparser.plain.UnitDefinition'>)
04:16:22.998 | WARNING | pint.util - Redefining 'degrees_north' (<class 'pint.delegates.txt_defparser.plain.UnitDefinition'>)
04:16:22.998 | WARNING | pint.util - Redefining 'h' (<class 'pint.delegates.txt_defparser.plain.UnitDefinition'>)
04:16:22.998 | WARNING | pint.util - Redefining 'degrees_east' (<class 'pint.delegates.txt_defparser.plain.UnitDefinition'>)
04:16:22.998 | WARNING | pint.util - Redefining 'degrees_east' (<class 'pint.delegates.txt_defparser.plain.UnitDefinition'>)
04:16:22.998 | WARNING | pint.util - Redefining 'degrees_north' (<class 'pint.delegates.txt_defparser.plain.UnitDefinition'>)
04:16:22.998 | WARNING | pint.util - Redefining 'degrees' (<class 'pint.delegates.txt_defparser.plain.UnitDefinition'>)
04:16:22.998 | WARNING | pint.util - Redefining 'degrees' (<class 'pint.delegates.txt_defparser.plain.UnitDefinition'>)
04:16:22.999 | WARNING | pint.util - Redefining 'degrees_east' (<class 'pint.delegates.txt_defparser.plain.UnitDefinition'>)
04:16:22.999 | WARNING | pint.util - Redefining '[speed]' (<class 'pint.delegates.txt_defparser.plain.DerivedDimensionDefinition'>)
04:16:22.999 | WARNING | pint.util - Redefining '[speed]' (<class 'pint.delegates.txt_defparser.plain.DerivedDimensionDefinition'>)
04:16:22.999 | WARNING | pint.util - Redefining 'degrees' (<class 'pint.delegates.txt_defparser.plain.UnitDefinition'>)
04:16:22.999 | WARNING | pint.util - Redefining '[speed]' (<class 'pint.delegates.txt_defparser.plain.DerivedDimensionDefinition'>)
[03/13/26 04:16:23] WARNING  Import(s) unavailable to set up matplotlib support...skipping this portion of the setup.                                                                                                                    logging.py:10
[03/13/26 04:16:23] WARNING  Import(s) unavailable to set up matplotlib support...skipping this portion of the setup.                                                                                                                    logging.py:10
[03/13/26 04:16:23] WARNING  Import(s) unavailable to set up matplotlib support...skipping this portion of the setup.                                                                                                                    logging.py:10
Process start!
The following pipelines are known:
default: Pipeline: default
-----------------
steps
-----
[1/8] load_mfdataset
[2/8] get_variable
[3/8] time_average
[4/8] convert_units
[5/8] setgrid
[6/8] set_global_attributes
[7/8] trigger_compute
[8/8] save_dataset
Working on: default
Starting to process rule Rule for tos with input patterns [re.compile("/work/bb1469/a270092/runtime/awiesm3-v3.4.1/human_tuning/outdata/fesom/re.compile('sst\\\\.fesom\\\\.1350\\\\.nc')")] and pipelines [<pycmor.core.pipeline.Pipeline object at 0x7f8aa78b4460>]
Running Pipeline: default
-----------------
steps
-----
[1/8] load_mfdataset
[2/8] get_variable
[3/8] time_average
[4/8] convert_units
[5/8] setgrid
[6/8] set_global_attributes
[7/8] trigger_compute
[8/8] save_dataset
Loading 1 files using netcdf4 backend on xarray...
  * /work/bb1469/a270092/runtime/awiesm3-v3.4.1/human_tuning/outdata/fesom/sst.fesom.1350.nc
approx_interval=1.0 frequency_str='1D'
[SetGrid] Starting grid merge operation
  → Grid File          : /work/ab0246/a270092/input/fesom2/core2/fesom.mesh.diag.nc
[Bounds] Checking for coordinate bounds in grid
  → Calculating 1D bounds for 'lat'
  → Added bounds variable 'lat_bnds'
  → Calculating 1D bounds for 'lon'
  → Added bounds variable 'lon_bnds'
  → Required Dimensions: ['nz', 'nz1']
  → Dimension 'nz1' : ❌ Not found, checking for size matches...
  → Dimension 'nz' : ❌ Not found, checking for size matches...
  → Merge Status       : ❌ Not possible
WARNING:   → Warning            : ❌ No compatible dimensions found!
WARNING:     Check grid and data dimension compatibility.
--------------------------------------------------

libgomp: Thread creation failed: Resource temporarily unavailable
2026-03-13 04:16:41,999 - distributed.scheduler - WARNING - Removing worker 'tcp://127.0.0.1:36575' caused the cluster to lose already computed task(s), which will be recomputed elsewhere: {('array-15df0a9346ab1828198d5976952e50fe', 10)} (stimulus_id='handle-worker-cleanup-1773371801.9988546')
2026-03-13 04:16:42,009 - distributed.nanny - WARNING - Restarting worker

libgomp: Thread creation failed: Resource temporarily unavailable
2026-03-13 04:16:42,167 - distributed.scheduler - WARNING - Removing worker 'tcp://127.0.0.1:45991' caused the cluster to lose already computed task(s), which will be recomputed elsewhere: {('array-15df0a9346ab1828198d5976952e50fe', 0)} (stimulus_id='handle-worker-cleanup-1773371802.1670694')
2026-03-13 04:16:42,175 - distributed.nanny - WARNING - Restarting worker

libgomp: Thread creation failed: Resource temporarily unavailable
2026-03-13 04:16:42,244 - distributed.scheduler - WARNING - Removing worker 'tcp://127.0.0.1:43289' caused the cluster to lose already computed task(s), which will be recomputed elsewhere: {('array-15df0a9346ab1828198d5976952e50fe', 5)} (stimulus_id='handle-worker-cleanup-1773371802.2446146')
2026-03-13 04:16:42,253 - distributed.nanny - WARNING - Restarting worker

libgomp: Thread creation failed: Resource temporarily unavailable

libgomp: Thread creation failed: Resource temporarily unavailable
2026-03-13 04:16:42,381 - distributed.scheduler - WARNING - Removing worker 'tcp://127.0.0.1:41235' caused the cluster to lose already computed task(s), which will be recomputed elsewhere: {('array-15df0a9346ab1828198d5976952e50fe', 7)} (stimulus_id='handle-worker-cleanup-1773371802.3815722')
2026-03-13 04:16:42,392 - distributed.nanny - WARNING - Restarting worker
2026-03-13 04:16:42,453 - distributed.nanny - WARNING - Restarting worker

libgomp: Thread creation failed: Resource temporarily unavailable

libgomp: Thread creation failed: Resource temporarily unavailable

libgomp: Thread creation failed: Resource temporarily unavailable
2026-03-13 04:16:42,616 - distributed.scheduler - WARNING - Removing worker 'tcp://127.0.0.1:44921' caused the cluster to lose already computed task(s), which will be recomputed elsewhere: {('array-15df0a9346ab1828198d5976952e50fe', 4)} (stimulus_id='handle-worker-cleanup-1773371802.6158996')
2026-03-13 04:16:42,620 - distributed.scheduler - WARNING - Removing worker 'tcp://127.0.0.1:35223' caused the cluster to lose already computed task(s), which will be recomputed elsewhere: {('array-15df0a9346ab1828198d5976952e50fe', 3)} (stimulus_id='handle-worker-cleanup-1773371802.620109')
2026-03-13 04:16:42,630 - distributed.nanny - WARNING - Restarting worker
2026-03-13 04:16:42,634 - distributed.nanny - WARNING - Restarting worker

libgomp: Thread creation failed: Resource temporarily unavailable

libgomp: Thread creation failed: Resource temporarily unavailable

libgomp: Thread creation failed: Resource temporarily unavailable
2026-03-13 04:16:42,668 - distributed.nanny - WARNING - Restarting worker
2026-03-13 04:16:42,669 - distributed.nanny - ERROR - Failed to start process
Traceback (most recent call last):
  File "/work/ab0246/a270092/software/miniforge3/envs/pycmor_env/lib/python3.9/site-packages/distributed/nanny.py", line 452, in instantiate
    result = await self.process.start()
  File "/work/ab0246/a270092/software/miniforge3/envs/pycmor_env/lib/python3.9/site-packages/distributed/nanny.py", line 719, in start
    self.child_stop_q.put(None)
  File "/work/ab0246/a270092/software/miniforge3/envs/pycmor_env/lib/python3.9/multiprocessing/queues.py", line 94, in put
    self._start_thread()
  File "/work/ab0246/a270092/software/miniforge3/envs/pycmor_env/lib/python3.9/multiprocessing/queues.py", line 177, in _start_thread
    self._thread.start()
  File "/work/ab0246/a270092/software/miniforge3/envs/pycmor_env/lib/python3.9/threading.py", line 899, in start
    _start_new_thread(self._bootstrap, ())
RuntimeError: can't start new thread
2026-03-13 04:16:42,680 - distributed.nanny - ERROR - Failed to start process
Traceback (most recent call last):
  File "/work/ab0246/a270092/software/miniforge3/envs/pycmor_env/lib/python3.9/site-packages/distributed/nanny.py", line 452, in instantiate
    result = await self.process.start()
  File "/work/ab0246/a270092/software/miniforge3/envs/pycmor_env/lib/python3.9/site-packages/distributed/nanny.py", line 748, in start
    await self.process.start()
  File "/work/ab0246/a270092/software/miniforge3/envs/pycmor_env/lib/python3.9/site-packages/distributed/process.py", line 55, in _call_and_set_future
    res = func(*args, **kwargs)
  File "/work/ab0246/a270092/software/miniforge3/envs/pycmor_env/lib/python3.9/site-packages/distributed/process.py", line 223, in _start
    thread.start()
  File "/work/ab0246/a270092/software/miniforge3/envs/pycmor_env/lib/python3.9/threading.py", line 899, in start
    _start_new_thread(self._bootstrap, ())
RuntimeError: can't start new thread
2026-03-13 04:16:42,685 - distributed.nanny - ERROR - Failed to restart worker after its process exited
Traceback (most recent call last):
  File "/work/ab0246/a270092/software/miniforge3/envs/pycmor_env/lib/python3.9/site-packages/distributed/nanny.py", line 569, in _on_worker_exit
    await self.instantiate()
  File "/work/ab0246/a270092/software/miniforge3/envs/pycmor_env/lib/python3.9/site-packages/distributed/nanny.py", line 452, in instantiate
    result = await self.process.start()
  File "/work/ab0246/a270092/software/miniforge3/envs/pycmor_env/lib/python3.9/site-packages/distributed/nanny.py", line 719, in start
    self.child_stop_q.put(None)
  File "/work/ab0246/a270092/software/miniforge3/envs/pycmor_env/lib/python3.9/multiprocessing/queues.py", line 94, in put
    self._start_thread()
  File "/work/ab0246/a270092/software/miniforge3/envs/pycmor_env/lib/python3.9/multiprocessing/queues.py", line 177, in _start_thread
    self._thread.start()
  File "/work/ab0246/a270092/software/miniforge3/envs/pycmor_env/lib/python3.9/threading.py", line 899, in start
    _start_new_thread(self._bootstrap, ())
RuntimeError: can't start new thread
2026-03-13 04:16:42,852 - distributed.scheduler - WARNING - Removing worker 'tcp://127.0.0.1:40181' caused the cluster to lose already computed task(s), which will be recomputed elsewhere: {('array-15df0a9346ab1828198d5976952e50fe', 9)} (stimulus_id='handle-worker-cleanup-1773371802.8522654')
2026-03-13 04:16:42,863 - distributed.scheduler - WARNING - Removing worker 'tcp://127.0.0.1:43267' caused the cluster to lose already computed task(s), which will be recomputed elsewhere: {('array-15df0a9346ab1828198d5976952e50fe', 6)} (stimulus_id='handle-worker-cleanup-1773371802.8637073')
2026-03-13 04:16:42,867 - distributed.nanny - WARNING - Restarting worker
2026-03-13 04:16:42,892 - distributed.scheduler - ERROR - Task ('groupby_nanmean-32d14035a74df0515597f8ac947863fb', 0, 11) marked as failed because 4 workers died while trying to run it
2026-03-13 04:16:42,892 - distributed.scheduler - WARNING - Removing worker 'tcp://127.0.0.1:35763' caused the cluster to lose already computed task(s), which will be recomputed elsewhere: {('array-15df0a9346ab1828198d5976952e50fe', 2)} (stimulus_id='handle-worker-cleanup-1773371802.8916712')
Processing rules                                            0% -:--:--
2026-03-13 04:16:42,995 - distributed.nanny - WARNING - Restarting worker
2026-03-13 04:16:43,056 - distributed.nanny - WARNING - Restarting worker
╭─────────────────────────────── Traceback (most recent call last) ────────────────────────────────╮
│ /work/ab0246/a270092/software/miniforge3/envs/pycmor_env/bin/pycmor:7 in <module>                │
│                                                                                                  │
│   4 if __name__ == '__main__':                                                                   │
│   5 │   if sys.argv[0].endswith('.exe'):                                                         │
│   6 │   │   sys.argv[0] = sys.argv[0][:-4]                                                       │
│ ❱ 7 │   sys.exit(main())                                                                         │
│   8                                                                                              │
│                                                                                                  │
│ ╭──────────── locals ─────────────╮                                                              │
│ │ sys = <module 'sys' (built-in)> │                                                              │
│ ╰─────────────────────────────────╯                                                              │
│                                                                                                  │
│ /work/ab0246/a270092/software/pycmor/src/pycmor/cli.py:359 in main                               │
│                                                                                                  │
│   356 │   for entry_point_name, entry_point in find_subcommands().items():                       │
│   357 │   │   cli.add_command(entry_point["callable"], name=entry_point_name)                    │
│   358 │   # Prefer new env var prefix, but keep backward compatibility                           │
│ ❱ 359 │   cli(auto_envvar_prefix="PYCMOR")                                                       │
│   360                                                                                            │
│   361                                                                                            │
│   362 if __name__ == "__main__":                                                                 │
│                                                                                                  │
│ ╭─────────────────────────────────── locals ────────────────────────────────────╮                │
│ │      entry_point = {'plugin_name': 'pycmor', 'callable': <RichGroup plugins>} │                │
│ │ entry_point_name = 'plugins'                                                  │                │
│ ╰───────────────────────────────────────────────────────────────────────────────╯                │
│                                                                                                  │
│                                     ... 21 frames hidden ...                                     │
│                                                                                                  │
│ /work/ab0246/a270092/software/miniforge3/envs/pycmor_env/lib/python3.9/site-packages/distributed │
│ /client.py:2567 in gather                                                                        │
│                                                                                                  │
│   2564 │   │   │   local_worker = None                                                           │
│   2565 │   │                                                                                     │
│   2566 │   │   with shorten_traceback():                                                         │
│ ❱ 2567 │   │   │   return self.sync(                                                             │
│   2568 │   │   │   │   self._gather,                                                             │
│   2569 │   │   │   │   futures,                                                                  │
│   2570 │   │   │   │   errors=errors,                                                            │
│                                                                                                  │
│ ╭─────────────────────────────────────────── locals ───────────────────────────────────────────╮ │
│ │ asynchronous = None                                                                          │ │
│ │       direct = None                                                                          │ │
│ │       errors = 'raise'                                                                       │ │
│ │      futures = [                                                                             │ │
│ │                │   <Future: cancelled, key: ('store-map-74d2255ae39fd0adcbd3a299c42966e4',   │ │
│ │                0, 0)>,                                                                       │ │
│ │                │   <Future: cancelled, key: ('store-map-74d2255ae39fd0adcbd3a299c42966e4',   │ │
│ │                0, 1)>,                                                                       │ │
│ │                │   <Future: cancelled, key: ('store-map-74d2255ae39fd0adcbd3a299c42966e4',   │ │
│ │                0, 2)>,                                                                       │ │
│ │                │   <Future: cancelled, key: ('store-map-74d2255ae39fd0adcbd3a299c42966e4',   │ │
│ │                0, 3)>,                                                                       │ │
│ │                │   <Future: cancelled, key: ('store-map-74d2255ae39fd0adcbd3a299c42966e4',   │ │
│ │                1, 0)>,                                                                       │ │
│ │                │   <Future: cancelled, key: ('store-map-74d2255ae39fd0adcbd3a299c42966e4',   │ │
│ │                1, 1)>,                                                                       │ │
│ │                │   <Future: cancelled, key: ('store-map-74d2255ae39fd0adcbd3a299c42966e4',   │ │
│ │                1, 2)>,                                                                       │ │
│ │                │   <Future: cancelled, key: ('store-map-74d2255ae39fd0adcbd3a299c42966e4',   │ │
│ │                1, 3)>,                                                                       │ │
│ │                │   <Future: cancelled, key: ('store-map-74d2255ae39fd0adcbd3a299c42966e4',   │ │
│ │                2, 0)>,                                                                       │ │
│ │                │   <Future: cancelled, key: ('store-map-74d2255ae39fd0adcbd3a299c42966e4',   │ │
│ │                2, 1)>,                                                                       │ │
│ │                │   ... +1330                                                                 │ │
│ │                ]                                                                             │ │
│ │ local_worker = None                                                                          │ │
│ │         self = <Client: 'tcp://127.0.0.1:37993' processes=16 threads=256, memory=501.87 GiB> │ │
│ ╰──────────────────────────────────────────────────────────────────────────────────────────────╯ │
│                                                                                                  │
│ /work/ab0246/a270092/software/miniforge3/envs/pycmor_env/lib/python3.9/site-packages/distributed │
│ /client.py:2428 in _gather                                                                       │
│                                                                                                  │
│   2425 │   │   │   │   │   │   st = future._state                                                │
│   2426 │   │   │   │   │   │   exception = st.exception                                          │
│   2427 │   │   │   │   │   │   traceback = st.traceback                                          │
│ ❱ 2428 │   │   │   │   │   │   raise exception.with_traceback(traceback)                         │
│   2429 │   │   │   │   │   if errors == "skip":                                                  │
│   2430 │   │   │   │   │   │   bad_keys.add(key)                                                 │
│   2431 │   │   │   │   │   │   bad_data[key] = None                                              │
│                                                                                                  │
│ ╭─────────────────────────────────────────── locals ───────────────────────────────────────────╮ │
│ │           bad_data = {}                                                                      │ │
│ │           bad_keys = set()                                                                   │ │
│ │               data = {}                                                                      │ │
│ │             direct = False                                                                   │ │
│ │             errors = 'raise'                                                                 │ │
│ │          exception = KilledWorker(('groupby_nanmean-32d14035a74df0515597f8ac947863fb', 0,    │ │
│ │                      11), <WorkerState 'tcp://127.0.0.1:35763', name: 1, status: closed,     │ │
│ │                      memory: 0, processing: 0>, 3)                                           │ │
│ │         exceptions = {('store-map-74d2255ae39fd0adcbd3a299c42966e4', 80, 0)}                 │ │
│ │             failed = ('error', 'cancelled')                                                  │ │
│ │             future = <Future: cancelled, key: ('store-map-74d2255ae39fd0adcbd3a299c42966e4', │ │
│ │                      80, 0)>                                                                 │ │
│ │         future_set = {                                                                       │ │
│ │                      │   <Future: cancelled, key:                                            │ │
│ │                      ('store-map-74d2255ae39fd0adcbd3a299c42966e4', 308, 2)>,                │ │
│ │                      │   <Future: cancelled, key:                                            │ │
│ │                      ('store-map-74d2255ae39fd0adcbd3a299c42966e4', 46, 2)>,                 │ │
│ │                      │   <Future: cancelled, key:                                            │ │
│ │                      ('store-map-74d2255ae39fd0adcbd3a299c42966e4', 236, 1)>,                │ │
│ │                      │   <Future: cancelled, key:                                            │ │
│ │                      ('store-map-74d2255ae39fd0adcbd3a299c42966e4', 258, 1)>,                │ │
│ │                      │   <Future: cancelled, key:                                            │ │
│ │                      ('store-map-74d2255ae39fd0adcbd3a299c42966e4', 19, 3)>,                 │ │
│ │                      │   <Future: cancelled, key:                                            │ │
│ │                      ('store-map-74d2255ae39fd0adcbd3a299c42966e4', 153, 3)>,                │ │
│ │                      │   <Future: cancelled, key:                                            │ │
│ │                      ('store-map-74d2255ae39fd0adcbd3a299c42966e4', 130, 1)>,                │ │
│ │                      │   <Future: cancelled, key:                                            │ │
│ │                      ('store-map-74d2255ae39fd0adcbd3a299c42966e4', 80, 0)>,                 │ │
│ │                      │   <Future: cancelled, key:                                            │ │
│ │                      ('store-map-74d2255ae39fd0adcbd3a299c42966e4', 259, 2)>,                │ │
│ │                      │   <Future: cancelled, key:                                            │ │
│ │                      ('store-map-74d2255ae39fd0adcbd3a299c42966e4', 300, 3)>,                │ │
│ │                      │   ... +1330                                                           │ │
│ │                      }                                                                       │ │
│ │            futures = [                                                                       │ │
│ │                      │   <Future: cancelled, key:                                            │ │
│ │                      ('store-map-74d2255ae39fd0adcbd3a299c42966e4', 0, 0)>,                  │ │
│ │                      │   <Future: cancelled, key:                                            │ │
│ │                      ('store-map-74d2255ae39fd0adcbd3a299c42966e4', 0, 1)>,                  │ │
│ │                      │   <Future: cancelled, key:                                            │ │
│ │                      ('store-map-74d2255ae39fd0adcbd3a299c42966e4', 0, 2)>,                  │ │
│ │                      │   <Future: cancelled, key:                                            │ │
│ │                      ('store-map-74d2255ae39fd0adcbd3a299c42966e4', 0, 3)>,                  │ │
│ │                      │   <Future: cancelled, key:                                            │ │
│ │                      ('store-map-74d2255ae39fd0adcbd3a299c42966e4', 1, 0)>,                  │ │
│ │                      │   <Future: cancelled, key:                                            │ │
│ │                      ('store-map-74d2255ae39fd0adcbd3a299c42966e4', 1, 1)>,                  │ │
│ │                      │   <Future: cancelled, key:                                            │ │
│ │                      ('store-map-74d2255ae39fd0adcbd3a299c42966e4', 1, 2)>,                  │ │
│ │                      │   <Future: cancelled, key:                                            │ │
│ │                      ('store-map-74d2255ae39fd0adcbd3a299c42966e4', 1, 3)>,                  │ │
│ │                      │   <Future: cancelled, key:                                            │ │
│ │                      ('store-map-74d2255ae39fd0adcbd3a299c42966e4', 2, 0)>,                  │ │
│ │                      │   <Future: cancelled, key:                                            │ │
│ │                      ('store-map-74d2255ae39fd0adcbd3a299c42966e4', 2, 1)>,                  │ │
│ │                      │   ... +1330                                                           │ │
│ │                      ]                                                                       │ │
│ │                key = ('store-map-74d2255ae39fd0adcbd3a299c42966e4', 80, 0)                   │ │
│ │               keys = [                                                                       │ │
│ │                      │   ('store-map-74d2255ae39fd0adcbd3a299c42966e4', 308, 2),             │ │
│ │                      │   ('store-map-74d2255ae39fd0adcbd3a299c42966e4', 46, 2),              │ │
│ │                      │   ('store-map-74d2255ae39fd0adcbd3a299c42966e4', 236, 1),             │ │
│ │                      │   ('store-map-74d2255ae39fd0adcbd3a299c42966e4', 258, 1),             │ │
│ │                      │   ('store-map-74d2255ae39fd0adcbd3a299c42966e4', 19, 3),              │ │
│ │                      │   ('store-map-74d2255ae39fd0adcbd3a299c42966e4', 153, 3),             │ │
│ │                      │   ('store-map-74d2255ae39fd0adcbd3a299c42966e4', 130, 1),             │ │
│ │                      │   ('store-map-74d2255ae39fd0adcbd3a299c42966e4', 80, 0),              │ │
│ │                      │   ('store-map-74d2255ae39fd0adcbd3a299c42966e4', 259, 2),             │ │
│ │                      │   ('store-map-74d2255ae39fd0adcbd3a299c42966e4', 300, 3),             │ │
│ │                      │   ... +1330                                                           │ │
│ │                      ]                                                                       │ │
│ │       local_worker = None                                                                    │ │
│ │ mismatched_futures = []                                                                      │ │
│ │               self = <Client: 'tcp://127.0.0.1:37993' processes=16 threads=256,              │ │
│ │                      memory=501.87 GiB>                                                      │ │
│ │                 st = <FutureState: cancelled>                                                │ │
│ │          traceback = None                                                                    │ │
│ │           unpacked = [                                                                       │ │
│ │                      │   ('store-map-74d2255ae39fd0adcbd3a299c42966e4', 0, 0),               │ │
│ │                      │   ('store-map-74d2255ae39fd0adcbd3a299c42966e4', 0, 1),               │ │
│ │                      │   ('store-map-74d2255ae39fd0adcbd3a299c42966e4', 0, 2),               │ │
│ │                      │   ('store-map-74d2255ae39fd0adcbd3a299c42966e4', 0, 3),               │ │
│ │                      │   ('store-map-74d2255ae39fd0adcbd3a299c42966e4', 1, 0),               │ │
│ │                      │   ('store-map-74d2255ae39fd0adcbd3a299c42966e4', 1, 1),               │ │
│ │                      │   ('store-map-74d2255ae39fd0adcbd3a299c42966e4', 1, 2),               │ │
│ │                      │   ('store-map-74d2255ae39fd0adcbd3a299c42966e4', 1, 3),               │ │
│ │                      │   ('store-map-74d2255ae39fd0adcbd3a299c42966e4', 2, 0),               │ │
│ │                      │   ('store-map-74d2255ae39fd0adcbd3a299c42966e4', 2, 1),               │ │
│ │                      │   ... +1330                                                           │ │
│ │                      ]                                                                       │ │
│ ╰──────────────────────────────────────────────────────────────────────────────────────────────╯ │
╰──────────────────────────────────────────────────────────────────────────────────────────────────╯
KilledWorker: Attempted to run task ('groupby_nanmean-32d14035a74df0515597f8ac947863fb', 0, 11) on 4 different workers, but all those workers died while running it. The last worker that attempt to run the task was tcp://127.0.0.1:35763. 
Inspecting worker logs is often a good next step to diagnose what went wrong. For more information see https://distributed.dask.org/en/stable/killed.html.
2026-03-13 04:16:43,594 - distributed.worker.state_machine - WARNING - Async instruction for <Task cancelled name="execute(('getitem-transpose-store-map-74d2255ae39fd0adcbd3a299c42966e4', 242, 0))" coro=<Worker.execute() done, defined at /work/ab0246/a270092/software/miniforge3/envs/pycmor_env/lib/python3.9/site-packages/distributed/worker_state_machine.py:3615>> ended with CancelledError
2026-03-13 04:16:43,594 - distributed.worker.state_machine - WARNING - Async instruction for <Task cancelled name="execute(('getitem-transpose-store-map-74d2255ae39fd0adcbd3a299c42966e4', 181, 1))" coro=<Worker.execute() done, defined at /work/ab0246/a270092/software/miniforge3/envs/pycmor_env/lib/python3.9/site-packages/distributed/worker_state_machine.py:3615>> ended with CancelledError
2026-03-13 04:16:43,594 - distributed.worker.state_machine - WARNING - Async instruction for <Task cancelled name="execute(('getitem-transpose-store-map-74d2255ae39fd0adcbd3a299c42966e4', 273, 1))" coro=<Worker.execute() done, defined at /work/ab0246/a270092/software/miniforge3/envs/pycmor_env/lib/python3.9/site-packages/distributed/worker_state_machine.py:3615>> ended with CancelledError
2026-03-13 04:16:43,594 - distributed.worker.state_machine - WARNING - Async instruction for <Task cancelled name="execute(('getitem-transpose-store-map-74d2255ae39fd0adcbd3a299c42966e4', 242, 1))" coro=<Worker.execute() done, defined at /work/ab0246/a270092/software/miniforge3/envs/pycmor_env/lib/python3.9/site-packages/distributed/worker_state_machine.py:3615>> ended with CancelledError
2026-03-13 04:16:43,594 - distributed.worker.state_machine - WARNING - Async instruction for <Task cancelled name="execute(('groupby_nanmean-32d14035a74df0515597f8ac947863fb', 2, 11))" coro=<Worker.execute() done, defined at /work/ab0246/a270092/software/miniforge3/envs/pycmor_env/lib/python3.9/site-packages/distributed/worker_state_machine.py:3615>> ended with CancelledError
2026-03-13 04:16:43,594 - distributed.worker.state_machine - WARNING - Async instruction for <Task cancelled name="execute(('getitem-transpose-store-map-74d2255ae39fd0adcbd3a299c42966e4', 89, 2))" coro=<Worker.execute() done, defined at /work/ab0246/a270092/software/miniforge3/envs/pycmor_env/lib/python3.9/site-packages/distributed/worker_state_machine.py:3615>> ended with CancelledError
2026-03-13 04:16:43,594 - distributed.worker.state_machine - WARNING - Async instruction for <Task cancelled name="execute(('getitem-transpose-store-map-74d2255ae39fd0adcbd3a299c42966e4', 242, 2))" coro=<Worker.execute() done, defined at /work/ab0246/a270092/software/miniforge3/envs/pycmor_env/lib/python3.9/site-packages/distributed/worker_state_machine.py:3615>> ended with CancelledError
2026-03-13 04:16:43,594 - distributed.worker.state_machine - WARNING - Async instruction for <Task cancelled name="execute(('getitem-transpose-store-map-74d2255ae39fd0adcbd3a299c42966e4', 242, 3))" coro=<Worker.execute() done, defined at /work/ab0246/a270092/software/miniforge3/envs/pycmor_env/lib/python3.9/site-packages/distributed/worker_state_machine.py:3615>> ended with CancelledError
2026-03-13 04:16:43,596 - distributed.worker.state_machine - WARNING - Async instruction for <Task cancelled name="execute(('getitem-transpose-store-map-74d2255ae39fd0adcbd3a299c42966e4', 120, 2))" coro=<Worker.execute() done, defined at /work/ab0246/a270092/software/miniforge3/envs/pycmor_env/lib/python3.9/site-packages/distributed/worker_state_machine.py:3615>> ended with CancelledError
2026-03-13 04:16:43,597 - distributed.worker.state_machine - WARNING - Async instruction for <Task cancelled name="execute(('getitem-transpose-store-map-74d2255ae39fd0adcbd3a299c42966e4', 273, 2))" coro=<Worker.execute() done, defined at /work/ab0246/a270092/software/miniforge3/envs/pycmor_env/lib/python3.9/site-packages/distributed/worker_state_machine.py:3615>> ended with CancelledError
2026-03-13 04:16:43,597 - distributed.worker.state_machine - WARNING - Async instruction for <Task cancelled name="execute(('getitem-transpose-store-map-74d2255ae39fd0adcbd3a299c42966e4', 303, 0))" coro=<Worker.execute() done, defined at /work/ab0246/a270092/software/miniforge3/envs/pycmor_env/lib/python3.9/site-packages/distributed/worker_state_machine.py:3615>> ended with CancelledError
2026-03-13 04:16:43,597 - distributed.worker.state_machine - WARNING - Async instruction for <Task cancelled name="execute(('getitem-transpose-store-map-74d2255ae39fd0adcbd3a299c42966e4', 120, 0))" coro=<Worker.execute() done, defined at /work/ab0246/a270092/software/miniforge3/envs/pycmor_env/lib/python3.9/site-packages/distributed/worker_state_machine.py:3615>> ended with CancelledError
2026-03-13 04:16:43,597 - distributed.worker.state_machine - WARNING - Async instruction for <Task cancelled name="execute(('getitem-transpose-store-map-74d2255ae39fd0adcbd3a299c42966e4', 303, 3))" coro=<Worker.execute() done, defined at /work/ab0246/a270092/software/miniforge3/envs/pycmor_env/lib/python3.9/site-packages/distributed/worker_state_machine.py:3615>> ended with CancelledError
2026-03-13 04:16:43,597 - distributed.worker.state_machine - WARNING - Async instruction for <Task cancelled name="execute(('getitem-transpose-store-map-74d2255ae39fd0adcbd3a299c42966e4', 212, 1))" coro=<Worker.execute() done, defined at /work/ab0246/a270092/software/miniforge3/envs/pycmor_env/lib/python3.9/site-packages/distributed/worker_state_machine.py:3615>> ended with CancelledError
2026-03-13 04:16:43,597 - distributed.worker.state_machine - WARNING - Async instruction for <Task cancelled name="execute(('getitem-transpose-store-map-74d2255ae39fd0adcbd3a299c42966e4', 273, 3))" coro=<Worker.execute() done, defined at /work/ab0246/a270092/software/miniforge3/envs/pycmor_env/lib/python3.9/site-packages/distributed/worker_state_machine.py:3615>> ended with CancelledError
2026-03-13 04:16:43,597 - distributed.worker.state_machine - WARNING - Async instruction for <Task cancelled name="execute(('getitem-transpose-store-map-74d2255ae39fd0adcbd3a299c42966e4', 303, 2))" coro=<Worker.execute() done, defined at /work/ab0246/a270092/software/miniforge3/envs/pycmor_env/lib/python3.9/site-packages/distributed/worker_state_machine.py:3615>> ended with CancelledError
2026-03-13 04:16:43,597 - distributed.worker.state_machine - WARNING - Async instruction for <Task cancelled name="execute(('getitem-transpose-store-map-74d2255ae39fd0adcbd3a299c42966e4', 212, 3))" coro=<Worker.execute() done, defined at /work/ab0246/a270092/software/miniforge3/envs/pycmor_env/lib/python3.9/site-packages/distributed/worker_state_machine.py:3615>> ended with CancelledError
2026-03-13 04:16:43,597 - distributed.worker.state_machine - WARNING - Async instruction for <Task cancelled name="execute(('getitem-transpose-store-map-74d2255ae39fd0adcbd3a299c42966e4', 28, 2))" coro=<Worker.execute() done, defined at /work/ab0246/a270092/software/miniforge3/envs/pycmor_env/lib/python3.9/site-packages/distributed/worker_state_machine.py:3615>> ended with CancelledError
2026-03-13 04:16:43,597 - distributed.worker.state_machine - WARNING - Async instruction for <Task cancelled name="execute(('getitem-transpose-store-map-74d2255ae39fd0adcbd3a299c42966e4', 28, 3))" coro=<Worker.execute() done, defined at /work/ab0246/a270092/software/miniforge3/envs/pycmor_env/lib/python3.9/site-packages/distributed/worker_state_machine.py:3615>> ended with CancelledError
2026-03-13 04:16:43,598 - distributed.worker.state_machine - WARNING - Async instruction for <Task cancelled name="execute(('getitem-transpose-store-map-74d2255ae39fd0adcbd3a299c42966e4', 212, 0))" coro=<Worker.execute() done, defined at /work/ab0246/a270092/software/miniforge3/envs/pycmor_env/lib/python3.9/site-packages/distributed/worker_state_machine.py:3615>> ended with CancelledError
2026-03-13 04:16:43,598 - distributed.worker.state_machine - WARNING - Async instruction for <Task cancelled name="execute(('getitem-transpose-store-map-74d2255ae39fd0adcbd3a299c42966e4', 120, 3))" coro=<Worker.execute() done, defined at /work/ab0246/a270092/software/miniforge3/envs/pycmor_env/lib/python3.9/site-packages/distributed/worker_state_machine.py:3615>> ended with CancelledError
2026-03-13 04:16:43,598 - distributed.worker.state_machine - WARNING - Async instruction for <Task cancelled name="execute(('getitem-transpose-store-map-74d2255ae39fd0adcbd3a299c42966e4', 28, 0))" coro=<Worker.execute() done, defined at /work/ab0246/a270092/software/miniforge3/envs/pycmor_env/lib/python3.9/site-packages/distributed/worker_state_machine.py:3615>> ended with CancelledError
2026-03-13 04:16:43,598 - distributed.worker.state_machine - WARNING - Async instruction for <Task cancelled name="execute(('getitem-transpose-store-map-74d2255ae39fd0adcbd3a299c42966e4', 28, 1))" coro=<Worker.execute() done, defined at /work/ab0246/a270092/software/miniforge3/envs/pycmor_env/lib/python3.9/site-packages/distributed/worker_state_machine.py:3615>> ended with CancelledError
2026-03-13 04:16:43,598 - distributed.worker.state_machine - WARNING - Async instruction for <Task cancelled name="execute(('getitem-transpose-store-map-74d2255ae39fd0adcbd3a299c42966e4', 303, 1))" coro=<Worker.execute() done, defined at /work/ab0246/a270092/software/miniforge3/envs/pycmor_env/lib/python3.9/site-packages/distributed/worker_state_machine.py:3615>> ended with CancelledError
2026-03-13 04:16:43,598 - distributed.worker.state_machine - WARNING - Async instruction for <Task cancelled name="execute(('getitem-transpose-store-map-74d2255ae39fd0adcbd3a299c42966e4', 181, 2))" coro=<Worker.execute() done, defined at /work/ab0246/a270092/software/miniforge3/envs/pycmor_env/lib/python3.9/site-packages/distributed/worker_state_machine.py:3615>> ended with CancelledError
2026-03-13 04:16:43,598 - distributed.worker.state_machine - WARNING - Async instruction for <Task cancelled name="execute(('getitem-transpose-store-map-74d2255ae39fd0adcbd3a299c42966e4', 89, 0))" coro=<Worker.execute() done, defined at /work/ab0246/a270092/software/miniforge3/envs/pycmor_env/lib/python3.9/site-packages/distributed/worker_state_machine.py:3615>> ended with CancelledError
2026-03-13 04:16:43,632 - distributed.worker.state_machine - WARNING - Async instruction for <Task cancelled name="execute(('getitem-transpose-store-map-74d2255ae39fd0adcbd3a299c42966e4', 150, 1))" coro=<Worker.execute() done, defined at /work/ab0246/a270092/software/miniforge3/envs/pycmor_env/lib/python3.9/site-packages/distributed/worker_state_machine.py:3615>> ended with CancelledError
2026-03-13 04:16:43,632 - distributed.worker.state_machine - WARNING - Async instruction for <Task cancelled name="execute(('groupby_nanmean-32d14035a74df0515597f8ac947863fb', 3, 11))" coro=<Worker.execute() done, defined at /work/ab0246/a270092/software/miniforge3/envs/pycmor_env/lib/python3.9/site-packages/distributed/worker_state_machine.py:3615>> ended with CancelledError
2026-03-13 04:16:43,632 - distributed.worker.state_machine - WARNING - Async instruction for <Task cancelled name="execute(('getitem-transpose-store-map-74d2255ae39fd0adcbd3a299c42966e4', 212, 2))" coro=<Worker.execute() done, defined at /work/ab0246/a270092/software/miniforge3/envs/pycmor_env/lib/python3.9/site-packages/distributed/worker_state_machine.py:3615>> ended with CancelledError
2026-03-13 04:16:43,632 - distributed.worker.state_machine - WARNING - Async instruction for <Task cancelled name="execute(('getitem-transpose-store-map-74d2255ae39fd0adcbd3a299c42966e4', 150, 0))" coro=<Worker.execute() done, defined at /work/ab0246/a270092/software/miniforge3/envs/pycmor_env/lib/python3.9/site-packages/distributed/worker_state_machine.py:3615>> ended with CancelledError
2026-03-13 04:16:43,632 - distributed.worker.state_machine - WARNING - Async instruction for <Task cancelled name="execute(('getitem-transpose-store-map-74d2255ae39fd0adcbd3a299c42966e4', 150, 2))" coro=<Worker.execute() done, defined at /work/ab0246/a270092/software/miniforge3/envs/pycmor_env/lib/python3.9/site-packages/distributed/worker_state_machine.py:3615>> ended with CancelledError
2026-03-13 04:16:43,632 - distributed.worker.state_machine - WARNING - Async instruction for <Task cancelled name="execute(('getitem-transpose-store-map-74d2255ae39fd0adcbd3a299c42966e4', 120, 1))" coro=<Worker.execute() done, defined at /work/ab0246/a270092/software/miniforge3/envs/pycmor_env/lib/python3.9/site-packages/distributed/worker_state_machine.py:3615>> ended with CancelledError
2026-03-13 04:16:43,632 - distributed.worker.state_machine - WARNING - Async instruction for <Task cancelled name="execute(('getitem-transpose-store-map-74d2255ae39fd0adcbd3a299c42966e4', 150, 3))" coro=<Worker.execute() done, defined at /work/ab0246/a270092/software/miniforge3/envs/pycmor_env/lib/python3.9/site-packages/distributed/worker_state_machine.py:3615>> ended with CancelledError
2026-03-13 04:16:43,633 - distributed.worker.state_machine - WARNING - Async instruction for <Task cancelled name="execute(('getitem-transpose-store-map-74d2255ae39fd0adcbd3a299c42966e4', 89, 3))" coro=<Worker.execute() done, defined at /work/ab0246/a270092/software/miniforge3/envs/pycmor_env/lib/python3.9/site-packages/distributed/worker_state_machine.py:3615>> ended with CancelledError
2026-03-13 04:16:43,633 - distributed.worker.state_machine - WARNING - Async instruction for <Task cancelled name="execute(('getitem-transpose-store-map-74d2255ae39fd0adcbd3a299c42966e4', 181, 3))" coro=<Worker.execute() done, defined at /work/ab0246/a270092/software/miniforge3/envs/pycmor_env/lib/python3.9/site-packages/distributed/worker_state_machine.py:3615>> ended with CancelledError
2026-03-13 04:16:43,656 - distributed.worker.state_machine - WARNING - Async instruction for <Task cancelled name="execute(('getitem-transpose-store-map-74d2255ae39fd0adcbd3a299c42966e4', 0, 0))" coro=<Worker.execute() done, defined at /work/ab0246/a270092/software/miniforge3/envs/pycmor_env/lib/python3.9/site-packages/distributed/worker_state_machine.py:3615>> ended with CancelledError
2026-03-13 04:16:43,656 - distributed.worker.state_machine - WARNING - Async instruction for <Task cancelled name="execute(('groupby_nanmean-32d14035a74df0515597f8ac947863fb', 1, 11))" coro=<Worker.execute() done, defined at /work/ab0246/a270092/software/miniforge3/envs/pycmor_env/lib/python3.9/site-packages/distributed/worker_state_machine.py:3615>> ended with CancelledError
2026-03-13 04:16:43,657 - distributed.worker.state_machine - WARNING - Async instruction for <Task cancelled name="execute(('getitem-transpose-store-map-74d2255ae39fd0adcbd3a299c42966e4', 0, 3))" coro=<Worker.execute() done, defined at /work/ab0246/a270092/software/miniforge3/envs/pycmor_env/lib/python3.9/site-packages/distributed/worker_state_machine.py:3615>> ended with CancelledError
2026-03-13 04:16:43,657 - distributed.worker.state_machine - WARNING - Async instruction for <Task cancelled name="execute(('getitem-transpose-store-map-74d2255ae39fd0adcbd3a299c42966e4', 89, 1))" coro=<Worker.execute() done, defined at /work/ab0246/a270092/software/miniforge3/envs/pycmor_env/lib/python3.9/site-packages/distributed/worker_state_machine.py:3615>> ended with CancelledError
2026-03-13 04:16:43,657 - distributed.worker.state_machine - WARNING - Async instruction for <Task cancelled name="execute(('getitem-transpose-store-map-74d2255ae39fd0adcbd3a299c42966e4', 0, 2))" coro=<Worker.execute() done, defined at /work/ab0246/a270092/software/miniforge3/envs/pycmor_env/lib/python3.9/site-packages/distributed/worker_state_machine.py:3615>> ended with CancelledError
2026-03-13 04:16:43,657 - distributed.worker.state_machine - WARNING - Async instruction for <Task cancelled name="execute(('getitem-transpose-store-map-74d2255ae39fd0adcbd3a299c42966e4', 273, 0))" coro=<Worker.execute() done, defined at /work/ab0246/a270092/software/miniforge3/envs/pycmor_env/lib/python3.9/site-packages/distributed/worker_state_machine.py:3615>> ended with CancelledError
2026-03-13 04:16:43,657 - distributed.worker.state_machine - WARNING - Async instruction for <Task cancelled name="execute(('getitem-transpose-store-map-74d2255ae39fd0adcbd3a299c42966e4', 0, 1))" coro=<Worker.execute() done, defined at /work/ab0246/a270092/software/miniforge3/envs/pycmor_env/lib/python3.9/site-packages/distributed/worker_state_machine.py:3615>> ended with CancelledError
2026-03-13 04:16:43,657 - distributed.worker.state_machine - WARNING - Async instruction for <Task cancelled name="execute(('getitem-transpose-store-map-74d2255ae39fd0adcbd3a299c42966e4', 181, 0))" coro=<Worker.execute() done, defined at /work/ab0246/a270092/software/miniforge3/envs/pycmor_env/lib/python3.9/site-packages/distributed/worker_state_machine.py:3615>> ended with CancelledError
04:16:47.096 | WARNING | pint.util - Redefining 'percent' (<class 'pint.delegates.txt_defparser.plain.UnitDefinition'>)
04:16:47.098 | WARNING | pint.util - Redefining '%' (<class 'pint.delegates.txt_defparser.plain.UnitDefinition'>)
04:16:47.099 | WARNING | pint.util - Redefining 'year' (<class 'pint.delegates.txt_defparser.plain.UnitDefinition'>)
04:16:47.099 | WARNING | pint.util - Redefining 'yr' (<class 'pint.delegates.txt_defparser.plain.UnitDefinition'>)
04:16:47.099 | WARNING | pint.util - Redefining 'C' (<class 'pint.delegates.txt_defparser.plain.UnitDefinition'>)
04:16:47.100 | WARNING | pint.util - Redefining 'd' (<class 'pint.delegates.txt_defparser.plain.UnitDefinition'>)
04:16:47.100 | WARNING | pint.util - Redefining 'h' (<class 'pint.delegates.txt_defparser.plain.UnitDefinition'>)
04:16:47.100 | WARNING | pint.util - Redefining 'degrees_north' (<class 'pint.delegates.txt_defparser.plain.UnitDefinition'>)
04:16:47.101 | WARNING | pint.util - Redefining 'degrees_east' (<class 'pint.delegates.txt_defparser.plain.UnitDefinition'>)
04:16:47.101 | WARNING | pint.util - Redefining 'degrees' (<class 'pint.delegates.txt_defparser.plain.UnitDefinition'>)
04:16:47.102 | WARNING | pint.util - Redefining '[speed]' (<class 'pint.delegates.txt_defparser.plain.DerivedDimensionDefinition'>)
[03/13/26 04:16:47] WARNING  Import(s) unavailable to set up matplotlib support...skipping this portion of the setup.                                                                                                                    logging.py:10
04:16:47.312 | WARNING | pint.util - Redefining 'percent' (<class 'pint.delegates.txt_defparser.plain.UnitDefinition'>)
04:16:47.314 | WARNING | pint.util - Redefining '%' (<class 'pint.delegates.txt_defparser.plain.UnitDefinition'>)
04:16:47.315 | WARNING | pint.util - Redefining 'year' (<class 'pint.delegates.txt_defparser.plain.UnitDefinition'>)
04:16:47.315 | WARNING | pint.util - Redefining 'yr' (<class 'pint.delegates.txt_defparser.plain.UnitDefinition'>)
04:16:47.315 | WARNING | pint.util - Redefining 'C' (<class 'pint.delegates.txt_defparser.plain.UnitDefinition'>)
04:16:47.316 | WARNING | pint.util - Redefining 'd' (<class 'pint.delegates.txt_defparser.plain.UnitDefinition'>)
04:16:47.316 | WARNING | pint.util - Redefining 'h' (<class 'pint.delegates.txt_defparser.plain.UnitDefinition'>)
04:16:47.316 | WARNING | pint.util - Redefining 'degrees_north' (<class 'pint.delegates.txt_defparser.plain.UnitDefinition'>)
04:16:47.317 | WARNING | pint.util - Redefining 'degrees_east' (<class 'pint.delegates.txt_defparser.plain.UnitDefinition'>)
04:16:47.317 | WARNING | pint.util - Redefining 'degrees' (<class 'pint.delegates.txt_defparser.plain.UnitDefinition'>)
04:16:47.318 | WARNING | pint.util - Redefining '[speed]' (<class 'pint.delegates.txt_defparser.plain.DerivedDimensionDefinition'>)
[03/13/26 04:16:47] WARNING  Import(s) unavailable to set up matplotlib support...skipping this portion of the setup.                                                                                                                    logging.py:10
04:16:47.388 | WARNING | pint.util - Redefining 'percent' (<class 'pint.delegates.txt_defparser.plain.UnitDefinition'>)
04:16:47.390 | WARNING | pint.util - Redefining '%' (<class 'pint.delegates.txt_defparser.plain.UnitDefinition'>)
04:16:47.391 | WARNING | pint.util - Redefining 'year' (<class 'pint.delegates.txt_defparser.plain.UnitDefinition'>)
04:16:47.389 | WARNING | pint.util - Redefining 'percent' (<class 'pint.delegates.txt_defparser.plain.UnitDefinition'>)
04:16:47.391 | WARNING | pint.util - Redefining 'yr' (<class 'pint.delegates.txt_defparser.plain.UnitDefinition'>)
04:16:47.391 | WARNING | pint.util - Redefining '%' (<class 'pint.delegates.txt_defparser.plain.UnitDefinition'>)
04:16:47.392 | WARNING | pint.util - Redefining 'C' (<class 'pint.delegates.txt_defparser.plain.UnitDefinition'>)
04:16:47.392 | WARNING | pint.util - Redefining 'year' (<class 'pint.delegates.txt_defparser.plain.UnitDefinition'>)
04:16:47.392 | WARNING | pint.util - Redefining 'd' (<class 'pint.delegates.txt_defparser.plain.UnitDefinition'>)
04:16:47.392 | WARNING | pint.util - Redefining 'yr' (<class 'pint.delegates.txt_defparser.plain.UnitDefinition'>)
04:16:47.392 | WARNING | pint.util - Redefining 'h' (<class 'pint.delegates.txt_defparser.plain.UnitDefinition'>)
04:16:47.393 | WARNING | pint.util - Redefining 'C' (<class 'pint.delegates.txt_defparser.plain.UnitDefinition'>)
04:16:47.393 | WARNING | pint.util - Redefining 'degrees_north' (<class 'pint.delegates.txt_defparser.plain.UnitDefinition'>)
04:16:47.393 | WARNING | pint.util - Redefining 'd' (<class 'pint.delegates.txt_defparser.plain.UnitDefinition'>)
04:16:47.393 | WARNING | pint.util - Redefining 'degrees_east' (<class 'pint.delegates.txt_defparser.plain.UnitDefinition'>)
04:16:47.393 | WARNING | pint.util - Redefining 'h' (<class 'pint.delegates.txt_defparser.plain.UnitDefinition'>)
04:16:47.394 | WARNING | pint.util - Redefining 'degrees' (<class 'pint.delegates.txt_defparser.plain.UnitDefinition'>)
04:16:47.394 | WARNING | pint.util - Redefining 'degrees_north' (<class 'pint.delegates.txt_defparser.plain.UnitDefinition'>)
04:16:47.394 | WARNING | pint.util - Redefining '[speed]' (<class 'pint.delegates.txt_defparser.plain.DerivedDimensionDefinition'>)
04:16:47.394 | WARNING | pint.util - Redefining 'degrees_east' (<class 'pint.delegates.txt_defparser.plain.UnitDefinition'>)
04:16:47.395 | WARNING | pint.util - Redefining 'degrees' (<class 'pint.delegates.txt_defparser.plain.UnitDefinition'>)
04:16:47.395 | WARNING | pint.util - Redefining '[speed]' (<class 'pint.delegates.txt_defparser.plain.DerivedDimensionDefinition'>)
[03/13/26 04:16:47] WARNING  Import(s) unavailable to set up matplotlib support...skipping this portion of the setup.                                                                                                                    logging.py:10
[03/13/26 04:16:47] WARNING  Import(s) unavailable to set up matplotlib support...skipping this portion of the setup.                                                                                                                    logging.py:10
04:16:47.481 | WARNING | pint.util - Redefining 'percent' (<class 'pint.delegates.txt_defparser.plain.UnitDefinition'>)
04:16:47.483 | WARNING | pint.util - Redefining '%' (<class 'pint.delegates.txt_defparser.plain.UnitDefinition'>)
04:16:47.483 | WARNING | pint.util - Redefining 'year' (<class 'pint.delegates.txt_defparser.plain.UnitDefinition'>)
04:16:47.484 | WARNING | pint.util - Redefining 'yr' (<class 'pint.delegates.txt_defparser.plain.UnitDefinition'>)
04:16:47.484 | WARNING | pint.util - Redefining 'C' (<class 'pint.delegates.txt_defparser.plain.UnitDefinition'>)
04:16:47.485 | WARNING | pint.util - Redefining 'd' (<class 'pint.delegates.txt_defparser.plain.UnitDefinition'>)
04:16:47.485 | WARNING | pint.util - Redefining 'h' (<class 'pint.delegates.txt_defparser.plain.UnitDefinition'>)
04:16:47.485 | WARNING | pint.util - Redefining 'degrees_north' (<class 'pint.delegates.txt_defparser.plain.UnitDefinition'>)
04:16:47.486 | WARNING | pint.util - Redefining 'degrees_east' (<class 'pint.delegates.txt_defparser.plain.UnitDefinition'>)
04:16:47.486 | WARNING | pint.util - Redefining 'degrees' (<class 'pint.delegates.txt_defparser.plain.UnitDefinition'>)
04:16:47.487 | WARNING | pint.util - Redefining '[speed]' (<class 'pint.delegates.txt_defparser.plain.DerivedDimensionDefinition'>)
[03/13/26 04:16:47] WARNING  Import(s) unavailable to set up matplotlib support...skipping this portion of the setup.                                                                                                                    logging.py:10
04:16:47.521 | WARNING | pint.util - Redefining 'percent' (<class 'pint.delegates.txt_defparser.plain.UnitDefinition'>)
04:16:47.523 | WARNING | pint.util - Redefining '%' (<class 'pint.delegates.txt_defparser.plain.UnitDefinition'>)
04:16:47.523 | WARNING | pint.util - Redefining 'year' (<class 'pint.delegates.txt_defparser.plain.UnitDefinition'>)
04:16:47.524 | WARNING | pint.util - Redefining 'yr' (<class 'pint.delegates.txt_defparser.plain.UnitDefinition'>)
04:16:47.524 | WARNING | pint.util - Redefining 'C' (<class 'pint.delegates.txt_defparser.plain.UnitDefinition'>)
04:16:47.524 | WARNING | pint.util - Redefining 'd' (<class 'pint.delegates.txt_defparser.plain.UnitDefinition'>)
04:16:47.525 | WARNING | pint.util - Redefining 'h' (<class 'pint.delegates.txt_defparser.plain.UnitDefinition'>)
04:16:47.525 | WARNING | pint.util - Redefining 'degrees_north' (<class 'pint.delegates.txt_defparser.plain.UnitDefinition'>)
04:16:47.524 | WARNING | pint.util - Redefining 'percent' (<class 'pint.delegates.txt_defparser.plain.UnitDefinition'>)
04:16:47.526 | WARNING | pint.util - Redefining 'degrees_east' (<class 'pint.delegates.txt_defparser.plain.UnitDefinition'>)
04:16:47.526 | WARNING | pint.util - Redefining '%' (<class 'pint.delegates.txt_defparser.plain.UnitDefinition'>)
04:16:47.526 | WARNING | pint.util - Redefining 'degrees' (<class 'pint.delegates.txt_defparser.plain.UnitDefinition'>)
04:16:47.526 | WARNING | pint.util - Redefining 'year' (<class 'pint.delegates.txt_defparser.plain.UnitDefinition'>)
04:16:47.526 | WARNING | pint.util - Redefining '[speed]' (<class 'pint.delegates.txt_defparser.plain.DerivedDimensionDefinition'>)
04:16:47.526 | WARNING | pint.util - Redefining 'yr' (<class 'pint.delegates.txt_defparser.plain.UnitDefinition'>)
04:16:47.527 | WARNING | pint.util - Redefining 'C' (<class 'pint.delegates.txt_defparser.plain.UnitDefinition'>)
04:16:47.527 | WARNING | pint.util - Redefining 'd' (<class 'pint.delegates.txt_defparser.plain.UnitDefinition'>)
04:16:47.528 | WARNING | pint.util - Redefining 'h' (<class 'pint.delegates.txt_defparser.plain.UnitDefinition'>)
04:16:47.528 | WARNING | pint.util - Redefining 'degrees_north' (<class 'pint.delegates.txt_defparser.plain.UnitDefinition'>)
04:16:47.529 | WARNING | pint.util - Redefining 'degrees_east' (<class 'pint.delegates.txt_defparser.plain.UnitDefinition'>)
04:16:47.529 | WARNING | pint.util - Redefining 'degrees' (<class 'pint.delegates.txt_defparser.plain.UnitDefinition'>)
04:16:47.529 | WARNING | pint.util - Redefining '[speed]' (<class 'pint.delegates.txt_defparser.plain.DerivedDimensionDefinition'>)
[03/13/26 04:16:47] WARNING  Import(s) unavailable to set up matplotlib support...skipping this portion of the setup.                                                                                                                    logging.py:10
[03/13/26 04:16:47] WARNING  Import(s) unavailable to set up matplotlib support...skipping this portion of the setup.                                                                                                                    logging.py:10
2026-03-13 04:16:47,592 - distributed.nanny - WARNING - Worker process still alive after 4.0 seconds, killing
2026-03-13 04:16:47,595 - distributed.nanny - WARNING - Worker process still alive after 4.0 seconds, killing
2026-03-13 04:16:47,595 - distributed.nanny - WARNING - Worker process still alive after 4.0 seconds, killing
2026-03-13 04:16:47,596 - distributed.nanny - WARNING - Worker process still alive after 4.0 seconds, killing
2026-03-13 04:16:47,596 - distributed.nanny - WARNING - Worker process still alive after 4.0 seconds, killing
04:16:47.816 | WARNING | pint.util - Redefining 'percent' (<class 'pint.delegates.txt_defparser.plain.UnitDefinition'>)
04:16:47.818 | WARNING | pint.util - Redefining '%' (<class 'pint.delegates.txt_defparser.plain.UnitDefinition'>)
04:16:47.818 | WARNING | pint.util - Redefining 'year' (<class 'pint.delegates.txt_defparser.plain.UnitDefinition'>)
04:16:47.819 | WARNING | pint.util - Redefining 'yr' (<class 'pint.delegates.txt_defparser.plain.UnitDefinition'>)
04:16:47.819 | WARNING | pint.util - Redefining 'C' (<class 'pint.delegates.txt_defparser.plain.UnitDefinition'>)
04:16:47.819 | WARNING | pint.util - Redefining 'd' (<class 'pint.delegates.txt_defparser.plain.UnitDefinition'>)
04:16:47.820 | WARNING | pint.util - Redefining 'h' (<class 'pint.delegates.txt_defparser.plain.UnitDefinition'>)
04:16:47.820 | WARNING | pint.util - Redefining 'degrees_north' (<class 'pint.delegates.txt_defparser.plain.UnitDefinition'>)
04:16:47.821 | WARNING | pint.util - Redefining 'degrees_east' (<class 'pint.delegates.txt_defparser.plain.UnitDefinition'>)
04:16:47.821 | WARNING | pint.util - Redefining 'degrees' (<class 'pint.delegates.txt_defparser.plain.UnitDefinition'>)
04:16:47.821 | WARNING | pint.util - Redefining '[speed]' (<class 'pint.delegates.txt_defparser.plain.DerivedDimensionDefinition'>)
[03/13/26 04:16:47] WARNING  Import(s) unavailable to set up matplotlib support...skipping this portion of the setup.                                                                                                                    logging.py:10
04:16:47.936 | WARNING | pint.util - Redefining 'percent' (<class 'pint.delegates.txt_defparser.plain.UnitDefinition'>)
04:16:47.938 | WARNING | pint.util - Redefining '%' (<class 'pint.delegates.txt_defparser.plain.UnitDefinition'>)
04:16:47.939 | WARNING | pint.util - Redefining 'year' (<class 'pint.delegates.txt_defparser.plain.UnitDefinition'>)
04:16:47.939 | WARNING | pint.util - Redefining 'yr' (<class 'pint.delegates.txt_defparser.plain.UnitDefinition'>)
04:16:47.939 | WARNING | pint.util - Redefining 'C' (<class 'pint.delegates.txt_defparser.plain.UnitDefinition'>)
04:16:47.940 | WARNING | pint.util - Redefining 'd' (<class 'pint.delegates.txt_defparser.plain.UnitDefinition'>)
04:16:47.940 | WARNING | pint.util - Redefining 'h' (<class 'pint.delegates.txt_defparser.plain.UnitDefinition'>)
04:16:47.941 | WARNING | pint.util - Redefining 'degrees_north' (<class 'pint.delegates.txt_defparser.plain.UnitDefinition'>)
04:16:47.941 | WARNING | pint.util - Redefining 'degrees_east' (<class 'pint.delegates.txt_defparser.plain.UnitDefinition'>)
04:16:47.942 | WARNING | pint.util - Redefining 'degrees' (<class 'pint.delegates.txt_defparser.plain.UnitDefinition'>)
04:16:47.942 | WARNING | pint.util - Redefining '[speed]' (<class 'pint.delegates.txt_defparser.plain.DerivedDimensionDefinition'>)
[03/13/26 04:16:47] WARNING  Import(s) unavailable to set up matplotlib support...skipping this portion of the setup.                                                                                                                    logging.py:10
04:16:48.021 | WARNING | pint.util - Redefining 'percent' (<class 'pint.delegates.txt_defparser.plain.UnitDefinition'>)
04:16:48.023 | WARNING | pint.util - Redefining '%' (<class 'pint.delegates.txt_defparser.plain.UnitDefinition'>)
04:16:48.023 | WARNING | pint.util - Redefining 'year' (<class 'pint.delegates.txt_defparser.plain.UnitDefinition'>)
04:16:48.024 | WARNING | pint.util - Redefining 'yr' (<class 'pint.delegates.txt_defparser.plain.UnitDefinition'>)
04:16:48.024 | WARNING | pint.util - Redefining 'C' (<class 'pint.delegates.txt_defparser.plain.UnitDefinition'>)
04:16:48.025 | WARNING | pint.util - Redefining 'd' (<class 'pint.delegates.txt_defparser.plain.UnitDefinition'>)
04:16:48.025 | WARNING | pint.util - Redefining 'h' (<class 'pint.delegates.txt_defparser.plain.UnitDefinition'>)
04:16:48.025 | WARNING | pint.util - Redefining 'degrees_north' (<class 'pint.delegates.txt_defparser.plain.UnitDefinition'>)
04:16:48.026 | WARNING | pint.util - Redefining 'degrees_east' (<class 'pint.delegates.txt_defparser.plain.UnitDefinition'>)
04:16:48.026 | WARNING | pint.util - Redefining 'degrees' (<class 'pint.delegates.txt_defparser.plain.UnitDefinition'>)
04:16:48.027 | WARNING | pint.util - Redefining '[speed]' (<class 'pint.delegates.txt_defparser.plain.DerivedDimensionDefinition'>)
[03/13/26 04:16:48] WARNING  Import(s) unavailable to set up matplotlib support...skipping this portion of the setup.                                                                                                                    logging.py:10
2026-03-13 04:16:56,505 - distributed.client - ERROR - 
Traceback (most recent call last):
  File "/work/ab0246/a270092/software/miniforge3/envs/pycmor_env/lib/python3.9/site-packages/distributed/utils.py", line 837, in wrapper
    return await func(*args, **kwargs)
  File "/work/ab0246/a270092/software/miniforge3/envs/pycmor_env/lib/python3.9/site-packages/distributed/client.py", line 1949, in _close
    await self.cluster.close()
  File "/work/ab0246/a270092/software/miniforge3/envs/pycmor_env/lib/python3.9/site-packages/distributed/deploy/spec.py", line 434, in _close
    await asyncio.sleep(0.1)
  File "/work/ab0246/a270092/software/miniforge3/envs/pycmor_env/lib/python3.9/asyncio/tasks.py", line 652, in sleep
    return await future
asyncio.exceptions.CancelledError
