04:12:10.686 | WARNING | pint.util - Redefining 'percent' (<class 'pint.delegates.txt_defparser.plain.UnitDefinition'>)
04:12:10.688 | WARNING | pint.util - Redefining '%' (<class 'pint.delegates.txt_defparser.plain.UnitDefinition'>)
04:12:10.689 | WARNING | pint.util - Redefining 'year' (<class 'pint.delegates.txt_defparser.plain.UnitDefinition'>)
04:12:10.689 | WARNING | pint.util - Redefining 'yr' (<class 'pint.delegates.txt_defparser.plain.UnitDefinition'>)
04:12:10.690 | WARNING | pint.util - Redefining 'C' (<class 'pint.delegates.txt_defparser.plain.UnitDefinition'>)
04:12:10.690 | WARNING | pint.util - Redefining 'd' (<class 'pint.delegates.txt_defparser.plain.UnitDefinition'>)
04:12:10.690 | WARNING | pint.util - Redefining 'h' (<class 'pint.delegates.txt_defparser.plain.UnitDefinition'>)
04:12:10.691 | WARNING | pint.util - Redefining 'degrees_north' (<class 'pint.delegates.txt_defparser.plain.UnitDefinition'>)
04:12:10.691 | WARNING | pint.util - Redefining 'degrees_east' (<class 'pint.delegates.txt_defparser.plain.UnitDefinition'>)
04:12:10.692 | WARNING | pint.util - Redefining 'degrees' (<class 'pint.delegates.txt_defparser.plain.UnitDefinition'>)
04:12:10.692 | WARNING | pint.util - Redefining '[speed]' (<class 'pint.delegates.txt_defparser.plain.DerivedDimensionDefinition'>)
[03/13/26 04:12:10] WARNING  Import(s) unavailable to set up matplotlib support...skipping this portion of the setup.                                                                                                                    logging.py:10
Command line: "/work/ab0246/a270092/software/miniforge3/envs/pycmor_env/bin/pycmor --verbose process cmorize_sst.yaml"
pycmor version 1.0.2+22.g6ab5bb8.dirty
Run started at 2026-03-13 04:12:11
Processing cmorize_sst.yaml
################################################################################
---------------------
General Configuration
---------------------
CMIP_Tables_Dir: /work/ab0246/a270092/software/pycmor/src/pycmor/data/cmip7
CV_Dir: /work/ab0246/a270077/SciComp/Projects/pycmor/cmip6-cmor-tables/CMIP6_CVs
cmor_version: CMIP7
description: CMIP7 CMORization of SST for AWI-ESM3-VEG-LR piControl experiment
email: jan.streffing@awi.de
maintainer: Jan Streffing
mip: CMIP
name: AWI-ESM3-VEG-LR PI Control SST

--------------------
PyCMOR Configuration:
--------------------
DASK_CLUSTER: local
DASK_CLUSTER_SCALING_FIXED_JOBS: '5'
DASK_CLUSTER_SCALING_MAXIMUM_JOBS: '10'
DASK_CLUSTER_SCALING_MINIMUM_JOBS: '1'
DASK_CLUSTER_SCALING_MODE: adapt
DIMENSIONLESS_MAPPING_TABLE: /work/ab0246/a270092/software/pycmor/src/pycmor/data/dimensionless_mappings.yaml
ENABLE_DASK: 'False'
ENABLE_FLOX: 'yes'
ENABLE_OUTPUT_SUBDIRS: 'no'
FILE_TIMESPAN: 1YS
PARALLEL: 'False'
PARALLEL_BACKEND: dask
PIPELINE_WORKFLOW_ORCHESTRATOR: native
PREFECT_TASK_RUNNER: thread_pool
QUIET: 'False'
RAISE_ON_NO_RULE: 'no'
WARN_ON_NO_RULE: 'False'
XARRAY_DEFAULT_MISSING_VALUE: 1e+30
XARRAY_OPEN_MFDATASET_ENGINE: netcdf4
XARRAY_OPEN_MFDATASET_PARALLEL: 'False'
XARRAY_SKIP_UNIT_ATTR_FROM_DRV: 'yes'
XARRAY_TIME_DTYPE: float64
XARRAY_TIME_ENABLE_SET_AXIS: 'yes'
XARRAY_TIME_REMOVE_FILL_VALUE_ATTR: 'yes'
XARRAY_TIME_SET_LONG_NAME: 'yes'
XARRAY_TIME_SET_STANDARD_NAME: 'yes'
XARRAY_TIME_TAXIS_STR: T
XARRAY_TIME_UNLIMITED: 'yes'

################################################################################
Setting Dask cluster cluster=None in context!
Removing Dask cluster from context!
...post-init done!
Importing module 'pycmor.core.gather_inputs' to get callable 'load_mfdataset'
Importing module 'pycmor.std_lib' to get callable 'get_variable'
Importing module 'pycmor.std_lib' to get callable 'time_average'
Importing module 'pycmor.std_lib' to get callable 'convert_units'
Importing module 'pycmor.std_lib.setgrid' to get callable 'setgrid'
Importing module 'pycmor.std_lib' to get callable 'set_global_attributes'
Importing module 'pycmor.std_lib' to get callable 'trigger_compute'
Importing module 'pycmor.std_lib.files' to get callable 'save_dataset'
Setting Dask cluster cluster=None in context!
Removing Dask cluster from context!
Object creation done!
04:12:17.281 | WARNING | pint.util - Redefining 'percent' (<class 'pint.delegates.txt_defparser.plain.UnitDefinition'>)
04:12:17.283 | WARNING | pint.util - Redefining '%' (<class 'pint.delegates.txt_defparser.plain.UnitDefinition'>)
04:12:17.284 | WARNING | pint.util - Redefining 'year' (<class 'pint.delegates.txt_defparser.plain.UnitDefinition'>)
04:12:17.284 | WARNING | pint.util - Redefining 'yr' (<class 'pint.delegates.txt_defparser.plain.UnitDefinition'>)
04:12:17.285 | WARNING | pint.util - Redefining 'C' (<class 'pint.delegates.txt_defparser.plain.UnitDefinition'>)
04:12:17.285 | WARNING | pint.util - Redefining 'd' (<class 'pint.delegates.txt_defparser.plain.UnitDefinition'>)
04:12:17.286 | WARNING | pint.util - Redefining 'h' (<class 'pint.delegates.txt_defparser.plain.UnitDefinition'>)
04:12:17.286 | WARNING | pint.util - Redefining 'degrees_north' (<class 'pint.delegates.txt_defparser.plain.UnitDefinition'>)
04:12:17.286 | WARNING | pint.util - Redefining 'degrees_east' (<class 'pint.delegates.txt_defparser.plain.UnitDefinition'>)
04:12:17.287 | WARNING | pint.util - Redefining 'degrees' (<class 'pint.delegates.txt_defparser.plain.UnitDefinition'>)
04:12:17.287 | WARNING | pint.util - Redefining '[speed]' (<class 'pint.delegates.txt_defparser.plain.DerivedDimensionDefinition'>)
[03/13/26 04:12:17] WARNING  Import(s) unavailable to set up matplotlib support...skipping this portion of the setup.                                                                                                                    logging.py:10
04:12:17.353 | WARNING | pint.util - Redefining 'percent' (<class 'pint.delegates.txt_defparser.plain.UnitDefinition'>)
04:12:17.356 | WARNING | pint.util - Redefining '%' (<class 'pint.delegates.txt_defparser.plain.UnitDefinition'>)
04:12:17.356 | WARNING | pint.util - Redefining 'year' (<class 'pint.delegates.txt_defparser.plain.UnitDefinition'>)
04:12:17.356 | WARNING | pint.util - Redefining 'yr' (<class 'pint.delegates.txt_defparser.plain.UnitDefinition'>)
04:12:17.357 | WARNING | pint.util - Redefining 'C' (<class 'pint.delegates.txt_defparser.plain.UnitDefinition'>)
04:12:17.356 | WARNING | pint.util - Redefining 'percent' (<class 'pint.delegates.txt_defparser.plain.UnitDefinition'>)
04:12:17.357 | WARNING | pint.util - Redefining 'd' (<class 'pint.delegates.txt_defparser.plain.UnitDefinition'>)
04:12:17.358 | WARNING | pint.util - Redefining '%' (<class 'pint.delegates.txt_defparser.plain.UnitDefinition'>)
04:12:17.358 | WARNING | pint.util - Redefining 'h' (<class 'pint.delegates.txt_defparser.plain.UnitDefinition'>)
04:12:17.358 | WARNING | pint.util - Redefining 'degrees_north' (<class 'pint.delegates.txt_defparser.plain.UnitDefinition'>)
04:12:17.358 | WARNING | pint.util - Redefining 'year' (<class 'pint.delegates.txt_defparser.plain.UnitDefinition'>)
04:12:17.358 | WARNING | pint.util - Redefining 'yr' (<class 'pint.delegates.txt_defparser.plain.UnitDefinition'>)
04:12:17.359 | WARNING | pint.util - Redefining 'degrees_east' (<class 'pint.delegates.txt_defparser.plain.UnitDefinition'>)
04:12:17.359 | WARNING | pint.util - Redefining 'C' (<class 'pint.delegates.txt_defparser.plain.UnitDefinition'>)
04:12:17.359 | WARNING | pint.util - Redefining 'degrees' (<class 'pint.delegates.txt_defparser.plain.UnitDefinition'>)
04:12:17.359 | WARNING | pint.util - Redefining 'd' (<class 'pint.delegates.txt_defparser.plain.UnitDefinition'>)
04:12:17.359 | WARNING | pint.util - Redefining '[speed]' (<class 'pint.delegates.txt_defparser.plain.DerivedDimensionDefinition'>)
04:12:17.360 | WARNING | pint.util - Redefining 'h' (<class 'pint.delegates.txt_defparser.plain.UnitDefinition'>)
04:12:17.360 | WARNING | pint.util - Redefining 'degrees_north' (<class 'pint.delegates.txt_defparser.plain.UnitDefinition'>)
04:12:17.360 | WARNING | pint.util - Redefining 'degrees_east' (<class 'pint.delegates.txt_defparser.plain.UnitDefinition'>)
04:12:17.361 | WARNING | pint.util - Redefining 'degrees' (<class 'pint.delegates.txt_defparser.plain.UnitDefinition'>)
04:12:17.361 | WARNING | pint.util - Redefining '[speed]' (<class 'pint.delegates.txt_defparser.plain.DerivedDimensionDefinition'>)
[03/13/26 04:12:17] WARNING  Import(s) unavailable to set up matplotlib support...skipping this portion of the setup.                                                                                                                    logging.py:10
[03/13/26 04:12:17] WARNING  Import(s) unavailable to set up matplotlib support...skipping this portion of the setup.                                                                                                                    logging.py:10
04:12:17.365 | WARNING | pint.util - Redefining 'percent' (<class 'pint.delegates.txt_defparser.plain.UnitDefinition'>)
04:12:17.367 | WARNING | pint.util - Redefining '%' (<class 'pint.delegates.txt_defparser.plain.UnitDefinition'>)
04:12:17.368 | WARNING | pint.util - Redefining 'year' (<class 'pint.delegates.txt_defparser.plain.UnitDefinition'>)
04:12:17.368 | WARNING | pint.util - Redefining 'yr' (<class 'pint.delegates.txt_defparser.plain.UnitDefinition'>)
04:12:17.369 | WARNING | pint.util - Redefining 'C' (<class 'pint.delegates.txt_defparser.plain.UnitDefinition'>)
04:12:17.369 | WARNING | pint.util - Redefining 'd' (<class 'pint.delegates.txt_defparser.plain.UnitDefinition'>)
04:12:17.370 | WARNING | pint.util - Redefining 'h' (<class 'pint.delegates.txt_defparser.plain.UnitDefinition'>)
04:12:17.370 | WARNING | pint.util - Redefining 'degrees_north' (<class 'pint.delegates.txt_defparser.plain.UnitDefinition'>)
04:12:17.370 | WARNING | pint.util - Redefining 'degrees_east' (<class 'pint.delegates.txt_defparser.plain.UnitDefinition'>)
04:12:17.371 | WARNING | pint.util - Redefining 'degrees' (<class 'pint.delegates.txt_defparser.plain.UnitDefinition'>)
04:12:17.371 | WARNING | pint.util - Redefining '[speed]' (<class 'pint.delegates.txt_defparser.plain.DerivedDimensionDefinition'>)
04:12:17.370 | WARNING | pint.util - Redefining 'percent' (<class 'pint.delegates.txt_defparser.plain.UnitDefinition'>)
04:12:17.372 | WARNING | pint.util - Redefining '%' (<class 'pint.delegates.txt_defparser.plain.UnitDefinition'>)
04:12:17.372 | WARNING | pint.util - Redefining 'year' (<class 'pint.delegates.txt_defparser.plain.UnitDefinition'>)
04:12:17.373 | WARNING | pint.util - Redefining 'yr' (<class 'pint.delegates.txt_defparser.plain.UnitDefinition'>)
04:12:17.373 | WARNING | pint.util - Redefining 'C' (<class 'pint.delegates.txt_defparser.plain.UnitDefinition'>)
04:12:17.373 | WARNING | pint.util - Redefining 'd' (<class 'pint.delegates.txt_defparser.plain.UnitDefinition'>)
04:12:17.374 | WARNING | pint.util - Redefining 'h' (<class 'pint.delegates.txt_defparser.plain.UnitDefinition'>)
04:12:17.374 | WARNING | pint.util - Redefining 'degrees_north' (<class 'pint.delegates.txt_defparser.plain.UnitDefinition'>)
04:12:17.375 | WARNING | pint.util - Redefining 'degrees_east' (<class 'pint.delegates.txt_defparser.plain.UnitDefinition'>)
04:12:17.375 | WARNING | pint.util - Redefining 'degrees' (<class 'pint.delegates.txt_defparser.plain.UnitDefinition'>)
04:12:17.376 | WARNING | pint.util - Redefining '[speed]' (<class 'pint.delegates.txt_defparser.plain.DerivedDimensionDefinition'>)
[03/13/26 04:12:17] WARNING  Import(s) unavailable to set up matplotlib support...skipping this portion of the setup.                                                                                                                    logging.py:10
[03/13/26 04:12:17] WARNING  Import(s) unavailable to set up matplotlib support...skipping this portion of the setup.                                                                                                                    logging.py:10
04:12:17.387 | WARNING | pint.util - Redefining 'percent' (<class 'pint.delegates.txt_defparser.plain.UnitDefinition'>)
04:12:17.387 | WARNING | pint.util - Redefining 'percent' (<class 'pint.delegates.txt_defparser.plain.UnitDefinition'>)
04:12:17.389 | WARNING | pint.util - Redefining '%' (<class 'pint.delegates.txt_defparser.plain.UnitDefinition'>)
04:12:17.389 | WARNING | pint.util - Redefining '%' (<class 'pint.delegates.txt_defparser.plain.UnitDefinition'>)
04:12:17.389 | WARNING | pint.util - Redefining 'year' (<class 'pint.delegates.txt_defparser.plain.UnitDefinition'>)
04:12:17.390 | WARNING | pint.util - Redefining 'year' (<class 'pint.delegates.txt_defparser.plain.UnitDefinition'>)
04:12:17.390 | WARNING | pint.util - Redefining 'yr' (<class 'pint.delegates.txt_defparser.plain.UnitDefinition'>)
04:12:17.390 | WARNING | pint.util - Redefining 'yr' (<class 'pint.delegates.txt_defparser.plain.UnitDefinition'>)
04:12:17.390 | WARNING | pint.util - Redefining 'C' (<class 'pint.delegates.txt_defparser.plain.UnitDefinition'>)
04:12:17.390 | WARNING | pint.util - Redefining 'C' (<class 'pint.delegates.txt_defparser.plain.UnitDefinition'>)
04:12:17.391 | WARNING | pint.util - Redefining 'd' (<class 'pint.delegates.txt_defparser.plain.UnitDefinition'>)
04:12:17.391 | WARNING | pint.util - Redefining 'd' (<class 'pint.delegates.txt_defparser.plain.UnitDefinition'>)
04:12:17.391 | WARNING | pint.util - Redefining 'h' (<class 'pint.delegates.txt_defparser.plain.UnitDefinition'>)
04:12:17.391 | WARNING | pint.util - Redefining 'h' (<class 'pint.delegates.txt_defparser.plain.UnitDefinition'>)
04:12:17.391 | WARNING | pint.util - Redefining 'degrees_north' (<class 'pint.delegates.txt_defparser.plain.UnitDefinition'>)
04:12:17.391 | WARNING | pint.util - Redefining 'degrees_north' (<class 'pint.delegates.txt_defparser.plain.UnitDefinition'>)
04:12:17.392 | WARNING | pint.util - Redefining 'degrees_east' (<class 'pint.delegates.txt_defparser.plain.UnitDefinition'>)
04:12:17.392 | WARNING | pint.util - Redefining 'degrees_east' (<class 'pint.delegates.txt_defparser.plain.UnitDefinition'>)
04:12:17.392 | WARNING | pint.util - Redefining 'degrees' (<class 'pint.delegates.txt_defparser.plain.UnitDefinition'>)
04:12:17.392 | WARNING | pint.util - Redefining 'degrees' (<class 'pint.delegates.txt_defparser.plain.UnitDefinition'>)
04:12:17.393 | WARNING | pint.util - Redefining '[speed]' (<class 'pint.delegates.txt_defparser.plain.DerivedDimensionDefinition'>)
04:12:17.393 | WARNING | pint.util - Redefining '[speed]' (<class 'pint.delegates.txt_defparser.plain.DerivedDimensionDefinition'>)
[03/13/26 04:12:17] WARNING  Import(s) unavailable to set up matplotlib support...skipping this portion of the setup.                                                                                                                    logging.py:10
[03/13/26 04:12:17] WARNING  Import(s) unavailable to set up matplotlib support...skipping this portion of the setup.                                                                                                                    logging.py:10
04:12:17.443 | WARNING | pint.util - Redefining 'percent' (<class 'pint.delegates.txt_defparser.plain.UnitDefinition'>)
04:12:17.445 | WARNING | pint.util - Redefining '%' (<class 'pint.delegates.txt_defparser.plain.UnitDefinition'>)
04:12:17.446 | WARNING | pint.util - Redefining 'year' (<class 'pint.delegates.txt_defparser.plain.UnitDefinition'>)
04:12:17.446 | WARNING | pint.util - Redefining 'yr' (<class 'pint.delegates.txt_defparser.plain.UnitDefinition'>)
04:12:17.447 | WARNING | pint.util - Redefining 'C' (<class 'pint.delegates.txt_defparser.plain.UnitDefinition'>)
04:12:17.447 | WARNING | pint.util - Redefining 'd' (<class 'pint.delegates.txt_defparser.plain.UnitDefinition'>)
04:12:17.448 | WARNING | pint.util - Redefining 'h' (<class 'pint.delegates.txt_defparser.plain.UnitDefinition'>)
04:12:17.448 | WARNING | pint.util - Redefining 'degrees_north' (<class 'pint.delegates.txt_defparser.plain.UnitDefinition'>)
04:12:17.448 | WARNING | pint.util - Redefining 'degrees_east' (<class 'pint.delegates.txt_defparser.plain.UnitDefinition'>)
04:12:17.449 | WARNING | pint.util - Redefining 'degrees' (<class 'pint.delegates.txt_defparser.plain.UnitDefinition'>)
04:12:17.449 | WARNING | pint.util - Redefining '[speed]' (<class 'pint.delegates.txt_defparser.plain.DerivedDimensionDefinition'>)
[03/13/26 04:12:17] WARNING  Import(s) unavailable to set up matplotlib support...skipping this portion of the setup.                                                                                                                    logging.py:10
04:12:17.473 | WARNING | pint.util - Redefining 'percent' (<class 'pint.delegates.txt_defparser.plain.UnitDefinition'>)
04:12:17.476 | WARNING | pint.util - Redefining '%' (<class 'pint.delegates.txt_defparser.plain.UnitDefinition'>)
04:12:17.476 | WARNING | pint.util - Redefining 'year' (<class 'pint.delegates.txt_defparser.plain.UnitDefinition'>)
04:12:17.477 | WARNING | pint.util - Redefining 'yr' (<class 'pint.delegates.txt_defparser.plain.UnitDefinition'>)
04:12:17.477 | WARNING | pint.util - Redefining 'C' (<class 'pint.delegates.txt_defparser.plain.UnitDefinition'>)
04:12:17.477 | WARNING | pint.util - Redefining 'd' (<class 'pint.delegates.txt_defparser.plain.UnitDefinition'>)
04:12:17.478 | WARNING | pint.util - Redefining 'h' (<class 'pint.delegates.txt_defparser.plain.UnitDefinition'>)
04:12:17.478 | WARNING | pint.util - Redefining 'degrees_north' (<class 'pint.delegates.txt_defparser.plain.UnitDefinition'>)
04:12:17.479 | WARNING | pint.util - Redefining 'degrees_east' (<class 'pint.delegates.txt_defparser.plain.UnitDefinition'>)
04:12:17.479 | WARNING | pint.util - Redefining 'degrees' (<class 'pint.delegates.txt_defparser.plain.UnitDefinition'>)
04:12:17.479 | WARNING | pint.util - Redefining '[speed]' (<class 'pint.delegates.txt_defparser.plain.DerivedDimensionDefinition'>)
[03/13/26 04:12:17] WARNING  Import(s) unavailable to set up matplotlib support...skipping this portion of the setup.                                                                                                                    logging.py:10
04:12:17.485 | WARNING | pint.util - Redefining 'percent' (<class 'pint.delegates.txt_defparser.plain.UnitDefinition'>)
04:12:17.487 | WARNING | pint.util - Redefining '%' (<class 'pint.delegates.txt_defparser.plain.UnitDefinition'>)
04:12:17.488 | WARNING | pint.util - Redefining 'year' (<class 'pint.delegates.txt_defparser.plain.UnitDefinition'>)
04:12:17.488 | WARNING | pint.util - Redefining 'yr' (<class 'pint.delegates.txt_defparser.plain.UnitDefinition'>)
04:12:17.488 | WARNING | pint.util - Redefining 'C' (<class 'pint.delegates.txt_defparser.plain.UnitDefinition'>)
04:12:17.489 | WARNING | pint.util - Redefining 'd' (<class 'pint.delegates.txt_defparser.plain.UnitDefinition'>)
04:12:17.489 | WARNING | pint.util - Redefining 'h' (<class 'pint.delegates.txt_defparser.plain.UnitDefinition'>)
04:12:17.489 | WARNING | pint.util - Redefining 'degrees_north' (<class 'pint.delegates.txt_defparser.plain.UnitDefinition'>)
04:12:17.490 | WARNING | pint.util - Redefining 'degrees_east' (<class 'pint.delegates.txt_defparser.plain.UnitDefinition'>)
04:12:17.490 | WARNING | pint.util - Redefining 'degrees' (<class 'pint.delegates.txt_defparser.plain.UnitDefinition'>)
04:12:17.491 | WARNING | pint.util - Redefining '[speed]' (<class 'pint.delegates.txt_defparser.plain.DerivedDimensionDefinition'>)
[03/13/26 04:12:17] WARNING  Import(s) unavailable to set up matplotlib support...skipping this portion of the setup.                                                                                                                    logging.py:10
04:12:17.504 | WARNING | pint.util - Redefining 'percent' (<class 'pint.delegates.txt_defparser.plain.UnitDefinition'>)
04:12:17.506 | WARNING | pint.util - Redefining '%' (<class 'pint.delegates.txt_defparser.plain.UnitDefinition'>)
04:12:17.507 | WARNING | pint.util - Redefining 'year' (<class 'pint.delegates.txt_defparser.plain.UnitDefinition'>)
04:12:17.507 | WARNING | pint.util - Redefining 'yr' (<class 'pint.delegates.txt_defparser.plain.UnitDefinition'>)
04:12:17.508 | WARNING | pint.util - Redefining 'C' (<class 'pint.delegates.txt_defparser.plain.UnitDefinition'>)
04:12:17.508 | WARNING | pint.util - Redefining 'd' (<class 'pint.delegates.txt_defparser.plain.UnitDefinition'>)
04:12:17.508 | WARNING | pint.util - Redefining 'h' (<class 'pint.delegates.txt_defparser.plain.UnitDefinition'>)
04:12:17.509 | WARNING | pint.util - Redefining 'degrees_north' (<class 'pint.delegates.txt_defparser.plain.UnitDefinition'>)
04:12:17.509 | WARNING | pint.util - Redefining 'degrees_east' (<class 'pint.delegates.txt_defparser.plain.UnitDefinition'>)
04:12:17.510 | WARNING | pint.util - Redefining 'degrees' (<class 'pint.delegates.txt_defparser.plain.UnitDefinition'>)
04:12:17.510 | WARNING | pint.util - Redefining '[speed]' (<class 'pint.delegates.txt_defparser.plain.DerivedDimensionDefinition'>)
[03/13/26 04:12:17] WARNING  Import(s) unavailable to set up matplotlib support...skipping this portion of the setup.                                                                                                                    logging.py:10
04:12:17.565 | WARNING | pint.util - Redefining 'percent' (<class 'pint.delegates.txt_defparser.plain.UnitDefinition'>)
04:12:17.567 | WARNING | pint.util - Redefining '%' (<class 'pint.delegates.txt_defparser.plain.UnitDefinition'>)
04:12:17.567 | WARNING | pint.util - Redefining 'year' (<class 'pint.delegates.txt_defparser.plain.UnitDefinition'>)
04:12:17.568 | WARNING | pint.util - Redefining 'yr' (<class 'pint.delegates.txt_defparser.plain.UnitDefinition'>)
04:12:17.568 | WARNING | pint.util - Redefining 'C' (<class 'pint.delegates.txt_defparser.plain.UnitDefinition'>)
04:12:17.569 | WARNING | pint.util - Redefining 'd' (<class 'pint.delegates.txt_defparser.plain.UnitDefinition'>)
04:12:17.569 | WARNING | pint.util - Redefining 'h' (<class 'pint.delegates.txt_defparser.plain.UnitDefinition'>)
04:12:17.569 | WARNING | pint.util - Redefining 'degrees_north' (<class 'pint.delegates.txt_defparser.plain.UnitDefinition'>)
04:12:17.570 | WARNING | pint.util - Redefining 'degrees_east' (<class 'pint.delegates.txt_defparser.plain.UnitDefinition'>)
04:12:17.570 | WARNING | pint.util - Redefining 'degrees' (<class 'pint.delegates.txt_defparser.plain.UnitDefinition'>)
04:12:17.571 | WARNING | pint.util - Redefining '[speed]' (<class 'pint.delegates.txt_defparser.plain.DerivedDimensionDefinition'>)
[03/13/26 04:12:17] WARNING  Import(s) unavailable to set up matplotlib support...skipping this portion of the setup.                                                                                                                    logging.py:10
04:12:17.609 | WARNING | pint.util - Redefining 'percent' (<class 'pint.delegates.txt_defparser.plain.UnitDefinition'>)
04:12:17.611 | WARNING | pint.util - Redefining '%' (<class 'pint.delegates.txt_defparser.plain.UnitDefinition'>)
04:12:17.612 | WARNING | pint.util - Redefining 'year' (<class 'pint.delegates.txt_defparser.plain.UnitDefinition'>)
04:12:17.612 | WARNING | pint.util - Redefining 'yr' (<class 'pint.delegates.txt_defparser.plain.UnitDefinition'>)
04:12:17.613 | WARNING | pint.util - Redefining 'C' (<class 'pint.delegates.txt_defparser.plain.UnitDefinition'>)
04:12:17.613 | WARNING | pint.util - Redefining 'd' (<class 'pint.delegates.txt_defparser.plain.UnitDefinition'>)
04:12:17.613 | WARNING | pint.util - Redefining 'h' (<class 'pint.delegates.txt_defparser.plain.UnitDefinition'>)
04:12:17.614 | WARNING | pint.util - Redefining 'degrees_north' (<class 'pint.delegates.txt_defparser.plain.UnitDefinition'>)
04:12:17.614 | WARNING | pint.util - Redefining 'degrees_east' (<class 'pint.delegates.txt_defparser.plain.UnitDefinition'>)
04:12:17.615 | WARNING | pint.util - Redefining 'degrees' (<class 'pint.delegates.txt_defparser.plain.UnitDefinition'>)
04:12:17.615 | WARNING | pint.util - Redefining '[speed]' (<class 'pint.delegates.txt_defparser.plain.DerivedDimensionDefinition'>)
[03/13/26 04:12:17] WARNING  Import(s) unavailable to set up matplotlib support...skipping this portion of the setup.                                                                                                                    logging.py:10
04:12:17.692 | WARNING | pint.util - Redefining 'percent' (<class 'pint.delegates.txt_defparser.plain.UnitDefinition'>)
04:12:17.694 | WARNING | pint.util - Redefining '%' (<class 'pint.delegates.txt_defparser.plain.UnitDefinition'>)
04:12:17.695 | WARNING | pint.util - Redefining 'year' (<class 'pint.delegates.txt_defparser.plain.UnitDefinition'>)
04:12:17.695 | WARNING | pint.util - Redefining 'yr' (<class 'pint.delegates.txt_defparser.plain.UnitDefinition'>)
04:12:17.696 | WARNING | pint.util - Redefining 'C' (<class 'pint.delegates.txt_defparser.plain.UnitDefinition'>)
04:12:17.696 | WARNING | pint.util - Redefining 'd' (<class 'pint.delegates.txt_defparser.plain.UnitDefinition'>)
04:12:17.696 | WARNING | pint.util - Redefining 'h' (<class 'pint.delegates.txt_defparser.plain.UnitDefinition'>)
04:12:17.697 | WARNING | pint.util - Redefining 'degrees_north' (<class 'pint.delegates.txt_defparser.plain.UnitDefinition'>)
04:12:17.697 | WARNING | pint.util - Redefining 'degrees_east' (<class 'pint.delegates.txt_defparser.plain.UnitDefinition'>)
04:12:17.698 | WARNING | pint.util - Redefining 'degrees' (<class 'pint.delegates.txt_defparser.plain.UnitDefinition'>)
04:12:17.698 | WARNING | pint.util - Redefining '[speed]' (<class 'pint.delegates.txt_defparser.plain.DerivedDimensionDefinition'>)
[03/13/26 04:12:17] WARNING  Import(s) unavailable to set up matplotlib support...skipping this portion of the setup.                                                                                                                    logging.py:10
04:12:17.706 | WARNING | pint.util - Redefining 'percent' (<class 'pint.delegates.txt_defparser.plain.UnitDefinition'>)
04:12:17.708 | WARNING | pint.util - Redefining '%' (<class 'pint.delegates.txt_defparser.plain.UnitDefinition'>)
04:12:17.709 | WARNING | pint.util - Redefining 'year' (<class 'pint.delegates.txt_defparser.plain.UnitDefinition'>)
04:12:17.709 | WARNING | pint.util - Redefining 'yr' (<class 'pint.delegates.txt_defparser.plain.UnitDefinition'>)
04:12:17.709 | WARNING | pint.util - Redefining 'C' (<class 'pint.delegates.txt_defparser.plain.UnitDefinition'>)
04:12:17.710 | WARNING | pint.util - Redefining 'd' (<class 'pint.delegates.txt_defparser.plain.UnitDefinition'>)
04:12:17.710 | WARNING | pint.util - Redefining 'h' (<class 'pint.delegates.txt_defparser.plain.UnitDefinition'>)
04:12:17.711 | WARNING | pint.util - Redefining 'degrees_north' (<class 'pint.delegates.txt_defparser.plain.UnitDefinition'>)
04:12:17.711 | WARNING | pint.util - Redefining 'degrees_east' (<class 'pint.delegates.txt_defparser.plain.UnitDefinition'>)
04:12:17.711 | WARNING | pint.util - Redefining 'degrees' (<class 'pint.delegates.txt_defparser.plain.UnitDefinition'>)
04:12:17.712 | WARNING | pint.util - Redefining '[speed]' (<class 'pint.delegates.txt_defparser.plain.DerivedDimensionDefinition'>)
[03/13/26 04:12:17] WARNING  Import(s) unavailable to set up matplotlib support...skipping this portion of the setup.                                                                                                                    logging.py:10
04:12:17.720 | WARNING | pint.util - Redefining 'percent' (<class 'pint.delegates.txt_defparser.plain.UnitDefinition'>)
04:12:17.722 | WARNING | pint.util - Redefining '%' (<class 'pint.delegates.txt_defparser.plain.UnitDefinition'>)
04:12:17.723 | WARNING | pint.util - Redefining 'year' (<class 'pint.delegates.txt_defparser.plain.UnitDefinition'>)
04:12:17.723 | WARNING | pint.util - Redefining 'yr' (<class 'pint.delegates.txt_defparser.plain.UnitDefinition'>)
04:12:17.723 | WARNING | pint.util - Redefining 'C' (<class 'pint.delegates.txt_defparser.plain.UnitDefinition'>)
04:12:17.724 | WARNING | pint.util - Redefining 'd' (<class 'pint.delegates.txt_defparser.plain.UnitDefinition'>)
04:12:17.724 | WARNING | pint.util - Redefining 'h' (<class 'pint.delegates.txt_defparser.plain.UnitDefinition'>)
04:12:17.725 | WARNING | pint.util - Redefining 'degrees_north' (<class 'pint.delegates.txt_defparser.plain.UnitDefinition'>)
04:12:17.725 | WARNING | pint.util - Redefining 'degrees_east' (<class 'pint.delegates.txt_defparser.plain.UnitDefinition'>)
04:12:17.726 | WARNING | pint.util - Redefining 'degrees' (<class 'pint.delegates.txt_defparser.plain.UnitDefinition'>)
04:12:17.726 | WARNING | pint.util - Redefining '[speed]' (<class 'pint.delegates.txt_defparser.plain.DerivedDimensionDefinition'>)
[03/13/26 04:12:17] WARNING  Import(s) unavailable to set up matplotlib support...skipping this portion of the setup.                                                                                                                    logging.py:10
Process start!
The following pipelines are known:
default: Pipeline: default
-----------------
steps
-----
[1/8] load_mfdataset
[2/8] get_variable
[3/8] time_average
[4/8] convert_units
[5/8] setgrid
[6/8] set_global_attributes
[7/8] trigger_compute
[8/8] save_dataset
Working on: default
Starting to process rule Rule for tos with input patterns [re.compile("/work/bb1469/a270092/runtime/awiesm3-v3.4.1/human_tuning/outdata/fesom/re.compile('sst\\\\.fesom\\\\.1350\\\\.nc')")] and pipelines [<pycmor.core.pipeline.Pipeline object at 0x7f5a1932c310>]
Running Pipeline: default
-----------------
steps
-----
[1/8] load_mfdataset
[2/8] get_variable
[3/8] time_average
[4/8] convert_units
[5/8] setgrid
[6/8] set_global_attributes
[7/8] trigger_compute
[8/8] save_dataset
Loading 1 files using netcdf4 backend on xarray...
  * /work/bb1469/a270092/runtime/awiesm3-v3.4.1/human_tuning/outdata/fesom/sst.fesom.1350.nc
approx_interval=30.0 frequency_str='1MS'
[SetGrid] Starting grid merge operation
  → Grid File          : /work/ab0246/a270092/input/fesom2/core2/fesom.mesh.diag.nc
[Bounds] Checking for coordinate bounds in grid
  → Calculating 1D bounds for 'lat'
  → Added bounds variable 'lat_bnds'
  → Calculating 1D bounds for 'lon'
  → Added bounds variable 'lon_bnds'
  → Required Dimensions: ['nz', 'nz1']
  → Dimension 'nz1' : ❌ Not found, checking for size matches...
  → Dimension 'nz' : ❌ Not found, checking for size matches...
  → Merge Status       : ❌ Not possible
WARNING:   → Warning            : ❌ No compatible dimensions found!
WARNING:     Check grid and data dimension compatibility.
--------------------------------------------------

libgomp: Thread creation failed: Resource temporarily unavailable

libgomp: Thread creation failed: Resource temporarily unavailable
2026-03-13 04:12:36,123 - distributed.scheduler - WARNING - Removing worker 'tcp://127.0.0.1:41019' caused the cluster to lose already computed task(s), which will be recomputed elsewhere: {('array-afefd4d773daaa53628d9e9a477a9f97', 11)} (stimulus_id='handle-worker-cleanup-1773371556.1236587')
2026-03-13 04:12:36,131 - distributed.nanny - WARNING - Restarting worker

libgomp: Thread creation failed: Resource temporarily unavailable
2026-03-13 04:12:36,160 - distributed.scheduler - WARNING - Removing worker 'tcp://127.0.0.1:36693' caused the cluster to lose already computed task(s), which will be recomputed elsewhere: {('array-afefd4d773daaa53628d9e9a477a9f97', 4)} (stimulus_id='handle-worker-cleanup-1773371556.1594265')
2026-03-13 04:12:36,172 - distributed.nanny - WARNING - Restarting worker
2026-03-13 04:12:36,230 - distributed.nanny - WARNING - Restarting worker

libgomp: Thread creation failed: Resource temporarily unavailable

libgomp: Thread creation failed: Resource temporarily unavailable

libgomp: Thread creation failed: Resource temporarily unavailable
2026-03-13 04:12:36,383 - distributed.scheduler - WARNING - Removing worker 'tcp://127.0.0.1:41207' caused the cluster to lose already computed task(s), which will be recomputed elsewhere: {('array-afefd4d773daaa53628d9e9a477a9f97', 10)} (stimulus_id='handle-worker-cleanup-1773371556.3835368')

libgomp: Thread creation failed: Resource temporarily unavailable
2026-03-13 04:12:36,389 - distributed.scheduler - WARNING - Removing worker 'tcp://127.0.0.1:37317' caused the cluster to lose already computed task(s), which will be recomputed elsewhere: {('array-afefd4d773daaa53628d9e9a477a9f97', 3)} (stimulus_id='handle-worker-cleanup-1773371556.3890579')

libgomp: Thread creation failed: Resource temporarily unavailable
2026-03-13 04:12:36,397 - distributed.nanny - WARNING - Restarting worker
2026-03-13 04:12:36,403 - distributed.nanny - WARNING - Restarting worker
2026-03-13 04:12:36,423 - distributed.scheduler - WARNING - Removing worker 'tcp://127.0.0.1:35969' caused the cluster to lose already computed task(s), which will be recomputed elsewhere: {('array-afefd4d773daaa53628d9e9a477a9f97', 5)} (stimulus_id='handle-worker-cleanup-1773371556.4235787')
2026-03-13 04:12:36,447 - distributed.scheduler - WARNING - Removing worker 'tcp://127.0.0.1:35673' caused the cluster to lose already computed task(s), which will be recomputed elsewhere: {('array-afefd4d773daaa53628d9e9a477a9f97', 6)} (stimulus_id='handle-worker-cleanup-1773371556.4471924')
2026-03-13 04:12:36,455 - distributed.nanny - WARNING - Restarting worker
2026-03-13 04:12:36,391 - distributed.worker - ERROR - Exception during execution of task ('transpose-e3f6be75425811392cd0eade9f4b1f27', 11, 0)
Traceback (most recent call last):
  File "/work/ab0246/a270092/software/miniforge3/envs/pycmor_env/lib/python3.9/site-packages/distributed/worker.py", line 2274, in execute
    result = await run_in_executor_with_context(
  File "/work/ab0246/a270092/software/miniforge3/envs/pycmor_env/lib/python3.9/site-packages/distributed/utils.py", line 1549, in run_in_executor_with_context
    return await loop.run_in_executor(
  File "/work/ab0246/a270092/software/miniforge3/envs/pycmor_env/lib/python3.9/asyncio/base_events.py", line 819, in run_in_executor
    executor.submit(func, *args), loop=self)
  File "/work/ab0246/a270092/software/miniforge3/envs/pycmor_env/lib/python3.9/site-packages/distributed/_concurrent_futures_thread.py", line 132, in submit
    self._adjust_thread_count()
  File "/work/ab0246/a270092/software/miniforge3/envs/pycmor_env/lib/python3.9/site-packages/distributed/threadpoolexecutor.py", line 92, in _adjust_thread_count
    t.start()
  File "/work/ab0246/a270092/software/miniforge3/envs/pycmor_env/lib/python3.9/threading.py", line 899, in start
    _start_new_thread(self._bootstrap, ())
RuntimeError: can't start new thread

libgomp: Thread creation failed: Resource temporarily unavailable
2026-03-13 04:12:36,480 - distributed.nanny - WARNING - Restarting worker
2026-03-13 04:12:36,481 - distributed.worker - ERROR - Exception during execution of task ('transpose-e3f6be75425811392cd0eade9f4b1f27', 7, 1)
Traceback (most recent call last):
  File "/work/ab0246/a270092/software/miniforge3/envs/pycmor_env/lib/python3.9/site-packages/distributed/worker.py", line 2274, in execute
    result = await run_in_executor_with_context(
  File "/work/ab0246/a270092/software/miniforge3/envs/pycmor_env/lib/python3.9/site-packages/distributed/utils.py", line 1549, in run_in_executor_with_context
    return await loop.run_in_executor(
  File "/work/ab0246/a270092/software/miniforge3/envs/pycmor_env/lib/python3.9/asyncio/base_events.py", line 819, in run_in_executor
    executor.submit(func, *args), loop=self)
  File "/work/ab0246/a270092/software/miniforge3/envs/pycmor_env/lib/python3.9/site-packages/distributed/_concurrent_futures_thread.py", line 132, in submit
    self._adjust_thread_count()
  File "/work/ab0246/a270092/software/miniforge3/envs/pycmor_env/lib/python3.9/site-packages/distributed/threadpoolexecutor.py", line 92, in _adjust_thread_count
    t.start()
  File "/work/ab0246/a270092/software/miniforge3/envs/pycmor_env/lib/python3.9/threading.py", line 899, in start
    _start_new_thread(self._bootstrap, ())
RuntimeError: can't start new thread
2026-03-13 04:12:36,481 - distributed.worker - ERROR - Exception during execution of task ('transpose-e3f6be75425811392cd0eade9f4b1f27', 7, 3)
Traceback (most recent call last):
  File "/work/ab0246/a270092/software/miniforge3/envs/pycmor_env/lib/python3.9/site-packages/distributed/worker.py", line 2274, in execute
    result = await run_in_executor_with_context(
  File "/work/ab0246/a270092/software/miniforge3/envs/pycmor_env/lib/python3.9/site-packages/distributed/utils.py", line 1549, in run_in_executor_with_context
    return await loop.run_in_executor(
  File "/work/ab0246/a270092/software/miniforge3/envs/pycmor_env/lib/python3.9/asyncio/base_events.py", line 819, in run_in_executor
    executor.submit(func, *args), loop=self)
  File "/work/ab0246/a270092/software/miniforge3/envs/pycmor_env/lib/python3.9/site-packages/distributed/_concurrent_futures_thread.py", line 132, in submit
    self._adjust_thread_count()
  File "/work/ab0246/a270092/software/miniforge3/envs/pycmor_env/lib/python3.9/site-packages/distributed/threadpoolexecutor.py", line 92, in _adjust_thread_count
    t.start()
  File "/work/ab0246/a270092/software/miniforge3/envs/pycmor_env/lib/python3.9/threading.py", line 899, in start
    _start_new_thread(self._bootstrap, ())
RuntimeError: can't start new thread
2026-03-13 04:12:36,479 - distributed.worker - ERROR - Exception during execution of task ('transpose-e3f6be75425811392cd0eade9f4b1f27', 4, 0)
Traceback (most recent call last):
  File "/work/ab0246/a270092/software/miniforge3/envs/pycmor_env/lib/python3.9/site-packages/distributed/worker.py", line 2274, in execute
    result = await run_in_executor_with_context(
  File "/work/ab0246/a270092/software/miniforge3/envs/pycmor_env/lib/python3.9/site-packages/distributed/utils.py", line 1549, in run_in_executor_with_context
    return await loop.run_in_executor(
  File "/work/ab0246/a270092/software/miniforge3/envs/pycmor_env/lib/python3.9/asyncio/base_events.py", line 819, in run_in_executor
    executor.submit(func, *args), loop=self)
  File "/work/ab0246/a270092/software/miniforge3/envs/pycmor_env/lib/python3.9/site-packages/distributed/_concurrent_futures_thread.py", line 132, in submit
    self._adjust_thread_count()
  File "/work/ab0246/a270092/software/miniforge3/envs/pycmor_env/lib/python3.9/site-packages/distributed/threadpoolexecutor.py", line 92, in _adjust_thread_count
    t.start()
  File "/work/ab0246/a270092/software/miniforge3/envs/pycmor_env/lib/python3.9/threading.py", line 899, in start
    _start_new_thread(self._bootstrap, ())
RuntimeError: can't start new thread
2026-03-13 04:12:36,481 - distributed.nanny - ERROR - Failed to start process
Traceback (most recent call last):
  File "/work/ab0246/a270092/software/miniforge3/envs/pycmor_env/lib/python3.9/site-packages/distributed/nanny.py", line 452, in instantiate
    result = await self.process.start()
  File "/work/ab0246/a270092/software/miniforge3/envs/pycmor_env/lib/python3.9/site-packages/distributed/nanny.py", line 719, in start
    self.child_stop_q.put(None)
  File "/work/ab0246/a270092/software/miniforge3/envs/pycmor_env/lib/python3.9/multiprocessing/queues.py", line 94, in put
    self._start_thread()
  File "/work/ab0246/a270092/software/miniforge3/envs/pycmor_env/lib/python3.9/multiprocessing/queues.py", line 177, in _start_thread
    self._thread.start()
  File "/work/ab0246/a270092/software/miniforge3/envs/pycmor_env/lib/python3.9/threading.py", line 899, in start
    _start_new_thread(self._bootstrap, ())
RuntimeError: can't start new thread
2026-03-13 04:12:36,500 - distributed.nanny - ERROR - Failed to restart worker after its process exited
Traceback (most recent call last):
  File "/work/ab0246/a270092/software/miniforge3/envs/pycmor_env/lib/python3.9/site-packages/distributed/nanny.py", line 569, in _on_worker_exit
    await self.instantiate()
  File "/work/ab0246/a270092/software/miniforge3/envs/pycmor_env/lib/python3.9/site-packages/distributed/nanny.py", line 452, in instantiate
    result = await self.process.start()
  File "/work/ab0246/a270092/software/miniforge3/envs/pycmor_env/lib/python3.9/site-packages/distributed/nanny.py", line 719, in start
    self.child_stop_q.put(None)
  File "/work/ab0246/a270092/software/miniforge3/envs/pycmor_env/lib/python3.9/multiprocessing/queues.py", line 94, in put
    self._start_thread()
  File "/work/ab0246/a270092/software/miniforge3/envs/pycmor_env/lib/python3.9/multiprocessing/queues.py", line 177, in _start_thread
    self._thread.start()
  File "/work/ab0246/a270092/software/miniforge3/envs/pycmor_env/lib/python3.9/threading.py", line 899, in start
    _start_new_thread(self._bootstrap, ())
RuntimeError: can't start new thread
2026-03-13 04:12:36,501 - distributed.nanny - WARNING - Restarting worker

libgomp: Thread creation failed: Resource temporarily unavailable

libgomp: Thread creation failed: Resource temporarily unavailable
2026-03-13 04:12:36,526 - distributed.worker - ERROR - failed during get data with tcp://127.0.0.1:34147 -> tcp://127.0.0.1:37729
Traceback (most recent call last):
  File "/work/ab0246/a270092/software/miniforge3/envs/pycmor_env/lib/python3.9/site-packages/distributed/comm/tcp.py", line 225, in read
    frames_nosplit_nbytes_bin = await stream.read_bytes(fmt_size)
tornado.iostream.StreamClosedError: Stream is closed

The above exception was the direct cause of the following exception:

Traceback (most recent call last):
  File "/work/ab0246/a270092/software/miniforge3/envs/pycmor_env/lib/python3.9/site-packages/distributed/worker.py", line 1778, in get_data
    response = await comm.read(deserializers=serializers)
  File "/work/ab0246/a270092/software/miniforge3/envs/pycmor_env/lib/python3.9/site-packages/distributed/comm/tcp.py", line 236, in read
    convert_stream_closed_error(self, e)
  File "/work/ab0246/a270092/software/miniforge3/envs/pycmor_env/lib/python3.9/site-packages/distributed/comm/tcp.py", line 142, in convert_stream_closed_error
    raise CommClosedError(f"in {obj}: {exc}") from exc
distributed.comm.core.CommClosedError: in <TCP (closed)  local=tcp://127.0.0.1:34147 remote=tcp://127.0.0.1:40846>: Stream is closed
2026-03-13 04:12:36,529 - distributed.scheduler - WARNING - Removing worker 'tcp://127.0.0.1:37729' caused the cluster to lose already computed task(s), which will be recomputed elsewhere: {('array-afefd4d773daaa53628d9e9a477a9f97', 2)} (stimulus_id='handle-worker-cleanup-1773371556.528925')
2026-03-13 04:12:36,544 - distributed.nanny - WARNING - Restarting worker
2026-03-13 04:12:36,582 - distributed.scheduler - WARNING - Removing worker 'tcp://127.0.0.1:41695' caused the cluster to lose already computed task(s), which will be recomputed elsewhere: {('array-afefd4d773daaa53628d9e9a477a9f97', 1)} (stimulus_id='handle-worker-cleanup-1773371556.5817754')
2026-03-13 04:12:36,587 - distributed.nanny - WARNING - Restarting worker
2026-03-13 04:12:36,590 - distributed.scheduler - WARNING - Removing worker 'tcp://127.0.0.1:44023' caused the cluster to lose already computed task(s), which will be recomputed elsewhere: {('array-afefd4d773daaa53628d9e9a477a9f97', 0)} (stimulus_id='handle-worker-cleanup-1773371556.5903475')
2026-03-13 04:12:36,611 - distributed.nanny - WARNING - Restarting worker

libgomp: Thread creation failed: Resource temporarily unavailable
2026-03-13 04:12:36,639 - distributed.worker - ERROR - Exception during execution of task ('array-afefd4d773daaa53628d9e9a477a9f97', 3)
Traceback (most recent call last):
  File "/work/ab0246/a270092/software/miniforge3/envs/pycmor_env/lib/python3.9/site-packages/distributed/worker.py", line 2274, in execute
    result = await run_in_executor_with_context(
  File "/work/ab0246/a270092/software/miniforge3/envs/pycmor_env/lib/python3.9/site-packages/distributed/utils.py", line 1549, in run_in_executor_with_context
    return await loop.run_in_executor(
  File "/work/ab0246/a270092/software/miniforge3/envs/pycmor_env/lib/python3.9/asyncio/base_events.py", line 819, in run_in_executor
    executor.submit(func, *args), loop=self)
  File "/work/ab0246/a270092/software/miniforge3/envs/pycmor_env/lib/python3.9/site-packages/distributed/_concurrent_futures_thread.py", line 132, in submit
    self._adjust_thread_count()
  File "/work/ab0246/a270092/software/miniforge3/envs/pycmor_env/lib/python3.9/site-packages/distributed/threadpoolexecutor.py", line 92, in _adjust_thread_count
    t.start()
  File "/work/ab0246/a270092/software/miniforge3/envs/pycmor_env/lib/python3.9/threading.py", line 899, in start
    _start_new_thread(self._bootstrap, ())
RuntimeError: can't start new thread
2026-03-13 04:12:36,702 - distributed.nanny - WARNING - Restarting worker
Processing rules                                            0% -:--:--
╭─────────────────────────────── Traceback (most recent call last) ────────────────────────────────╮
│ /work/ab0246/a270092/software/miniforge3/envs/pycmor_env/bin/pycmor:7 in <module>                │
│                                                                                                  │
│   4 if __name__ == '__main__':                                                                   │
│   5 │   if sys.argv[0].endswith('.exe'):                                                         │
│   6 │   │   sys.argv[0] = sys.argv[0][:-4]                                                       │
│ ❱ 7 │   sys.exit(main())                                                                         │
│   8                                                                                              │
│                                                                                                  │
│ ╭──────────── locals ─────────────╮                                                              │
│ │ sys = <module 'sys' (built-in)> │                                                              │
│ ╰─────────────────────────────────╯                                                              │
│                                                                                                  │
│ /work/ab0246/a270092/software/pycmor/src/pycmor/cli.py:359 in main                               │
│                                                                                                  │
│   356 │   for entry_point_name, entry_point in find_subcommands().items():                       │
│   357 │   │   cli.add_command(entry_point["callable"], name=entry_point_name)                    │
│   358 │   # Prefer new env var prefix, but keep backward compatibility                           │
│ ❱ 359 │   cli(auto_envvar_prefix="PYCMOR")                                                       │
│   360                                                                                            │
│   361                                                                                            │
│   362 if __name__ == "__main__":                                                                 │
│                                                                                                  │
│ ╭─────────────────────────────────── locals ────────────────────────────────────╮                │
│ │      entry_point = {'plugin_name': 'pycmor', 'callable': <RichGroup plugins>} │                │
│ │ entry_point_name = 'plugins'                                                  │                │
│ ╰───────────────────────────────────────────────────────────────────────────────╯                │
│                                                                                                  │
│                                     ... 21 frames hidden ...                                     │
│                                                                                                  │
│ /work/ab0246/a270092/software/miniforge3/envs/pycmor_env/lib/python3.9/site-packages/distributed │
│ /threadpoolexecutor.py:92 in _adjust_thread_count                                                │
│                                                                                                  │
│    89 │   │   │   )                                                                              │
│    90 │   │   │   t.daemon = True                                                                │
│    91 │   │   │   self._threads.add(t)                                                           │
│ ❱  92 │   │   │   t.start()                                                                      │
│    93 │                                                                                          │
│    94 │   def shutdown(self, wait=True, timeout=None):                                           │
│    95 │   │   with threads_lock:                                                                 │
│                                                                                                  │
│ /work/ab0246/a270092/software/miniforge3/envs/pycmor_env/lib/python3.9/threading.py:899 in start │
│                                                                                                  │
│    896 │   │   with _active_limbo_lock:                                                          │
│    897 │   │   │   _limbo[self] = self                                                           │
│    898 │   │   try:                                                                              │
│ ❱  899 │   │   │   _start_new_thread(self._bootstrap, ())                                        │
│    900 │   │   except Exception:                                                                 │
│    901 │   │   │   with _active_limbo_lock:                                                      │
│    902 │   │   │   │   del _limbo[self]                                                          │
╰──────────────────────────────────────────────────────────────────────────────────────────────────╯
RuntimeError: can't start new thread
2026-03-13 04:12:37,627 - distributed.worker.state_machine - WARNING - Async instruction for <Task cancelled name='gather_dep(tcp://127.0.0.1:44637, {...})' coro=<Worker.gather_dep() done, defined at /work/ab0246/a270092/software/miniforge3/envs/pycmor_env/lib/python3.9/site-packages/distributed/worker_state_machine.py:3615>> ended with CancelledError
2026-03-13 04:12:37,628 - distributed.worker.state_machine - WARNING - Async instruction for <Task cancelled name="execute(('transpose-e3f6be75425811392cd0eade9f4b1f27', 8, 1))" coro=<Worker.execute() done, defined at /work/ab0246/a270092/software/miniforge3/envs/pycmor_env/lib/python3.9/site-packages/distributed/worker_state_machine.py:3615>> ended with CancelledError
2026-03-13 04:12:37,628 - distributed.worker.state_machine - WARNING - Async instruction for <Task cancelled name="execute(('transpose-e3f6be75425811392cd0eade9f4b1f27', 8, 0))" coro=<Worker.execute() done, defined at /work/ab0246/a270092/software/miniforge3/envs/pycmor_env/lib/python3.9/site-packages/distributed/worker_state_machine.py:3615>> ended with CancelledError
2026-03-13 04:12:37,629 - distributed.worker.state_machine - WARNING - Async instruction for <Task cancelled name="execute(('transpose-e3f6be75425811392cd0eade9f4b1f27', 7, 0))" coro=<Worker.execute() done, defined at /work/ab0246/a270092/software/miniforge3/envs/pycmor_env/lib/python3.9/site-packages/distributed/worker_state_machine.py:3615>> ended with CancelledError
2026-03-13 04:12:37,629 - distributed.worker.state_machine - WARNING - Async instruction for <Task cancelled name="execute(('transpose-e3f6be75425811392cd0eade9f4b1f27', 8, 2))" coro=<Worker.execute() done, defined at /work/ab0246/a270092/software/miniforge3/envs/pycmor_env/lib/python3.9/site-packages/distributed/worker_state_machine.py:3615>> ended with CancelledError
2026-03-13 04:12:37,629 - distributed.worker.state_machine - WARNING - Async instruction for <Task cancelled name="execute(('transpose-e3f6be75425811392cd0eade9f4b1f27', 9, 1))" coro=<Worker.execute() done, defined at /work/ab0246/a270092/software/miniforge3/envs/pycmor_env/lib/python3.9/site-packages/distributed/worker_state_machine.py:3615>> ended with CancelledError
2026-03-13 04:12:37,629 - distributed.worker.state_machine - WARNING - Async instruction for <Task cancelled name="execute(('transpose-e3f6be75425811392cd0eade9f4b1f27', 9, 3))" coro=<Worker.execute() done, defined at /work/ab0246/a270092/software/miniforge3/envs/pycmor_env/lib/python3.9/site-packages/distributed/worker_state_machine.py:3615>> ended with CancelledError
2026-03-13 04:12:37,629 - distributed.worker.state_machine - WARNING - Async instruction for <Task cancelled name="execute(('transpose-e3f6be75425811392cd0eade9f4b1f27', 7, 3))" coro=<Worker.execute() done, defined at /work/ab0246/a270092/software/miniforge3/envs/pycmor_env/lib/python3.9/site-packages/distributed/worker_state_machine.py:3615>> ended with CancelledError
2026-03-13 04:12:37,629 - distributed.worker.state_machine - WARNING - Async instruction for <Task cancelled name="execute(('transpose-e3f6be75425811392cd0eade9f4b1f27', 9, 2))" coro=<Worker.execute() done, defined at /work/ab0246/a270092/software/miniforge3/envs/pycmor_env/lib/python3.9/site-packages/distributed/worker_state_machine.py:3615>> ended with CancelledError
2026-03-13 04:12:37,629 - distributed.worker - ERROR - Could not close executor <distributed.threadpoolexecutor.ThreadPoolExecutor object at 0x7f460e60f520> by dispatching to thread. Trying synchronously.
Traceback (most recent call last):
  File "/work/ab0246/a270092/software/miniforge3/envs/pycmor_env/lib/python3.9/site-packages/distributed/worker.py", line 1639, in close
    await asyncio.to_thread(
  File "/work/ab0246/a270092/software/miniforge3/envs/pycmor_env/lib/python3.9/asyncio/threads.py", line 25, in to_thread
    return await loop.run_in_executor(None, func_call)
  File "/work/ab0246/a270092/software/miniforge3/envs/pycmor_env/lib/python3.9/concurrent/futures/thread.py", line 58, in run
    result = self.fn(*self.args, **self.kwargs)
  File "/work/ab0246/a270092/software/miniforge3/envs/pycmor_env/lib/python3.9/site-packages/distributed/worker.py", line 1623, in _close
    executor.shutdown(wait=wait, timeout=timeout)
  File "/work/ab0246/a270092/software/miniforge3/envs/pycmor_env/lib/python3.9/site-packages/distributed/threadpoolexecutor.py", line 107, in shutdown
    t.join(timeout=timeout2)
  File "/work/ab0246/a270092/software/miniforge3/envs/pycmor_env/lib/python3.9/threading.py", line 1055, in join
    raise RuntimeError("cannot join thread before it is started")
RuntimeError: cannot join thread before it is started
2026-03-13 04:12:37,672 - distributed.worker - ERROR - cannot join thread before it is started
Traceback (most recent call last):
  File "/work/ab0246/a270092/software/miniforge3/envs/pycmor_env/lib/python3.9/site-packages/distributed/worker.py", line 1639, in close
    await asyncio.to_thread(
  File "/work/ab0246/a270092/software/miniforge3/envs/pycmor_env/lib/python3.9/asyncio/threads.py", line 25, in to_thread
    return await loop.run_in_executor(None, func_call)
  File "/work/ab0246/a270092/software/miniforge3/envs/pycmor_env/lib/python3.9/concurrent/futures/thread.py", line 58, in run
    result = self.fn(*self.args, **self.kwargs)
  File "/work/ab0246/a270092/software/miniforge3/envs/pycmor_env/lib/python3.9/site-packages/distributed/worker.py", line 1623, in _close
    executor.shutdown(wait=wait, timeout=timeout)
  File "/work/ab0246/a270092/software/miniforge3/envs/pycmor_env/lib/python3.9/site-packages/distributed/threadpoolexecutor.py", line 107, in shutdown
    t.join(timeout=timeout2)
  File "/work/ab0246/a270092/software/miniforge3/envs/pycmor_env/lib/python3.9/threading.py", line 1055, in join
    raise RuntimeError("cannot join thread before it is started")
RuntimeError: cannot join thread before it is started

During handling of the above exception, another exception occurred:

Traceback (most recent call last):
  File "/work/ab0246/a270092/software/miniforge3/envs/pycmor_env/lib/python3.9/site-packages/distributed/utils.py", line 837, in wrapper
    return await func(*args, **kwargs)
  File "/work/ab0246/a270092/software/miniforge3/envs/pycmor_env/lib/python3.9/site-packages/distributed/worker.py", line 1648, in close
    _close(
  File "/work/ab0246/a270092/software/miniforge3/envs/pycmor_env/lib/python3.9/site-packages/distributed/worker.py", line 1623, in _close
    executor.shutdown(wait=wait, timeout=timeout)
  File "/work/ab0246/a270092/software/miniforge3/envs/pycmor_env/lib/python3.9/site-packages/distributed/threadpoolexecutor.py", line 107, in shutdown
    t.join(timeout=timeout2)
  File "/work/ab0246/a270092/software/miniforge3/envs/pycmor_env/lib/python3.9/threading.py", line 1055, in join
    raise RuntimeError("cannot join thread before it is started")
RuntimeError: cannot join thread before it is started
2026-03-13 04:12:37,672 - tornado.application - ERROR - Exception in callback functools.partial(<bound method IOLoop._discard_future_result of <tornado.platform.asyncio.AsyncIOMainLoop object at 0x7f460ee59f40>>, <Task finished name='Task-3145' coro=<WorkerProcess._run.<locals>.do_stop() done, defined at /work/ab0246/a270092/software/miniforge3/envs/pycmor_env/lib/python3.9/site-packages/distributed/nanny.py:912> exception=RuntimeError('cannot join thread before it is started')>)
Traceback (most recent call last):
  File "/work/ab0246/a270092/software/miniforge3/envs/pycmor_env/lib/python3.9/site-packages/distributed/worker.py", line 1639, in close
    await asyncio.to_thread(
  File "/work/ab0246/a270092/software/miniforge3/envs/pycmor_env/lib/python3.9/asyncio/threads.py", line 25, in to_thread
    return await loop.run_in_executor(None, func_call)
  File "/work/ab0246/a270092/software/miniforge3/envs/pycmor_env/lib/python3.9/concurrent/futures/thread.py", line 58, in run
    result = self.fn(*self.args, **self.kwargs)
  File "/work/ab0246/a270092/software/miniforge3/envs/pycmor_env/lib/python3.9/site-packages/distributed/worker.py", line 1623, in _close
    executor.shutdown(wait=wait, timeout=timeout)
  File "/work/ab0246/a270092/software/miniforge3/envs/pycmor_env/lib/python3.9/site-packages/distributed/threadpoolexecutor.py", line 107, in shutdown
    t.join(timeout=timeout2)
  File "/work/ab0246/a270092/software/miniforge3/envs/pycmor_env/lib/python3.9/threading.py", line 1055, in join
    raise RuntimeError("cannot join thread before it is started")
RuntimeError: cannot join thread before it is started

During handling of the above exception, another exception occurred:

Traceback (most recent call last):
  File "/work/ab0246/a270092/software/miniforge3/envs/pycmor_env/lib/python3.9/site-packages/tornado/ioloop.py", line 758, in _run_callback
    ret = callback()
  File "/work/ab0246/a270092/software/miniforge3/envs/pycmor_env/lib/python3.9/site-packages/tornado/ioloop.py", line 782, in _discard_future_result
    future.result()
  File "/work/ab0246/a270092/software/miniforge3/envs/pycmor_env/lib/python3.9/site-packages/distributed/nanny.py", line 919, in do_stop
    await worker.close(
  File "/work/ab0246/a270092/software/miniforge3/envs/pycmor_env/lib/python3.9/site-packages/distributed/utils.py", line 837, in wrapper
    return await func(*args, **kwargs)
  File "/work/ab0246/a270092/software/miniforge3/envs/pycmor_env/lib/python3.9/site-packages/distributed/worker.py", line 1648, in close
    _close(
  File "/work/ab0246/a270092/software/miniforge3/envs/pycmor_env/lib/python3.9/site-packages/distributed/worker.py", line 1623, in _close
    executor.shutdown(wait=wait, timeout=timeout)
  File "/work/ab0246/a270092/software/miniforge3/envs/pycmor_env/lib/python3.9/site-packages/distributed/threadpoolexecutor.py", line 107, in shutdown
    t.join(timeout=timeout2)
  File "/work/ab0246/a270092/software/miniforge3/envs/pycmor_env/lib/python3.9/threading.py", line 1055, in join
    raise RuntimeError("cannot join thread before it is started")
RuntimeError: cannot join thread before it is started
2026-03-13 04:12:38,343 - distributed.worker.state_machine - WARNING - Async instruction for <Task cancelled name="execute(('transpose-e3f6be75425811392cd0eade9f4b1f27', 11, 3))" coro=<Worker.execute() done, defined at /work/ab0246/a270092/software/miniforge3/envs/pycmor_env/lib/python3.9/site-packages/distributed/worker_state_machine.py:3615>> ended with CancelledError
2026-03-13 04:12:38,344 - distributed.worker.state_machine - WARNING - Async instruction for <Task cancelled name="execute(('transpose-e3f6be75425811392cd0eade9f4b1f27', 11, 2))" coro=<Worker.execute() done, defined at /work/ab0246/a270092/software/miniforge3/envs/pycmor_env/lib/python3.9/site-packages/distributed/worker_state_machine.py:3615>> ended with CancelledError
2026-03-13 04:12:38,416 - distributed.worker.state_machine - WARNING - Async instruction for <Task cancelled name="execute(('transpose-e3f6be75425811392cd0eade9f4b1f27', 9, 0))" coro=<Worker.execute() done, defined at /work/ab0246/a270092/software/miniforge3/envs/pycmor_env/lib/python3.9/site-packages/distributed/worker_state_machine.py:3615>> ended with CancelledError
2026-03-13 04:12:38,416 - distributed.worker.state_machine - WARNING - Async instruction for <Task cancelled name="execute(('transpose-e3f6be75425811392cd0eade9f4b1f27', 4, 2))" coro=<Worker.execute() done, defined at /work/ab0246/a270092/software/miniforge3/envs/pycmor_env/lib/python3.9/site-packages/distributed/worker_state_machine.py:3615>> ended with CancelledError
2026-03-13 04:12:38,416 - distributed.worker.state_machine - WARNING - Async instruction for <Task cancelled name="execute(('transpose-e3f6be75425811392cd0eade9f4b1f27', 4, 3))" coro=<Worker.execute() done, defined at /work/ab0246/a270092/software/miniforge3/envs/pycmor_env/lib/python3.9/site-packages/distributed/worker_state_machine.py:3615>> ended with CancelledError
2026-03-13 04:12:38,416 - distributed.worker.state_machine - WARNING - Async instruction for <Task cancelled name="execute(('transpose-e3f6be75425811392cd0eade9f4b1f27', 4, 1))" coro=<Worker.execute() done, defined at /work/ab0246/a270092/software/miniforge3/envs/pycmor_env/lib/python3.9/site-packages/distributed/worker_state_machine.py:3615>> ended with CancelledError
04:12:40.664 | WARNING | pint.util - Redefining 'percent' (<class 'pint.delegates.txt_defparser.plain.UnitDefinition'>)
04:12:40.666 | WARNING | pint.util - Redefining '%' (<class 'pint.delegates.txt_defparser.plain.UnitDefinition'>)
04:12:40.667 | WARNING | pint.util - Redefining 'year' (<class 'pint.delegates.txt_defparser.plain.UnitDefinition'>)
04:12:40.667 | WARNING | pint.util - Redefining 'yr' (<class 'pint.delegates.txt_defparser.plain.UnitDefinition'>)
04:12:40.668 | WARNING | pint.util - Redefining 'C' (<class 'pint.delegates.txt_defparser.plain.UnitDefinition'>)
04:12:40.668 | WARNING | pint.util - Redefining 'd' (<class 'pint.delegates.txt_defparser.plain.UnitDefinition'>)
04:12:40.668 | WARNING | pint.util - Redefining 'h' (<class 'pint.delegates.txt_defparser.plain.UnitDefinition'>)
04:12:40.669 | WARNING | pint.util - Redefining 'degrees_north' (<class 'pint.delegates.txt_defparser.plain.UnitDefinition'>)
04:12:40.669 | WARNING | pint.util - Redefining 'degrees_east' (<class 'pint.delegates.txt_defparser.plain.UnitDefinition'>)
04:12:40.670 | WARNING | pint.util - Redefining 'degrees' (<class 'pint.delegates.txt_defparser.plain.UnitDefinition'>)
04:12:40.670 | WARNING | pint.util - Redefining '[speed]' (<class 'pint.delegates.txt_defparser.plain.DerivedDimensionDefinition'>)
[03/13/26 04:12:40] WARNING  Import(s) unavailable to set up matplotlib support...skipping this portion of the setup.                                                                                                                    logging.py:10
04:12:40.696 | WARNING | pint.util - Redefining 'percent' (<class 'pint.delegates.txt_defparser.plain.UnitDefinition'>)
04:12:40.698 | WARNING | pint.util - Redefining '%' (<class 'pint.delegates.txt_defparser.plain.UnitDefinition'>)
04:12:40.697 | WARNING | pint.util - Redefining 'percent' (<class 'pint.delegates.txt_defparser.plain.UnitDefinition'>)
04:12:40.699 | WARNING | pint.util - Redefining 'year' (<class 'pint.delegates.txt_defparser.plain.UnitDefinition'>)
04:12:40.699 | WARNING | pint.util - Redefining '%' (<class 'pint.delegates.txt_defparser.plain.UnitDefinition'>)
04:12:40.699 | WARNING | pint.util - Redefining 'yr' (<class 'pint.delegates.txt_defparser.plain.UnitDefinition'>)
04:12:40.700 | WARNING | pint.util - Redefining 'C' (<class 'pint.delegates.txt_defparser.plain.UnitDefinition'>)
04:12:40.700 | WARNING | pint.util - Redefining 'year' (<class 'pint.delegates.txt_defparser.plain.UnitDefinition'>)
04:12:40.700 | WARNING | pint.util - Redefining 'yr' (<class 'pint.delegates.txt_defparser.plain.UnitDefinition'>)
04:12:40.700 | WARNING | pint.util - Redefining 'd' (<class 'pint.delegates.txt_defparser.plain.UnitDefinition'>)
04:12:40.701 | WARNING | pint.util - Redefining 'h' (<class 'pint.delegates.txt_defparser.plain.UnitDefinition'>)
04:12:40.701 | WARNING | pint.util - Redefining 'C' (<class 'pint.delegates.txt_defparser.plain.UnitDefinition'>)
04:12:40.701 | WARNING | pint.util - Redefining 'degrees_north' (<class 'pint.delegates.txt_defparser.plain.UnitDefinition'>)
04:12:40.701 | WARNING | pint.util - Redefining 'd' (<class 'pint.delegates.txt_defparser.plain.UnitDefinition'>)
04:12:40.702 | WARNING | pint.util - Redefining 'h' (<class 'pint.delegates.txt_defparser.plain.UnitDefinition'>)
04:12:40.702 | WARNING | pint.util - Redefining 'degrees_east' (<class 'pint.delegates.txt_defparser.plain.UnitDefinition'>)
04:12:40.702 | WARNING | pint.util - Redefining 'degrees' (<class 'pint.delegates.txt_defparser.plain.UnitDefinition'>)
04:12:40.702 | WARNING | pint.util - Redefining 'degrees_north' (<class 'pint.delegates.txt_defparser.plain.UnitDefinition'>)
04:12:40.703 | WARNING | pint.util - Redefining 'degrees_east' (<class 'pint.delegates.txt_defparser.plain.UnitDefinition'>)
04:12:40.703 | WARNING | pint.util - Redefining '[speed]' (<class 'pint.delegates.txt_defparser.plain.DerivedDimensionDefinition'>)
04:12:40.703 | WARNING | pint.util - Redefining 'degrees' (<class 'pint.delegates.txt_defparser.plain.UnitDefinition'>)
04:12:40.704 | WARNING | pint.util - Redefining '[speed]' (<class 'pint.delegates.txt_defparser.plain.DerivedDimensionDefinition'>)
[03/13/26 04:12:40] WARNING  Import(s) unavailable to set up matplotlib support...skipping this portion of the setup.                                                                                                                    logging.py:10
[03/13/26 04:12:40] WARNING  Import(s) unavailable to set up matplotlib support...skipping this portion of the setup.                                                                                                                    logging.py:10
04:12:40.905 | WARNING | pint.util - Redefining 'percent' (<class 'pint.delegates.txt_defparser.plain.UnitDefinition'>)
04:12:40.907 | WARNING | pint.util - Redefining '%' (<class 'pint.delegates.txt_defparser.plain.UnitDefinition'>)
04:12:40.908 | WARNING | pint.util - Redefining 'year' (<class 'pint.delegates.txt_defparser.plain.UnitDefinition'>)
04:12:40.908 | WARNING | pint.util - Redefining 'yr' (<class 'pint.delegates.txt_defparser.plain.UnitDefinition'>)
04:12:40.909 | WARNING | pint.util - Redefining 'C' (<class 'pint.delegates.txt_defparser.plain.UnitDefinition'>)
04:12:40.909 | WARNING | pint.util - Redefining 'd' (<class 'pint.delegates.txt_defparser.plain.UnitDefinition'>)
04:12:40.910 | WARNING | pint.util - Redefining 'h' (<class 'pint.delegates.txt_defparser.plain.UnitDefinition'>)
04:12:40.910 | WARNING | pint.util - Redefining 'degrees_north' (<class 'pint.delegates.txt_defparser.plain.UnitDefinition'>)
04:12:40.910 | WARNING | pint.util - Redefining 'degrees_east' (<class 'pint.delegates.txt_defparser.plain.UnitDefinition'>)
04:12:40.911 | WARNING | pint.util - Redefining 'degrees' (<class 'pint.delegates.txt_defparser.plain.UnitDefinition'>)
04:12:40.911 | WARNING | pint.util - Redefining '[speed]' (<class 'pint.delegates.txt_defparser.plain.DerivedDimensionDefinition'>)
[03/13/26 04:12:40] WARNING  Import(s) unavailable to set up matplotlib support...skipping this portion of the setup.                                                                                                                    logging.py:10
04:12:40.930 | WARNING | pint.util - Redefining 'percent' (<class 'pint.delegates.txt_defparser.plain.UnitDefinition'>)
04:12:40.932 | WARNING | pint.util - Redefining '%' (<class 'pint.delegates.txt_defparser.plain.UnitDefinition'>)
04:12:40.933 | WARNING | pint.util - Redefining 'year' (<class 'pint.delegates.txt_defparser.plain.UnitDefinition'>)
04:12:40.933 | WARNING | pint.util - Redefining 'yr' (<class 'pint.delegates.txt_defparser.plain.UnitDefinition'>)
04:12:40.934 | WARNING | pint.util - Redefining 'C' (<class 'pint.delegates.txt_defparser.plain.UnitDefinition'>)
04:12:40.934 | WARNING | pint.util - Redefining 'd' (<class 'pint.delegates.txt_defparser.plain.UnitDefinition'>)
04:12:40.935 | WARNING | pint.util - Redefining 'h' (<class 'pint.delegates.txt_defparser.plain.UnitDefinition'>)
04:12:40.935 | WARNING | pint.util - Redefining 'degrees_north' (<class 'pint.delegates.txt_defparser.plain.UnitDefinition'>)
04:12:40.935 | WARNING | pint.util - Redefining 'degrees_east' (<class 'pint.delegates.txt_defparser.plain.UnitDefinition'>)
04:12:40.936 | WARNING | pint.util - Redefining 'degrees' (<class 'pint.delegates.txt_defparser.plain.UnitDefinition'>)
04:12:40.936 | WARNING | pint.util - Redefining '[speed]' (<class 'pint.delegates.txt_defparser.plain.DerivedDimensionDefinition'>)
[03/13/26 04:12:40] WARNING  Import(s) unavailable to set up matplotlib support...skipping this portion of the setup.                                                                                                                    logging.py:10
04:12:40.945 | WARNING | pint.util - Redefining 'percent' (<class 'pint.delegates.txt_defparser.plain.UnitDefinition'>)
04:12:40.948 | WARNING | pint.util - Redefining '%' (<class 'pint.delegates.txt_defparser.plain.UnitDefinition'>)
04:12:40.948 | WARNING | pint.util - Redefining 'year' (<class 'pint.delegates.txt_defparser.plain.UnitDefinition'>)
04:12:40.949 | WARNING | pint.util - Redefining 'yr' (<class 'pint.delegates.txt_defparser.plain.UnitDefinition'>)
04:12:40.949 | WARNING | pint.util - Redefining 'C' (<class 'pint.delegates.txt_defparser.plain.UnitDefinition'>)
04:12:40.949 | WARNING | pint.util - Redefining 'd' (<class 'pint.delegates.txt_defparser.plain.UnitDefinition'>)
04:12:40.950 | WARNING | pint.util - Redefining 'h' (<class 'pint.delegates.txt_defparser.plain.UnitDefinition'>)
04:12:40.948 | WARNING | pint.util - Redefining 'percent' (<class 'pint.delegates.txt_defparser.plain.UnitDefinition'>)
04:12:40.950 | WARNING | pint.util - Redefining 'degrees_north' (<class 'pint.delegates.txt_defparser.plain.UnitDefinition'>)
04:12:40.950 | WARNING | pint.util - Redefining '%' (<class 'pint.delegates.txt_defparser.plain.UnitDefinition'>)
04:12:40.951 | WARNING | pint.util - Redefining 'degrees_east' (<class 'pint.delegates.txt_defparser.plain.UnitDefinition'>)
04:12:40.951 | WARNING | pint.util - Redefining 'degrees' (<class 'pint.delegates.txt_defparser.plain.UnitDefinition'>)
04:12:40.951 | WARNING | pint.util - Redefining 'year' (<class 'pint.delegates.txt_defparser.plain.UnitDefinition'>)
04:12:40.951 | WARNING | pint.util - Redefining 'yr' (<class 'pint.delegates.txt_defparser.plain.UnitDefinition'>)
04:12:40.952 | WARNING | pint.util - Redefining '[speed]' (<class 'pint.delegates.txt_defparser.plain.DerivedDimensionDefinition'>)
04:12:40.952 | WARNING | pint.util - Redefining 'C' (<class 'pint.delegates.txt_defparser.plain.UnitDefinition'>)
04:12:40.952 | WARNING | pint.util - Redefining 'd' (<class 'pint.delegates.txt_defparser.plain.UnitDefinition'>)
04:12:40.953 | WARNING | pint.util - Redefining 'h' (<class 'pint.delegates.txt_defparser.plain.UnitDefinition'>)
04:12:40.953 | WARNING | pint.util - Redefining 'degrees_north' (<class 'pint.delegates.txt_defparser.plain.UnitDefinition'>)
04:12:40.954 | WARNING | pint.util - Redefining 'degrees_east' (<class 'pint.delegates.txt_defparser.plain.UnitDefinition'>)
04:12:40.954 | WARNING | pint.util - Redefining 'degrees' (<class 'pint.delegates.txt_defparser.plain.UnitDefinition'>)
04:12:40.954 | WARNING | pint.util - Redefining '[speed]' (<class 'pint.delegates.txt_defparser.plain.DerivedDimensionDefinition'>)
[03/13/26 04:12:40] WARNING  Import(s) unavailable to set up matplotlib support...skipping this portion of the setup.                                                                                                                    logging.py:10
[03/13/26 04:12:40] WARNING  Import(s) unavailable to set up matplotlib support...skipping this portion of the setup.                                                                                                                    logging.py:10
04:12:41.010 | WARNING | pint.util - Redefining 'percent' (<class 'pint.delegates.txt_defparser.plain.UnitDefinition'>)
04:12:41.012 | WARNING | pint.util - Redefining '%' (<class 'pint.delegates.txt_defparser.plain.UnitDefinition'>)
04:12:41.013 | WARNING | pint.util - Redefining 'year' (<class 'pint.delegates.txt_defparser.plain.UnitDefinition'>)
04:12:41.013 | WARNING | pint.util - Redefining 'yr' (<class 'pint.delegates.txt_defparser.plain.UnitDefinition'>)
04:12:41.013 | WARNING | pint.util - Redefining 'C' (<class 'pint.delegates.txt_defparser.plain.UnitDefinition'>)
04:12:41.014 | WARNING | pint.util - Redefining 'd' (<class 'pint.delegates.txt_defparser.plain.UnitDefinition'>)
04:12:41.014 | WARNING | pint.util - Redefining 'h' (<class 'pint.delegates.txt_defparser.plain.UnitDefinition'>)
04:12:41.015 | WARNING | pint.util - Redefining 'degrees_north' (<class 'pint.delegates.txt_defparser.plain.UnitDefinition'>)
04:12:41.015 | WARNING | pint.util - Redefining 'degrees_east' (<class 'pint.delegates.txt_defparser.plain.UnitDefinition'>)
04:12:41.016 | WARNING | pint.util - Redefining 'degrees' (<class 'pint.delegates.txt_defparser.plain.UnitDefinition'>)
04:12:41.016 | WARNING | pint.util - Redefining '[speed]' (<class 'pint.delegates.txt_defparser.plain.DerivedDimensionDefinition'>)
[03/13/26 04:12:41] WARNING  Import(s) unavailable to set up matplotlib support...skipping this portion of the setup.                                                                                                                    logging.py:10
04:12:41.075 | WARNING | pint.util - Redefining 'percent' (<class 'pint.delegates.txt_defparser.plain.UnitDefinition'>)
04:12:41.077 | WARNING | pint.util - Redefining '%' (<class 'pint.delegates.txt_defparser.plain.UnitDefinition'>)
04:12:41.078 | WARNING | pint.util - Redefining 'year' (<class 'pint.delegates.txt_defparser.plain.UnitDefinition'>)
04:12:41.078 | WARNING | pint.util - Redefining 'yr' (<class 'pint.delegates.txt_defparser.plain.UnitDefinition'>)
04:12:41.078 | WARNING | pint.util - Redefining 'C' (<class 'pint.delegates.txt_defparser.plain.UnitDefinition'>)
04:12:41.079 | WARNING | pint.util - Redefining 'd' (<class 'pint.delegates.txt_defparser.plain.UnitDefinition'>)
04:12:41.079 | WARNING | pint.util - Redefining 'h' (<class 'pint.delegates.txt_defparser.plain.UnitDefinition'>)
04:12:41.080 | WARNING | pint.util - Redefining 'degrees_north' (<class 'pint.delegates.txt_defparser.plain.UnitDefinition'>)
04:12:41.080 | WARNING | pint.util - Redefining 'degrees_east' (<class 'pint.delegates.txt_defparser.plain.UnitDefinition'>)
04:12:41.081 | WARNING | pint.util - Redefining 'degrees' (<class 'pint.delegates.txt_defparser.plain.UnitDefinition'>)
04:12:41.081 | WARNING | pint.util - Redefining '[speed]' (<class 'pint.delegates.txt_defparser.plain.DerivedDimensionDefinition'>)
[03/13/26 04:12:41] WARNING  Import(s) unavailable to set up matplotlib support...skipping this portion of the setup.                                                                                                                    logging.py:10
04:12:41.202 | WARNING | pint.util - Redefining 'percent' (<class 'pint.delegates.txt_defparser.plain.UnitDefinition'>)
04:12:41.204 | WARNING | pint.util - Redefining '%' (<class 'pint.delegates.txt_defparser.plain.UnitDefinition'>)
04:12:41.204 | WARNING | pint.util - Redefining 'year' (<class 'pint.delegates.txt_defparser.plain.UnitDefinition'>)
04:12:41.205 | WARNING | pint.util - Redefining 'yr' (<class 'pint.delegates.txt_defparser.plain.UnitDefinition'>)
04:12:41.205 | WARNING | pint.util - Redefining 'C' (<class 'pint.delegates.txt_defparser.plain.UnitDefinition'>)
04:12:41.205 | WARNING | pint.util - Redefining 'd' (<class 'pint.delegates.txt_defparser.plain.UnitDefinition'>)
04:12:41.206 | WARNING | pint.util - Redefining 'h' (<class 'pint.delegates.txt_defparser.plain.UnitDefinition'>)
04:12:41.206 | WARNING | pint.util - Redefining 'degrees_north' (<class 'pint.delegates.txt_defparser.plain.UnitDefinition'>)
04:12:41.207 | WARNING | pint.util - Redefining 'degrees_east' (<class 'pint.delegates.txt_defparser.plain.UnitDefinition'>)
04:12:41.207 | WARNING | pint.util - Redefining 'degrees' (<class 'pint.delegates.txt_defparser.plain.UnitDefinition'>)
04:12:41.208 | WARNING | pint.util - Redefining '[speed]' (<class 'pint.delegates.txt_defparser.plain.DerivedDimensionDefinition'>)
04:12:41.207 | WARNING | pint.util - Redefining 'percent' (<class 'pint.delegates.txt_defparser.plain.UnitDefinition'>)
04:12:41.209 | WARNING | pint.util - Redefining '%' (<class 'pint.delegates.txt_defparser.plain.UnitDefinition'>)
04:12:41.209 | WARNING | pint.util - Redefining 'year' (<class 'pint.delegates.txt_defparser.plain.UnitDefinition'>)
04:12:41.210 | WARNING | pint.util - Redefining 'yr' (<class 'pint.delegates.txt_defparser.plain.UnitDefinition'>)
04:12:41.210 | WARNING | pint.util - Redefining 'C' (<class 'pint.delegates.txt_defparser.plain.UnitDefinition'>)
04:12:41.210 | WARNING | pint.util - Redefining 'd' (<class 'pint.delegates.txt_defparser.plain.UnitDefinition'>)
04:12:41.211 | WARNING | pint.util - Redefining 'h' (<class 'pint.delegates.txt_defparser.plain.UnitDefinition'>)
04:12:41.211 | WARNING | pint.util - Redefining 'degrees_north' (<class 'pint.delegates.txt_defparser.plain.UnitDefinition'>)
04:12:41.212 | WARNING | pint.util - Redefining 'degrees_east' (<class 'pint.delegates.txt_defparser.plain.UnitDefinition'>)
04:12:41.212 | WARNING | pint.util - Redefining 'degrees' (<class 'pint.delegates.txt_defparser.plain.UnitDefinition'>)
[03/13/26 04:12:41] WARNING  Import(s) unavailable to set up matplotlib support...skipping this portion of the setup.                                                                                                                    logging.py:10
04:12:41.213 | WARNING | pint.util - Redefining '[speed]' (<class 'pint.delegates.txt_defparser.plain.DerivedDimensionDefinition'>)
[03/13/26 04:12:41] WARNING  Import(s) unavailable to set up matplotlib support...skipping this portion of the setup.                                                                                                                    logging.py:10
2026-03-13 04:12:41,627 - distributed.nanny - WARNING - Worker process still alive after 4.0 seconds, killing
2026-03-13 04:12:41,627 - distributed.nanny - WARNING - Worker process still alive after 4.0 seconds, killing
2026-03-13 04:12:41,628 - distributed.nanny - WARNING - Worker process still alive after 4.0 seconds, killing
2026-03-13 04:12:41,636 - distributed.nanny - WARNING - Worker process still alive after 4.0 seconds, killing
